Archive member included to satisfy reference by file (symbol)

/usr/lib/gcc/arm-none-eabi/9.2.1/../../../arm-none-eabi/lib/thumb/v7e-m+fp/hard/libc_nano.a(lib_a-atexit.o)
                              /usr/lib/gcc/arm-none-eabi/9.2.1/../../../arm-none-eabi/lib/thumb/v7e-m+fp/hard/crt0.o (atexit)
/usr/lib/gcc/arm-none-eabi/9.2.1/../../../arm-none-eabi/lib/thumb/v7e-m+fp/hard/libc_nano.a(lib_a-exit.o)
                              /usr/lib/gcc/arm-none-eabi/9.2.1/../../../arm-none-eabi/lib/thumb/v7e-m+fp/hard/crt0.o (exit)
/usr/lib/gcc/arm-none-eabi/9.2.1/../../../arm-none-eabi/lib/thumb/v7e-m+fp/hard/libc_nano.a(lib_a-fini.o)
                              /usr/lib/gcc/arm-none-eabi/9.2.1/../../../arm-none-eabi/lib/thumb/v7e-m+fp/hard/crt0.o (__libc_fini_array)
/usr/lib/gcc/arm-none-eabi/9.2.1/../../../arm-none-eabi/lib/thumb/v7e-m+fp/hard/libc_nano.a(lib_a-impure.o)
                              /usr/lib/gcc/arm-none-eabi/9.2.1/../../../arm-none-eabi/lib/thumb/v7e-m+fp/hard/libc_nano.a(lib_a-exit.o) (_global_impure_ptr)
/usr/lib/gcc/arm-none-eabi/9.2.1/../../../arm-none-eabi/lib/thumb/v7e-m+fp/hard/libc_nano.a(lib_a-init.o)
                              /usr/lib/gcc/arm-none-eabi/9.2.1/../../../arm-none-eabi/lib/thumb/v7e-m+fp/hard/crt0.o (__libc_init_array)
/usr/lib/gcc/arm-none-eabi/9.2.1/../../../arm-none-eabi/lib/thumb/v7e-m+fp/hard/libc_nano.a(lib_a-malloc.o)
                              build/usbh_cdc.o (malloc)
/usr/lib/gcc/arm-none-eabi/9.2.1/../../../arm-none-eabi/lib/thumb/v7e-m+fp/hard/libc_nano.a(lib_a-memset.o)
                              /usr/lib/gcc/arm-none-eabi/9.2.1/../../../arm-none-eabi/lib/thumb/v7e-m+fp/hard/crt0.o (memset)
/usr/lib/gcc/arm-none-eabi/9.2.1/../../../arm-none-eabi/lib/thumb/v7e-m+fp/hard/libc_nano.a(lib_a-nano-freer.o)
                              /usr/lib/gcc/arm-none-eabi/9.2.1/../../../arm-none-eabi/lib/thumb/v7e-m+fp/hard/libc_nano.a(lib_a-malloc.o) (_free_r)
/usr/lib/gcc/arm-none-eabi/9.2.1/../../../arm-none-eabi/lib/thumb/v7e-m+fp/hard/libc_nano.a(lib_a-nano-mallocr.o)
                              /usr/lib/gcc/arm-none-eabi/9.2.1/../../../arm-none-eabi/lib/thumb/v7e-m+fp/hard/libc_nano.a(lib_a-malloc.o) (_malloc_r)
/usr/lib/gcc/arm-none-eabi/9.2.1/../../../arm-none-eabi/lib/thumb/v7e-m+fp/hard/libc_nano.a(lib_a-sbrkr.o)
                              /usr/lib/gcc/arm-none-eabi/9.2.1/../../../arm-none-eabi/lib/thumb/v7e-m+fp/hard/libc_nano.a(lib_a-nano-mallocr.o) (_sbrk_r)
/usr/lib/gcc/arm-none-eabi/9.2.1/../../../arm-none-eabi/lib/thumb/v7e-m+fp/hard/libc_nano.a(lib_a-sprintf.o)
                              build/sensors.o (sprintf)
/usr/lib/gcc/arm-none-eabi/9.2.1/../../../arm-none-eabi/lib/thumb/v7e-m+fp/hard/libc_nano.a(lib_a-strlen.o)
                              build/sensors.o (strlen)
/usr/lib/gcc/arm-none-eabi/9.2.1/../../../arm-none-eabi/lib/thumb/v7e-m+fp/hard/libc_nano.a(lib_a-__atexit.o)
                              /usr/lib/gcc/arm-none-eabi/9.2.1/../../../arm-none-eabi/lib/thumb/v7e-m+fp/hard/libc_nano.a(lib_a-atexit.o) (__register_exitproc)
/usr/lib/gcc/arm-none-eabi/9.2.1/../../../arm-none-eabi/lib/thumb/v7e-m+fp/hard/libc_nano.a(lib_a-__call_atexit.o)
                              /usr/lib/gcc/arm-none-eabi/9.2.1/../../../arm-none-eabi/lib/thumb/v7e-m+fp/hard/libc_nano.a(lib_a-__atexit.o) (__call_exitprocs)
/usr/lib/gcc/arm-none-eabi/9.2.1/../../../arm-none-eabi/lib/thumb/v7e-m+fp/hard/libc_nano.a(lib_a-mlock.o)
                              /usr/lib/gcc/arm-none-eabi/9.2.1/../../../arm-none-eabi/lib/thumb/v7e-m+fp/hard/libc_nano.a(lib_a-nano-freer.o) (__malloc_lock)
/usr/lib/gcc/arm-none-eabi/9.2.1/../../../arm-none-eabi/lib/thumb/v7e-m+fp/hard/libc_nano.a(lib_a-nano-svfprintf.o)
                              /usr/lib/gcc/arm-none-eabi/9.2.1/../../../arm-none-eabi/lib/thumb/v7e-m+fp/hard/libc_nano.a(lib_a-sprintf.o) (_svfprintf_r)
/usr/lib/gcc/arm-none-eabi/9.2.1/../../../arm-none-eabi/lib/thumb/v7e-m+fp/hard/libc_nano.a(lib_a-nano-vfprintf_i.o)
                              /usr/lib/gcc/arm-none-eabi/9.2.1/../../../arm-none-eabi/lib/thumb/v7e-m+fp/hard/libc_nano.a(lib_a-nano-svfprintf.o) (_printf_i)
/usr/lib/gcc/arm-none-eabi/9.2.1/../../../arm-none-eabi/lib/thumb/v7e-m+fp/hard/libc_nano.a(lib_a-reent.o)
                              /usr/lib/gcc/arm-none-eabi/9.2.1/../../../arm-none-eabi/lib/thumb/v7e-m+fp/hard/libc_nano.a(lib_a-sbrkr.o) (errno)
/usr/lib/gcc/arm-none-eabi/9.2.1/../../../arm-none-eabi/lib/thumb/v7e-m+fp/hard/libc_nano.a(lib_a-memchr.o)
                              /usr/lib/gcc/arm-none-eabi/9.2.1/../../../arm-none-eabi/lib/thumb/v7e-m+fp/hard/libc_nano.a(lib_a-nano-svfprintf.o) (memchr)
/usr/lib/gcc/arm-none-eabi/9.2.1/../../../arm-none-eabi/lib/thumb/v7e-m+fp/hard/libc_nano.a(lib_a-memcpy.o)
                              /usr/lib/gcc/arm-none-eabi/9.2.1/../../../arm-none-eabi/lib/thumb/v7e-m+fp/hard/libc_nano.a(lib_a-nano-svfprintf.o) (memcpy)
[...]
Memory Configuration

Name             Origin             Length             Attributes
RAM              0x0000000020000000 0x0000000000020000 xrw
CCMRAM           0x0000000010000000 0x0000000000010000 xrw
FLASH            0x0000000008000000 0x0000000000100000 xr
*default*        0x0000000000000000 0xffffffffffffffff

Linker script and memory map

LOAD /usr/lib/gcc/arm-none-eabi/9.2.1/thumb/v7e-m+fp/hard/crti.o
LOAD /usr/lib/gcc/arm-none-eabi/9.2.1/thumb/v7e-m+fp/hard/crtbegin.o
LOAD /usr/lib/gcc/arm-none-eabi/9.2.1/../../../arm-none-eabi/lib/thumb/v7e-m+fp/hard/crt0.o
LOAD build/main.o
LOAD build/usb_host.o
LOAD build/usbh_conf.o
LOAD build/usbh_platform.o
LOAD build/stm32f4xx_it.o
LOAD build/stm32f4xx_hal_msp.o
LOAD build/stm32f4xx_hal_hcd.o
LOAD build/stm32f4xx_ll_usb.o
LOAD build/stm32f4xx_hal_rcc.o
LOAD build/stm32f4xx_hal_rcc_ex.o
LOAD build/stm32f4xx_hal_flash.o
LOAD build/stm32f4xx_hal_flash_ex.o
LOAD build/stm32f4xx_hal_flash_ramfunc.o
LOAD build/stm32f4xx_hal_gpio.o
LOAD build/stm32f4xx_hal_dma_ex.o
LOAD build/stm32f4xx_hal_dma.o
LOAD build/stm32f4xx_hal_pwr.o
LOAD build/stm32f4xx_hal_pwr_ex.o
LOAD build/stm32f4xx_hal_cortex.o
LOAD build/stm32f4xx_hal.o
LOAD build/stm32f4xx_hal_exti.o
LOAD build/stm32f4xx_hal_i2c.o
LOAD build/stm32f4xx_hal_i2c_ex.o
LOAD build/stm32f4xx_hal_i2s.o
LOAD build/stm32f4xx_hal_i2s_ex.o
LOAD build/stm32f4xx_hal_spi.o
LOAD build/stm32f4xx_hal_tim.o
LOAD build/stm32f4xx_hal_tim_ex.o
LOAD build/system_stm32f4xx.o
LOAD build/usbh_core.o
LOAD build/usbh_ctlreq.o
LOAD build/usbh_ioreq.o
LOAD build/usbh_pipes.o
LOAD build/usbh_cdc.o
LOAD build/stm32f4xx_hal_uart.o
LOAD build/sensors.o
LOAD build/move.o
LOAD build/startup_stm32f407xx.o
LOAD /usr/lib/gcc/arm-none-eabi/9.2.1/../../../arm-none-eabi/lib/thumb/v7e-m+fp/hard/libc_nano.a
LOAD /usr/lib/gcc/arm-none-eabi/9.2.1/../../../arm-none-eabi/lib/thumb/v7e-m+fp/hard/libm.a
LOAD /usr/lib/gcc/arm-none-eabi/9.2.1/../../../arm-none-eabi/lib/thumb/v7e-m+fp/hard/libnosys.a
START GROUP
LOAD /usr/lib/gcc/arm-none-eabi/9.2.1/thumb/v7e-m+fp/hard/libgcc.a
LOAD /usr/lib/gcc/arm-none-eabi/9.2.1/../../../arm-none-eabi/lib/thumb/v7e-m+fp/hard/libc_nano.a
END GROUP
START GROUP
LOAD /usr/lib/gcc/arm-none-eabi/9.2.1/thumb/v7e-m+fp/hard/libgcc.a
LOAD /usr/lib/gcc/arm-none-eabi/9.2.1/../../../arm-none-eabi/lib/thumb/v7e-m+fp/hard/libc_nano.a
END GROUP
LOAD /usr/lib/gcc/arm-none-eabi/9.2.1/thumb/v7e-m+fp/hard/crtend.o
LOAD /usr/lib/gcc/arm-none-eabi/9.2.1/thumb/v7e-m+fp/hard/crtn.o
                0x0000000020020000                _estack = 0x20020000
                0x0000000000000200                _Min_Heap_Size = 0x200
                0x0000000000000400                _Min_Stack_Size = 0x400

.isr_vector     0x0000000008000000      0x188
                0x0000000008000000                . = ALIGN (0x4)
 *(.isr_vector)
 .isr_vector    0x0000000008000000      0x188 build/startup_stm32f407xx.o
                0x0000000008000000                g_pfnVectors
                0x0000000008000188                . = ALIGN (0x4)

.text           0x0000000008000188     0x5534
                0x0000000008000188                . = ALIGN (0x4)
 *(.text)
 .text          0x0000000008000188       0x88 /usr/lib/gcc/arm-none-eabi/9.2.1/thumb/v7e-m+fp/hard/crtbegin.o
 .text          0x0000000008000210       0x48 /usr/lib/gcc/arm-none-eabi/9.2.1/../../../arm-none-eabi/lib/thumb/v7e-m+fp/hard/libc_nano.a(lib_a-init.o)
                0x0000000008000210                __libc_init_array
 .text          0x0000000008000258       0x20 /usr/lib/gcc/arm-none-eabi/9.2.1/../../../arm-none-eabi/lib/thumb/v7e-m+fp/hard/libc_nano.a(lib_a-malloc.o)
                0x0000000008000258                malloc
                0x0000000008000268                free
 .text          0x0000000008000278       0xa0 /usr/lib/gcc/arm-none-eabi/9.2.1/../../../arm-none-eabi/lib/thumb/v7e-m+fp/hard/libc_nano.a(lib_a-memset.o)
                0x0000000008000278                memset
 .text          0x0000000008000318       0xbc /usr/lib/gcc/arm-none-eabi/9.2.1/../../../arm-none-eabi/lib/thumb/v7e-m+fp/hard/libc_nano.a(lib_a-nano-freer.o)
                0x0000000008000318                _free_r
 .text          0x00000000080003d4       0xb4 /usr/lib/gcc/arm-none-eabi/9.2.1/../../../arm-none-eabi/lib/thumb/v7e-m+fp/hard/libc_nano.a(lib_a-nano-mallocr.o)
                0x00000000080003d4                _malloc_r
 .text          0x0000000008000488       0x24 /usr/lib/gcc/arm-none-eabi/9.2.1/../../../arm-none-eabi/lib/thumb/v7e-m+fp/hard/libc_nano.a(lib_a-sbrkr.o)
                0x0000000008000488                _sbrk_r
 .text          0x00000000080004ac        0x8 /usr/lib/gcc/arm-none-eabi/9.2.1/../../../arm-none-eabi/lib/thumb/v7e-m+fp/hard/libc_nano.a(lib_a-mlock.o)
                0x00000000080004ac                __malloc_lock
                0x00000000080004b0                __malloc_unlock
 .text          0x00000000080004b4       0x1c /usr/lib/gcc/arm-none-eabi/9.2.1/../../../arm-none-eabi/lib/thumb/v7e-m+fp/hard/libnosys.a(sbrk.o)
                0x00000000080004b4                _sbrk
 .text          0x00000000080004d0       0x30 /usr/lib/gcc/arm-none-eabi/9.2.1/thumb/v7e-m+fp/hard/libgcc.a(_aeabi_uldivmod.o)
                0x00000000080004d0                __aeabi_uldivmod
 .text          0x0000000008000500      0x2c4 /usr/lib/gcc/arm-none-eabi/9.2.1/thumb/v7e-m+fp/hard/libgcc.a(_udivmoddi4.o)
                0x0000000008000500                __udivmoddi4
 .text          0x00000000080007c4        0x4 /usr/lib/gcc/arm-none-eabi/9.2.1/thumb/v7e-m+fp/hard/libgcc.a(_dvmd_tls.o)
                0x00000000080007c4                __aeabi_ldiv0
                0x00000000080007c4                __aeabi_idiv0
 *(.text*)
 .text.MX_GPIO_Init
                0x00000000080007c8      0x1b4 build/main.o
 .text.HAL_TIM_IC_CaptureCallback
                0x000000000800097c       0x70 build/main.o
                0x000000000800097c                HAL_TIM_IC_CaptureCallback
 .text.Error_Handler
                0x00000000080009ec        0x4 build/main.o
                0x00000000080009ec                Error_Handler
 .text.MX_I2C1_Init
                0x00000000080009f0       0x38 build/main.o
 .text.MX_I2S3_Init
                0x0000000008000a28       0x38 build/main.o
 .text.MX_SPI1_Init
                0x0000000008000a60       0x40 build/main.o
 .text.MX_TIM1_Init
                0x0000000008000aa0      0x108 build/main.o
 .text.MX_TIM3_Init
                0x0000000008000ba8       0xa8 build/main.o
 .text.MX_TIM8_Init
                0x0000000008000c50       0x90 build/main.o
 .text.MX_USART2_UART_Init
                0x0000000008000ce0       0x34 build/main.o
 .text.SystemClock_Config
                0x0000000008000d14       0xac build/main.o
                0x0000000008000d14                SystemClock_Config
 .text.main     0x0000000008000dc0      0x128 build/main.o
                0x0000000008000dc0                main
 .text.USBH_UserProcess
                0x0000000008000ee8       0x2c build/usb_host.o
 .text.MX_USB_HOST_Init
                0x0000000008000f14       0x40 build/usb_host.o
                0x0000000008000f14                MX_USB_HOST_Init
 .text.HAL_HCD_MspInit
                0x0000000008000f54       0x98 build/usbh_conf.o
                0x0000000008000f54                HAL_HCD_MspInit
 .text.HAL_HCD_SOF_Callback
                0x0000000008000fec        0xc build/usbh_conf.o
                0x0000000008000fec                HAL_HCD_SOF_Callback
 .text.HAL_HCD_Connect_Callback
                0x0000000008000ff8        0xc build/usbh_conf.o
                0x0000000008000ff8                HAL_HCD_Connect_Callback
 .text.HAL_HCD_Disconnect_Callback
                0x0000000008001004        0xc build/usbh_conf.o
                0x0000000008001004                HAL_HCD_Disconnect_Callback
 .text.HAL_HCD_HC_NotifyURBChange_Callback
                0x0000000008001010        0x2 build/usbh_conf.o
                0x0000000008001010                HAL_HCD_HC_NotifyURBChange_Callback
 .text.HAL_HCD_PortEnabled_Callback
                0x0000000008001012        0xc build/usbh_conf.o
                0x0000000008001012                HAL_HCD_PortEnabled_Callback
 .text.HAL_HCD_PortDisabled_Callback
                0x000000000800101e        0xc build/usbh_conf.o
                0x000000000800101e                HAL_HCD_PortDisabled_Callback
 *fill*         0x000000000800102a        0x2 
 .text.USBH_LL_Init
                0x000000000800102c       0x54 build/usbh_conf.o
                0x000000000800102c                USBH_LL_Init
 .text.USBH_LL_GetLastXferSize
                0x0000000008001080        0xc build/usbh_conf.o
                0x0000000008001080                USBH_LL_GetLastXferSize
 .text.USBH_LL_GetURBState
                0x000000000800108c        0xc build/usbh_conf.o
                0x000000000800108c                USBH_LL_GetURBState
 .text.USBH_LL_DriverVBUS
                0x0000000008001098       0x1c build/usbh_conf.o
                0x0000000008001098                USBH_LL_DriverVBUS
 .text.USBH_LL_SetToggle
                0x00000000080010b4       0x2a build/usbh_conf.o
                0x00000000080010b4                USBH_LL_SetToggle
 .text.USBH_Get_USB_Status
                0x00000000080010de       0x14 build/usbh_conf.o
                0x00000000080010de                USBH_Get_USB_Status
 .text.USBH_LL_Start
                0x00000000080010f2       0x10 build/usbh_conf.o
                0x00000000080010f2                USBH_LL_Start
 .text.USBH_LL_Stop
                0x0000000008001102       0x10 build/usbh_conf.o
                0x0000000008001102                USBH_LL_Stop
 .text.USBH_LL_OpenPipe
                0x0000000008001112       0x26 build/usbh_conf.o
                0x0000000008001112                USBH_LL_OpenPipe
 .text.USBH_LL_ClosePipe
                0x0000000008001138       0x10 build/usbh_conf.o
                0x0000000008001138                USBH_LL_ClosePipe
 .text.USBH_LL_SubmitURB
                0x0000000008001148       0x2a build/usbh_conf.o
                0x0000000008001148                USBH_LL_SubmitURB
 *fill*         0x0000000008001172        0x2 
 .text.MX_DriverVbusFS
                0x0000000008001174       0x18 build/usbh_platform.o
                0x0000000008001174                MX_DriverVbusFS
 .text.NMI_Handler
                0x000000000800118c        0x2 build/stm32f4xx_it.o
                0x000000000800118c                NMI_Handler
 .text.HardFault_Handler
                0x000000000800118e        0x2 build/stm32f4xx_it.o
                0x000000000800118e                HardFault_Handler
 .text.MemManage_Handler
                0x0000000008001190        0x2 build/stm32f4xx_it.o
                0x0000000008001190                MemManage_Handler
 .text.BusFault_Handler
                0x0000000008001192        0x2 build/stm32f4xx_it.o
                0x0000000008001192                BusFault_Handler
 .text.UsageFault_Handler
                0x0000000008001194        0x2 build/stm32f4xx_it.o
                0x0000000008001194                UsageFault_Handler
 .text.SVC_Handler
                0x0000000008001196        0x2 build/stm32f4xx_it.o
                0x0000000008001196                SVC_Handler
 .text.DebugMon_Handler
                0x0000000008001198        0x2 build/stm32f4xx_it.o
                0x0000000008001198                DebugMon_Handler
 .text.PendSV_Handler
                0x000000000800119a        0x2 build/stm32f4xx_it.o
                0x000000000800119a                PendSV_Handler
 .text.SysTick_Handler
                0x000000000800119c        0x8 build/stm32f4xx_it.o
                0x000000000800119c                SysTick_Handler
 .text.TIM1_UP_TIM10_IRQHandler
                0x00000000080011a4       0x10 build/stm32f4xx_it.o
                0x00000000080011a4                TIM1_UP_TIM10_IRQHandler
 .text.TIM1_CC_IRQHandler
                0x00000000080011b4       0x10 build/stm32f4xx_it.o
                0x00000000080011b4                TIM1_CC_IRQHandler
 .text.TIM8_UP_TIM13_IRQHandler
                0x00000000080011c4       0x10 build/stm32f4xx_it.o
                0x00000000080011c4                TIM8_UP_TIM13_IRQHandler
 .text.TIM8_CC_IRQHandler
                0x00000000080011d4       0x10 build/stm32f4xx_it.o
                0x00000000080011d4                TIM8_CC_IRQHandler
 .text.OTG_FS_IRQHandler
                0x00000000080011e4       0x10 build/stm32f4xx_it.o
                0x00000000080011e4                OTG_FS_IRQHandler
 .text.HAL_MspInit
                0x00000000080011f4       0x40 build/stm32f4xx_hal_msp.o
                0x00000000080011f4                HAL_MspInit
 .text.HAL_I2C_MspInit
                0x0000000008001234       0x74 build/stm32f4xx_hal_msp.o
                0x0000000008001234                HAL_I2C_MspInit
 .text.HAL_I2S_MspInit
                0x00000000080012a8       0xbc build/stm32f4xx_hal_msp.o
                0x00000000080012a8                HAL_I2S_MspInit
 .text.HAL_SPI_MspInit
                0x0000000008001364       0x70 build/stm32f4xx_hal_msp.o
                0x0000000008001364                HAL_SPI_MspInit
 .text.HAL_TIM_PWM_MspInit
                0x00000000080013d4       0xb4 build/stm32f4xx_hal_msp.o
                0x00000000080013d4                HAL_TIM_PWM_MspInit
 .text.HAL_TIM_IC_MspInit
                0x0000000008001488       0x90 build/stm32f4xx_hal_msp.o
                0x0000000008001488                HAL_TIM_IC_MspInit
 .text.HAL_TIM_MspPostInit
                0x0000000008001518       0x9c build/stm32f4xx_hal_msp.o
                0x0000000008001518                HAL_TIM_MspPostInit
 .text.HAL_UART_MspInit
                0x00000000080015b4       0x70 build/stm32f4xx_hal_msp.o
                0x00000000080015b4                HAL_UART_MspInit
 .text.HCD_RXQLVL_IRQHandler
                0x0000000008001624       0x9e build/stm32f4xx_hal_hcd.o
 .text.HAL_HCD_HC_Init
                0x00000000080016c2       0x8e build/stm32f4xx_hal_hcd.o
                0x00000000080016c2                HAL_HCD_HC_Init
 .text.HAL_HCD_HC_Halt
                0x0000000008001750       0x24 build/stm32f4xx_hal_hcd.o
                0x0000000008001750                HAL_HCD_HC_Halt
 .text.HAL_HCD_Init
                0x0000000008001774       0x94 build/stm32f4xx_hal_hcd.o
                0x0000000008001774                HAL_HCD_Init
 .text.HAL_HCD_HC_SubmitRequest
                0x0000000008001808      0x160 build/stm32f4xx_hal_hcd.o
                0x0000000008001808                HAL_HCD_HC_SubmitRequest
 .text.HCD_Port_IRQHandler
                0x0000000008001968       0xb0 build/stm32f4xx_hal_hcd.o
 .text.HCD_HC_IN_IRQHandler
                0x0000000008001a18      0x324 build/stm32f4xx_hal_hcd.o
 .text.HCD_HC_OUT_IRQHandler
                0x0000000008001d3c      0x30a build/stm32f4xx_hal_hcd.o
 .text.HAL_HCD_IRQHandler
                0x0000000008002046      0x156 build/stm32f4xx_hal_hcd.o
                0x0000000008002046                HAL_HCD_IRQHandler
 .text.HAL_HCD_Start
                0x000000000800219c       0x2a build/stm32f4xx_hal_hcd.o
                0x000000000800219c                HAL_HCD_Start
 .text.HAL_HCD_Stop
                0x00000000080021c6       0x24 build/stm32f4xx_hal_hcd.o
                0x00000000080021c6                HAL_HCD_Stop
 .text.HAL_HCD_HC_GetURBState
                0x00000000080021ea        0xc build/stm32f4xx_hal_hcd.o
                0x00000000080021ea                HAL_HCD_HC_GetURBState
 .text.HAL_HCD_HC_GetXferCount
                0x00000000080021f6        0xa build/stm32f4xx_hal_hcd.o
                0x00000000080021f6                HAL_HCD_HC_GetXferCount
 .text.HAL_HCD_GetCurrentFrame
                0x0000000008002200        0xa build/stm32f4xx_hal_hcd.o
                0x0000000008002200                HAL_HCD_GetCurrentFrame
 *fill*         0x000000000800220a        0x2 
 .text.USB_CoreReset
                0x000000000800220c       0x4c build/stm32f4xx_ll_usb.o
 .text.USB_CoreInit
                0x0000000008002258       0x8a build/stm32f4xx_ll_usb.o
                0x0000000008002258                USB_CoreInit
 .text.USB_EnableGlobalInt
                0x00000000080022e2        0xc build/stm32f4xx_ll_usb.o
                0x00000000080022e2                USB_EnableGlobalInt
 .text.USB_DisableGlobalInt
                0x00000000080022ee        0xc build/stm32f4xx_ll_usb.o
                0x00000000080022ee                USB_DisableGlobalInt
 *fill*         0x00000000080022fa        0x2 
 .text.USB_FlushTxFifo
                0x00000000080022fc       0x30 build/stm32f4xx_ll_usb.o
                0x00000000080022fc                USB_FlushTxFifo
 .text.USB_FlushRxFifo
                0x000000000800232c       0x2c build/stm32f4xx_ll_usb.o
                0x000000000800232c                USB_FlushRxFifo
 .text.USB_WritePacket
                0x0000000008002358       0x28 build/stm32f4xx_ll_usb.o
                0x0000000008002358                USB_WritePacket
 .text.USB_ReadPacket
                0x0000000008002380       0x4c build/stm32f4xx_ll_usb.o
                0x0000000008002380                USB_ReadPacket
 .text.USB_ReadInterrupts
                0x00000000080023cc        0x8 build/stm32f4xx_ll_usb.o
                0x00000000080023cc                USB_ReadInterrupts
 .text.USB_GetMode
                0x00000000080023d4        0x8 build/stm32f4xx_ll_usb.o
                0x00000000080023d4                USB_GetMode
 .text.USB_SetCurrentMode
                0x00000000080023dc       0x62 build/stm32f4xx_ll_usb.o
                0x00000000080023dc                USB_SetCurrentMode
 *fill*         0x000000000800243e        0x2 
 .text.USB_HostInit
                0x0000000008002440       0xf0 build/stm32f4xx_ll_usb.o
                0x0000000008002440                USB_HostInit
 .text.USB_InitFSLSPClkSel
                0x0000000008002530       0x40 build/stm32f4xx_ll_usb.o
                0x0000000008002530                USB_InitFSLSPClkSel
 .text.USB_DriveVbus
                0x0000000008002570       0x46 build/stm32f4xx_ll_usb.o
                0x0000000008002570                USB_DriveVbus
 .text.USB_GetHostSpeed
                0x00000000080025b6       0x16 build/stm32f4xx_ll_usb.o
                0x00000000080025b6                USB_GetHostSpeed
 .text.USB_GetCurrentFrame
                0x00000000080025cc        0xa build/stm32f4xx_ll_usb.o
                0x00000000080025cc                USB_GetCurrentFrame
 .text.USB_HC_Init
                0x00000000080025d6      0x11e build/stm32f4xx_ll_usb.o
                0x00000000080025d6                USB_HC_Init
 .text.USB_HC_ReadInterrupt
                0x00000000080026f4        0xa build/stm32f4xx_ll_usb.o
                0x00000000080026f4                USB_HC_ReadInterrupt
 .text.USB_HC_Halt
                0x00000000080026fe       0xe4 build/stm32f4xx_ll_usb.o
                0x00000000080026fe                USB_HC_Halt
 *fill*         0x00000000080027e2        0x2 
 .text.USB_DoPing
                0x00000000080027e4       0x24 build/stm32f4xx_ll_usb.o
                0x00000000080027e4                USB_DoPing
 .text.USB_HC_StartXfer
                0x0000000008002808      0x154 build/stm32f4xx_ll_usb.o
                0x0000000008002808                USB_HC_StartXfer
 .text.USB_StopHost
                0x000000000800295c       0x7e build/stm32f4xx_ll_usb.o
                0x000000000800295c                USB_StopHost
 *fill*         0x00000000080029da        0x2 
 .text.HAL_RCC_OscConfig
                0x00000000080029dc      0x3f8 build/stm32f4xx_hal_rcc.o
                0x00000000080029dc                HAL_RCC_OscConfig
 .text.HAL_RCC_GetSysClockFreq
                0x0000000008002dd4       0xcc build/stm32f4xx_hal_rcc.o
                0x0000000008002dd4                HAL_RCC_GetSysClockFreq
 .text.HAL_RCC_ClockConfig
                0x0000000008002ea0      0x160 build/stm32f4xx_hal_rcc.o
                0x0000000008002ea0                HAL_RCC_ClockConfig
 .text.HAL_RCC_GetHCLKFreq
                0x0000000008003000        0xc build/stm32f4xx_hal_rcc.o
                0x0000000008003000                HAL_RCC_GetHCLKFreq
 .text.HAL_RCC_GetPCLK1Freq
                0x000000000800300c       0x20 build/stm32f4xx_hal_rcc.o
                0x000000000800300c                HAL_RCC_GetPCLK1Freq
 .text.HAL_RCC_GetPCLK2Freq
                0x000000000800302c       0x20 build/stm32f4xx_hal_rcc.o
                0x000000000800302c                HAL_RCC_GetPCLK2Freq
 .text.HAL_RCCEx_PeriphCLKConfig
                0x000000000800304c      0x154 build/stm32f4xx_hal_rcc_ex.o
                0x000000000800304c                HAL_RCCEx_PeriphCLKConfig
 .text.HAL_RCCEx_GetPeriphCLKFreq
                0x00000000080031a0       0x74 build/stm32f4xx_hal_rcc_ex.o
                0x00000000080031a0                HAL_RCCEx_GetPeriphCLKFreq
 .text.HAL_GPIO_Init
                0x0000000008003214      0x1d4 build/stm32f4xx_hal_gpio.o
                0x0000000008003214                HAL_GPIO_Init
 .text.HAL_GPIO_WritePin
                0x00000000080033e8        0xc build/stm32f4xx_hal_gpio.o
                0x00000000080033e8                HAL_GPIO_WritePin
 .text.HAL_NVIC_SetPriorityGrouping
                0x00000000080033f4       0x24 build/stm32f4xx_hal_cortex.o
                0x00000000080033f4                HAL_NVIC_SetPriorityGrouping
 .text.HAL_NVIC_SetPriority
                0x0000000008003418       0x68 build/stm32f4xx_hal_cortex.o
                0x0000000008003418                HAL_NVIC_SetPriority
 .text.HAL_NVIC_EnableIRQ
                0x0000000008003480       0x1c build/stm32f4xx_hal_cortex.o
                0x0000000008003480                HAL_NVIC_EnableIRQ
 .text.HAL_SYSTICK_Config
                0x000000000800349c       0x2c build/stm32f4xx_hal_cortex.o
                0x000000000800349c                HAL_SYSTICK_Config
 .text.HAL_InitTick
                0x00000000080034c8       0x4c build/stm32f4xx_hal.o
                0x00000000080034c8                HAL_InitTick
 .text.HAL_Init
                0x0000000008003514       0x34 build/stm32f4xx_hal.o
                0x0000000008003514                HAL_Init
 .text.HAL_IncTick
                0x0000000008003548       0x18 build/stm32f4xx_hal.o
                0x0000000008003548                HAL_IncTick
 .text.HAL_GetTick
                0x0000000008003560        0xc build/stm32f4xx_hal.o
                0x0000000008003560                HAL_GetTick
 .text.HAL_Delay
                0x000000000800356c       0x28 build/stm32f4xx_hal.o
                0x000000000800356c                HAL_Delay
 .text.HAL_I2C_Init
                0x0000000008003594      0x1bc build/stm32f4xx_hal_i2c.o
                0x0000000008003594                HAL_I2C_Init
 .text.HAL_I2S_Init
                0x0000000008003750      0x198 build/stm32f4xx_hal_i2s.o
                0x0000000008003750                HAL_I2S_Init
 .text.HAL_I2S_TxCpltCallback
                0x00000000080038e8        0x2 build/stm32f4xx_hal_i2s.o
                0x00000000080038e8                HAL_I2S_TxCpltCallback
 .text.I2S_Transmit_IT
                0x00000000080038ea       0x38 build/stm32f4xx_hal_i2s.o
 .text.HAL_I2S_RxCpltCallback
                0x0000000008003922        0x2 build/stm32f4xx_hal_i2s.o
                0x0000000008003922                HAL_I2S_RxCpltCallback
 .text.I2S_Receive_IT
                0x0000000008003924       0x38 build/stm32f4xx_hal_i2s.o
 .text.HAL_I2S_ErrorCallback
                0x000000000800395c        0x2 build/stm32f4xx_hal_i2s.o
                0x000000000800395c                HAL_I2S_ErrorCallback
 .text.I2S_IRQHandler
                0x000000000800395e       0xd0 build/stm32f4xx_hal_i2s.o
 .text.HAL_I2SEx_TxRxCpltCallback
                0x0000000008003a2e        0x2 build/stm32f4xx_hal_i2s_ex.o
                0x0000000008003a2e                HAL_I2SEx_TxRxCpltCallback
 .text.I2SEx_TxISR_I2S
                0x0000000008003a30       0x3c build/stm32f4xx_hal_i2s_ex.o
 .text.I2SEx_RxISR_I2SExt
                0x0000000008003a6c       0x64 build/stm32f4xx_hal_i2s_ex.o
 .text.I2SEx_TxISR_I2SExt
                0x0000000008003ad0       0x64 build/stm32f4xx_hal_i2s_ex.o
 .text.I2SEx_RxISR_I2S
                0x0000000008003b34       0x3c build/stm32f4xx_hal_i2s_ex.o
 .text.HAL_I2SEx_FullDuplex_IRQHandler
                0x0000000008003b70      0x1d8 build/stm32f4xx_hal_i2s_ex.o
                0x0000000008003b70                HAL_I2SEx_FullDuplex_IRQHandler
 .text.HAL_SPI_Init
                0x0000000008003d48       0xbe build/stm32f4xx_hal_spi.o
                0x0000000008003d48                HAL_SPI_Init
 *fill*         0x0000000008003e06        0x2 
 .text.TIM_OC1_SetConfig
                0x0000000008003e08       0x68 build/stm32f4xx_hal_tim.o
 .text.TIM_OC3_SetConfig
                0x0000000008003e70       0x70 build/stm32f4xx_hal_tim.o
 .text.TIM_OC4_SetConfig
                0x0000000008003ee0       0x50 build/stm32f4xx_hal_tim.o
 .text.TIM_TI2_SetConfig
                0x0000000008003f30       0x34 build/stm32f4xx_hal_tim.o
 .text.TIM_TI3_SetConfig
                0x0000000008003f64       0x32 build/stm32f4xx_hal_tim.o
 .text.TIM_TI4_SetConfig
                0x0000000008003f96       0x34 build/stm32f4xx_hal_tim.o
 *fill*         0x0000000008003fca        0x2 
 .text.HAL_TIM_Base_Start
                0x0000000008003fcc       0x7c build/stm32f4xx_hal_tim.o
                0x0000000008003fcc                HAL_TIM_Base_Start
 .text.HAL_TIM_PeriodElapsedCallback
                0x0000000008004048        0x2 build/stm32f4xx_hal_tim.o
                0x0000000008004048                HAL_TIM_PeriodElapsedCallback
 .text.HAL_TIM_OC_DelayElapsedCallback
                0x000000000800404a        0x2 build/stm32f4xx_hal_tim.o
                0x000000000800404a                HAL_TIM_OC_DelayElapsedCallback
 .text.HAL_TIM_PWM_PulseFinishedCallback
                0x000000000800404c        0x2 build/stm32f4xx_hal_tim.o
                0x000000000800404c                HAL_TIM_PWM_PulseFinishedCallback
 .text.HAL_TIM_TriggerCallback
                0x000000000800404e        0x2 build/stm32f4xx_hal_tim.o
                0x000000000800404e                HAL_TIM_TriggerCallback
 .text.HAL_TIM_IRQHandler
                0x0000000008004050      0x17a build/stm32f4xx_hal_tim.o
                0x0000000008004050                HAL_TIM_IRQHandler
 *fill*         0x00000000080041ca        0x2 
 .text.TIM_Base_SetConfig
                0x00000000080041cc       0xc8 build/stm32f4xx_hal_tim.o
                0x00000000080041cc                TIM_Base_SetConfig
 .text.HAL_TIM_PWM_Init
                0x0000000008004294       0x58 build/stm32f4xx_hal_tim.o
                0x0000000008004294                HAL_TIM_PWM_Init
 .text.HAL_TIM_IC_Init
                0x00000000080042ec       0x58 build/stm32f4xx_hal_tim.o
                0x00000000080042ec                HAL_TIM_IC_Init
 .text.TIM_OC2_SetConfig
                0x0000000008004344       0x70 build/stm32f4xx_hal_tim.o
                0x0000000008004344                TIM_OC2_SetConfig
 .text.HAL_TIM_PWM_ConfigChannel
                0x00000000080043b4       0xdc build/stm32f4xx_hal_tim.o
                0x00000000080043b4                HAL_TIM_PWM_ConfigChannel
 .text.TIM_TI1_SetConfig
                0x0000000008004490       0x78 build/stm32f4xx_hal_tim.o
                0x0000000008004490                TIM_TI1_SetConfig
 .text.HAL_TIM_IC_ConfigChannel
                0x0000000008004508       0xc4 build/stm32f4xx_hal_tim.o
                0x0000000008004508                HAL_TIM_IC_ConfigChannel
 .text.TIM_CCxChannelCmd
                0x00000000080045cc       0x24 build/stm32f4xx_hal_tim.o
                0x00000000080045cc                TIM_CCxChannelCmd
 .text.HAL_TIM_OC_Start
                0x00000000080045f0      0x104 build/stm32f4xx_hal_tim.o
                0x00000000080045f0                HAL_TIM_OC_Start
 .text.HAL_TIM_IC_Start_IT
                0x00000000080046f4      0x174 build/stm32f4xx_hal_tim.o
                0x00000000080046f4                HAL_TIM_IC_Start_IT
 .text.HAL_TIMEx_MasterConfigSynchronization
                0x0000000008004868       0x88 build/stm32f4xx_hal_tim_ex.o
                0x0000000008004868                HAL_TIMEx_MasterConfigSynchronization
 .text.HAL_TIMEx_ConfigBreakDeadTime
                0x00000000080048f0       0x52 build/stm32f4xx_hal_tim_ex.o
                0x00000000080048f0                HAL_TIMEx_ConfigBreakDeadTime
 .text.HAL_TIMEx_CommutCallback
                0x0000000008004942        0x2 build/stm32f4xx_hal_tim_ex.o
                0x0000000008004942                HAL_TIMEx_CommutCallback
 .text.HAL_TIMEx_BreakCallback
                0x0000000008004944        0x2 build/stm32f4xx_hal_tim_ex.o
                0x0000000008004944                HAL_TIMEx_BreakCallback
 *fill*         0x0000000008004946        0x2 
 .text.SystemInit
                0x0000000008004948       0x14 build/system_stm32f4xx.o
                0x0000000008004948                SystemInit
 .text.DeInitStateMachine
                0x000000000800495c       0x5a build/usbh_core.o
 .text.USBH_HandleSof
                0x00000000080049b6       0x1a build/usbh_core.o
 .text.USBH_Init
                0x00000000080049d0       0x3e build/usbh_core.o
                0x00000000080049d0                USBH_Init
 .text.USBH_RegisterClass
                0x0000000008004a0e       0x22 build/usbh_core.o
                0x0000000008004a0e                USBH_RegisterClass
 .text.USBH_SelectInterface
                0x0000000008004a30       0x14 build/usbh_core.o
                0x0000000008004a30                USBH_SelectInterface
 .text.USBH_FindInterface
                0x0000000008004a44       0x50 build/usbh_core.o
                0x0000000008004a44                USBH_FindInterface
 .text.USBH_Start
                0x0000000008004a94       0x14 build/usbh_core.o
                0x0000000008004a94                USBH_Start
 .text.USBH_LL_SetTimer
                0x0000000008004aa8        0x6 build/usbh_core.o
                0x0000000008004aa8                USBH_LL_SetTimer
 .text.USBH_LL_IncTimer
                0x0000000008004aae       0x12 build/usbh_core.o
                0x0000000008004aae                USBH_LL_IncTimer
 .text.USBH_LL_PortEnabled
                0x0000000008004ac0        0x8 build/usbh_core.o
                0x0000000008004ac0                USBH_LL_PortEnabled
 .text.USBH_LL_PortDisabled
                0x0000000008004ac8        0x8 build/usbh_core.o
                0x0000000008004ac8                USBH_LL_PortDisabled
 .text.USBH_LL_Connect
                0x0000000008004ad0       0x14 build/usbh_core.o
                0x0000000008004ad0                USBH_LL_Connect
 .text.USBH_LL_Disconnect
                0x0000000008004ae4       0x2c build/usbh_core.o
                0x0000000008004ae4                USBH_LL_Disconnect
 .text.USBH_HandleControl
                0x0000000008004b10      0x1d8 build/usbh_ctlreq.o
 .text.USBH_CtlReq
                0x0000000008004ce8       0x40 build/usbh_ctlreq.o
                0x0000000008004ce8                USBH_CtlReq
 .text.USBH_ClrFeature
                0x0000000008004d28       0x24 build/usbh_ctlreq.o
                0x0000000008004d28                USBH_ClrFeature
 .text.USBH_CtlSendSetup
                0x0000000008004d4c       0x22 build/usbh_ioreq.o
                0x0000000008004d4c                USBH_CtlSendSetup
 .text.USBH_CtlSendData
                0x0000000008004d6e       0x2c build/usbh_ioreq.o
                0x0000000008004d6e                USBH_CtlSendData
 .text.USBH_CtlReceiveData
                0x0000000008004d9a       0x20 build/usbh_ioreq.o
                0x0000000008004d9a                USBH_CtlReceiveData
 .text.USBH_BulkSendData
                0x0000000008004dba       0x2c build/usbh_ioreq.o
                0x0000000008004dba                USBH_BulkSendData
 .text.USBH_BulkReceiveData
                0x0000000008004de6       0x20 build/usbh_ioreq.o
                0x0000000008004de6                USBH_BulkReceiveData
 .text.USBH_GetFreePipe
                0x0000000008004e06       0x26 build/usbh_pipes.o
 .text.USBH_OpenPipe
                0x0000000008004e2c       0x20 build/usbh_pipes.o
                0x0000000008004e2c                USBH_OpenPipe
 .text.USBH_ClosePipe
                0x0000000008004e4c        0xa build/usbh_pipes.o
                0x0000000008004e4c                USBH_ClosePipe
 .text.USBH_AllocPipe
                0x0000000008004e56       0x26 build/usbh_pipes.o
                0x0000000008004e56                USBH_AllocPipe
 .text.USBH_FreePipe
                0x0000000008004e7c       0x16 build/usbh_pipes.o
                0x0000000008004e7c                USBH_FreePipe
 .text.USBH_CDC_SOFProcess
                0x0000000008004e92        0x4 build/usbh_cdc.o
 .text.SetLineCoding
                0x0000000008004e96       0x1a build/usbh_cdc.o
 .text.GetLineCoding
                0x0000000008004eb0       0x1a build/usbh_cdc.o
 .text.USBH_CDC_ClassRequest
                0x0000000008004eca       0x22 build/usbh_cdc.o
 .text.USBH_CDC_InterfaceDeInit
                0x0000000008004eec       0x68 build/usbh_cdc.o
 .text.USBH_CDC_InterfaceInit
                0x0000000008004f54      0x186 build/usbh_cdc.o
 .text.USBH_CDC_TransmitCallback
                0x00000000080050da        0x2 build/usbh_cdc.o
                0x00000000080050da                USBH_CDC_TransmitCallback
 .text.CDC_ProcessTransmission
                0x00000000080050dc       0x94 build/usbh_cdc.o
 .text.USBH_CDC_ReceiveCallback
                0x0000000008005170        0x2 build/usbh_cdc.o
                0x0000000008005170                USBH_CDC_ReceiveCallback
 .text.CDC_ProcessReception
                0x0000000008005172       0x68 build/usbh_cdc.o
 .text.USBH_CDC_LineCodingChanged
                0x00000000080051da        0x2 build/usbh_cdc.o
                0x00000000080051da                USBH_CDC_LineCodingChanged
 .text.USBH_CDC_Process
                0x00000000080051dc       0xb2 build/usbh_cdc.o
 *fill*         0x000000000800528e        0x2 
 .text.UART_SetConfig
                0x0000000008005290      0x11c build/stm32f4xx_hal_uart.o
 .text.HAL_UART_Init
                0x00000000080053ac       0x5e build/stm32f4xx_hal_uart.o
                0x00000000080053ac                HAL_UART_Init
 *fill*         0x000000000800540a        0x2 
 .text.ultrasonic
                0x000000000800540c      0x110 build/sensors.o
                0x000000000800540c                ultrasonic
 .text.light_sensor
                0x000000000800551c       0x14 build/sensors.o
                0x000000000800551c                light_sensor
 .text.rot_direction
                0x0000000008005530       0x80 build/move.o
                0x0000000008005530                rot_direction
 .text.vehicle_direction
                0x00000000080055b0       0x5c build/move.o
                0x00000000080055b0                vehicle_direction
 .text.stop_all_motors
                0x000000000800560c       0x1c build/move.o
                0x000000000800560c                stop_all_motors
 .text.adjust_speed
                0x0000000008005628       0x28 build/move.o
                0x0000000008005628                adjust_speed
 .text.Reset_Handler
                0x0000000008005650       0x50 build/startup_stm32f407xx.o
                0x0000000008005650                Reset_Handler
 .text.Default_Handler
                0x00000000080056a0        0x2 build/startup_stm32f407xx.o
                0x00000000080056a0                RTC_Alarm_IRQHandler
                0x00000000080056a0                HASH_RNG_IRQHandler
                0x00000000080056a0                EXTI2_IRQHandler
                0x00000000080056a0                DMA2_Stream5_IRQHandler
                0x00000000080056a0                DMA1_Stream5_IRQHandler
                0x00000000080056a0                PVD_IRQHandler
                0x00000000080056a0                SDIO_IRQHandler
                0x00000000080056a0                TAMP_STAMP_IRQHandler
                0x00000000080056a0                CAN2_RX1_IRQHandler
                0x00000000080056a0                EXTI3_IRQHandler
                0x00000000080056a0                TIM8_TRG_COM_TIM14_IRQHandler
                0x00000000080056a0                I2C3_ER_IRQHandler
                0x00000000080056a0                EXTI0_IRQHandler
                0x00000000080056a0                I2C2_EV_IRQHandler
                0x00000000080056a0                DMA1_Stream2_IRQHandler
                0x00000000080056a0                CAN1_RX0_IRQHandler
                0x00000000080056a0                FPU_IRQHandler
                0x00000000080056a0                OTG_HS_WKUP_IRQHandler
                0x00000000080056a0                CAN2_SCE_IRQHandler
                0x00000000080056a0                DMA2_Stream2_IRQHandler
                0x00000000080056a0                SPI1_IRQHandler
                0x00000000080056a0                TIM6_DAC_IRQHandler
                0x00000000080056a0                TIM1_BRK_TIM9_IRQHandler
                0x00000000080056a0                DCMI_IRQHandler
                0x00000000080056a0                CAN2_RX0_IRQHandler
                0x00000000080056a0                DMA2_Stream3_IRQHandler
                0x00000000080056a0                USART6_IRQHandler
                0x00000000080056a0                USART3_IRQHandler
                0x00000000080056a0                CAN1_RX1_IRQHandler
                0x00000000080056a0                UART5_IRQHandler
                0x00000000080056a0                DMA2_Stream0_IRQHandler
                0x00000000080056a0                TIM4_IRQHandler
                0x00000000080056a0                I2C1_EV_IRQHandler
                0x00000000080056a0                DMA1_Stream6_IRQHandler
                0x00000000080056a0                DMA1_Stream1_IRQHandler
                0x00000000080056a0                UART4_IRQHandler
                0x00000000080056a0                TIM3_IRQHandler
                0x00000000080056a0                RCC_IRQHandler
                0x00000000080056a0                TIM8_BRK_TIM12_IRQHandler
                0x00000000080056a0                Default_Handler
                0x00000000080056a0                EXTI15_10_IRQHandler
                0x00000000080056a0                ADC_IRQHandler
                0x00000000080056a0                DMA1_Stream7_IRQHandler
                0x00000000080056a0                TIM7_IRQHandler
                0x00000000080056a0                CAN2_TX_IRQHandler
                0x00000000080056a0                TIM5_IRQHandler
                0x00000000080056a0                DMA2_Stream7_IRQHandler
                0x00000000080056a0                I2C3_EV_IRQHandler
                0x00000000080056a0                EXTI9_5_IRQHandler
                0x00000000080056a0                RTC_WKUP_IRQHandler
                0x00000000080056a0                ETH_WKUP_IRQHandler
                0x00000000080056a0                SPI2_IRQHandler
                0x00000000080056a0                OTG_HS_EP1_IN_IRQHandler
                0x00000000080056a0                DMA1_Stream0_IRQHandler
                0x00000000080056a0                CAN1_TX_IRQHandler
                0x00000000080056a0                EXTI4_IRQHandler
                0x00000000080056a0                FSMC_IRQHandler
                0x00000000080056a0                ETH_IRQHandler
                0x00000000080056a0                OTG_HS_EP1_OUT_IRQHandler
                0x00000000080056a0                WWDG_IRQHandler
                0x00000000080056a0                TIM2_IRQHandler
                0x00000000080056a0                OTG_FS_WKUP_IRQHandler
                0x00000000080056a0                TIM1_TRG_COM_TIM11_IRQHandler
                0x00000000080056a0                OTG_HS_IRQHandler
                0x00000000080056a0                EXTI1_IRQHandler
                0x00000000080056a0                USART2_IRQHandler
                0x00000000080056a0                I2C2_ER_IRQHandler
                0x00000000080056a0                DMA2_Stream1_IRQHandler
                0x00000000080056a0                CAN1_SCE_IRQHandler
                0x00000000080056a0                FLASH_IRQHandler
                0x00000000080056a0                DMA2_Stream4_IRQHandler
                0x00000000080056a0                USART1_IRQHandler
                0x00000000080056a0                SPI3_IRQHandler
                0x00000000080056a0                DMA1_Stream4_IRQHandler
                0x00000000080056a0                I2C1_ER_IRQHandler
                0x00000000080056a0                DMA2_Stream6_IRQHandler
                0x00000000080056a0                DMA1_Stream3_IRQHandler
 *(.glue_7)
 .glue_7        0x00000000080056a2        0x0 linker stubs
 *(.glue_7t)
 .glue_7t       0x00000000080056a2        0x0 linker stubs
 *(.eh_frame)
 *fill*         0x00000000080056a2        0x2 
 .eh_frame      0x00000000080056a4        0x0 /usr/lib/gcc/arm-none-eabi/9.2.1/thumb/v7e-m+fp/hard/crtbegin.o
 *(.init)
 .init          0x00000000080056a4        0x4 /usr/lib/gcc/arm-none-eabi/9.2.1/thumb/v7e-m+fp/hard/crti.o
                0x00000000080056a4                _init
 .init          0x00000000080056a8        0x8 /usr/lib/gcc/arm-none-eabi/9.2.1/thumb/v7e-m+fp/hard/crtn.o
 *(.fini)
 .fini          0x00000000080056b0        0x4 /usr/lib/gcc/arm-none-eabi/9.2.1/thumb/v7e-m+fp/hard/crti.o
                0x00000000080056b0                _fini
 .fini          0x00000000080056b4        0x8 /usr/lib/gcc/arm-none-eabi/9.2.1/thumb/v7e-m+fp/hard/crtn.o
                0x00000000080056bc                . = ALIGN (0x4)
                0x00000000080056bc                _etext = .

.vfp11_veneer   0x00000000080056bc        0x0
 .vfp11_veneer  0x00000000080056bc        0x0 linker stubs

.v4_bx          0x00000000080056bc        0x0
 .v4_bx         0x00000000080056bc        0x0 linker stubs

.iplt           0x00000000080056bc        0x0
 .iplt          0x00000000080056bc        0x0 /usr/lib/gcc/arm-none-eabi/9.2.1/thumb/v7e-m+fp/hard/crtbegin.o

.rodata         0x00000000080056bc       0x1c
                0x00000000080056bc                . = ALIGN (0x4)
 *(.rodata)
 *(.rodata*)
 .rodata.AHBPrescTable
                0x00000000080056bc       0x10 build/system_stm32f4xx.o
                0x00000000080056bc                AHBPrescTable
 .rodata.APBPrescTable
                0x00000000080056cc        0x8 build/system_stm32f4xx.o
                0x00000000080056cc                APBPrescTable
 .rodata.str1.4
                0x00000000080056d4        0x4 build/usbh_cdc.o
                0x00000000080056d8                . = ALIGN (0x4)

.ARM.extab
 *(.ARM.extab* .gnu.linkonce.armextab.*)

.ARM            0x00000000080056d8        0x8
                0x00000000080056d8                __exidx_start = .
 *(.ARM.exidx*)
 .ARM.exidx     0x00000000080056d8        0x8 /usr/lib/gcc/arm-none-eabi/9.2.1/thumb/v7e-m+fp/hard/libgcc.a(_udivmoddi4.o)
                0x00000000080056e0                __exidx_end = .

.rel.dyn        0x00000000080056e0        0x0
 .rel.iplt      0x00000000080056e0        0x0 /usr/lib/gcc/arm-none-eabi/9.2.1/thumb/v7e-m+fp/hard/crtbegin.o

.preinit_array  0x00000000080056e0        0x0
                0x00000000080056e0                PROVIDE (__preinit_array_start = .)
 *(.preinit_array*)
                0x00000000080056e0                PROVIDE (__preinit_array_end = .)

.init_array     0x00000000080056e0        0x4
                0x00000000080056e0                PROVIDE (__init_array_start = .)
 *(SORT_BY_NAME(.init_array.*))
 *(.init_array*)
 .init_array    0x00000000080056e0        0x4 /usr/lib/gcc/arm-none-eabi/9.2.1/thumb/v7e-m+fp/hard/crtbegin.o
                0x00000000080056e4                PROVIDE (__init_array_end = .)

.fini_array     0x00000000080056e4        0x4
                0x00000000080056e4                PROVIDE (__fini_array_start = .)
 *(SORT_BY_NAME(.fini_array.*))
 *(.fini_array*)
 .fini_array    0x00000000080056e4        0x4 /usr/lib/gcc/arm-none-eabi/9.2.1/thumb/v7e-m+fp/hard/crtbegin.o
                0x00000000080056e8                PROVIDE (__fini_array_end = .)
                0x00000000080056e8                _sidata = LOADADDR (.data)

.data           0x0000000020000000       0x90 load address 0x00000000080056e8
                0x0000000020000000                . = ALIGN (0x4)
                0x0000000020000000                _sdata = .
 *(.data)
 .data          0x0000000020000000       0x64 /usr/lib/gcc/arm-none-eabi/9.2.1/../../../arm-none-eabi/lib/thumb/v7e-m+fp/hard/libc_nano.a(lib_a-impure.o)
                0x0000000020000000                _impure_ptr
 *(.data*)
 .data.uwTickFreq
                0x0000000020000064        0x1 build/stm32f4xx_hal.o
                0x0000000020000064                uwTickFreq
 *fill*         0x0000000020000065        0x3 
 .data.uwTickPrio
                0x0000000020000068        0x4 build/stm32f4xx_hal.o
                0x0000000020000068                uwTickPrio
 .data.SystemCoreClock
                0x000000002000006c        0x4 build/system_stm32f4xx.o
                0x000000002000006c                SystemCoreClock
 .data.CDC_Class
                0x0000000020000070       0x20 build/usbh_cdc.o
                0x0000000020000070                CDC_Class
                0x0000000020000090                . = ALIGN (0x4)
                0x0000000020000090                _edata = .
                0x0000000008005778                _siccmram = LOADADDR (.ccmram)

.tm_clone_table
                0x0000000020000090        0x0 load address 0x0000000008005778
 .tm_clone_table
                0x0000000020000090        0x0 /usr/lib/gcc/arm-none-eabi/9.2.1/thumb/v7e-m+fp/hard/crtbegin.o
 .tm_clone_table
                0x0000000020000090        0x0 /usr/lib/gcc/arm-none-eabi/9.2.1/thumb/v7e-m+fp/hard/crtend.o

.igot.plt       0x0000000020000090        0x0 load address 0x0000000008005778
 .igot.plt      0x0000000020000090        0x0 /usr/lib/gcc/arm-none-eabi/9.2.1/thumb/v7e-m+fp/hard/crtbegin.o

.ccmram         0x0000000010000000        0x0 load address 0x0000000008005778
                0x0000000010000000                . = ALIGN (0x4)
                0x0000000010000000                _sccmram = .
 *(.ccmram)
 *(.ccmram*)
                0x0000000010000000                . = ALIGN (0x4)
                0x0000000010000000                _eccmram = .
                0x0000000010000000                . = ALIGN (0x4)

.bss            0x0000000020000090      0x9e0
                0x0000000020000090                _sbss = .
                0x0000000020000090                __bss_start__ = _sbss
 *(.bss)
 .bss           0x0000000020000090       0x1c /usr/lib/gcc/arm-none-eabi/9.2.1/thumb/v7e-m+fp/hard/crtbegin.o
 .bss           0x00000000200000ac        0x8 /usr/lib/gcc/arm-none-eabi/9.2.1/../../../arm-none-eabi/lib/thumb/v7e-m+fp/hard/libc_nano.a(lib_a-nano-mallocr.o)
                0x00000000200000ac                __malloc_free_list
                0x00000000200000b0                __malloc_sbrk_start
 .bss           0x00000000200000b4        0x4 /usr/lib/gcc/arm-none-eabi/9.2.1/../../../arm-none-eabi/lib/thumb/v7e-m+fp/hard/libnosys.a(sbrk.o)
 *(.bss*)
 .bss.Appli_state
                0x00000000200000b8        0x1 build/usb_host.o
                0x00000000200000b8                Appli_state
 *fill*         0x00000000200000b9        0x3 
 .bss.pulse_counter
                0x00000000200000bc        0xc build/sensors.o
                0x00000000200000bc                pulse_counter
 *(COMMON)
 COMMON         0x00000000200000c8      0x210 build/main.o
                0x00000000200000c8                htim8
                0x0000000020000110                hi2c1
                0x0000000020000164                htim3
                0x00000000200001ac                htim1
                0x00000000200001f4                hspi1
                0x000000002000024c                huart2
                0x0000000020000290                hi2s3
 COMMON         0x00000000200002d8      0x3d8 build/usb_host.o
                0x00000000200002d8                hUsbHostFS
 COMMON         0x00000000200006b0      0x304 build/usbh_conf.o
                0x00000000200006b0                hhcd_USB_OTG_FS
 COMMON         0x00000000200009b4        0x4 build/stm32f4xx_hal.o
                0x00000000200009b4                uwTick
 COMMON         0x00000000200009b8       0xb4 build/sensors.o
                0x00000000200009b8                us_distance
                0x00000000200009c4                current_channel
                0x00000000200009c8                buf
                0x0000000020000a48                us_rising_edge
                0x0000000020000a54                us_falling_edge
                0x0000000020000a60                status
 COMMON         0x0000000020000a6c        0x4 /usr/lib/gcc/arm-none-eabi/9.2.1/../../../arm-none-eabi/lib/thumb/v7e-m+fp/hard/libc_nano.a(lib_a-reent.o)
                0x0000000020000a6c                errno
                0x0000000020000a70                . = ALIGN (0x4)
                0x0000000020000a70                _ebss = .
                0x0000000020000a70                __bss_end__ = _ebss

._user_heap_stack
                0x0000000020000a70      0x600
                0x0000000020000a70                . = ALIGN (0x8)
                0x0000000020000a70                PROVIDE (end = .)
                [!provide]                        PROVIDE (_end = .)
                0x0000000020000c70                . = (. + _Min_Heap_Size)
 *fill*         0x0000000020000a70      0x200 
                0x0000000020001070                . = (. + _Min_Stack_Size)
 *fill*         0x0000000020000c70      0x400 
                0x0000000020001070                . = ALIGN (0x8)

/DISCARD/
 libc.a(*)
 libm.a(*)
 libgcc.a(*)

.ARM.attributes
                0x0000000000000000       0x30
 *(.ARM.attributes)
 .ARM.attributes
                0x0000000000000000       0x1e /usr/lib/gcc/arm-none-eabi/9.2.1/thumb/v7e-m+fp/hard/crti.o
 .ARM.attributes
                0x000000000000001e       0x34 /usr/lib/gcc/arm-none-eabi/9.2.1/thumb/v7e-m+fp/hard/crtbegin.o
 .ARM.attributes
                0x0000000000000052       0x34 build/main.o
 .ARM.attributes
                0x0000000000000086       0x34 build/usb_host.o
 .ARM.attributes
                0x00000000000000ba       0x34 build/usbh_conf.o
 .ARM.attributes
                0x00000000000000ee       0x34 build/usbh_platform.o
 .ARM.attributes
                0x0000000000000122       0x34 build/stm32f4xx_it.o
 .ARM.attributes
                0x0000000000000156       0x34 build/stm32f4xx_hal_msp.o
 .ARM.attributes
                0x000000000000018a       0x34 build/stm32f4xx_hal_hcd.o
 .ARM.attributes
                0x00000000000001be       0x34 build/stm32f4xx_ll_usb.o
 .ARM.attributes
                0x00000000000001f2       0x34 build/stm32f4xx_hal_rcc.o
 .ARM.attributes
                0x0000000000000226       0x34 build/stm32f4xx_hal_rcc_ex.o
 .ARM.attributes
                0x000000000000025a       0x34 build/stm32f4xx_hal_gpio.o
 .ARM.attributes
                0x000000000000028e       0x34 build/stm32f4xx_hal_cortex.o
 .ARM.attributes
                0x00000000000002c2       0x34 build/stm32f4xx_hal.o
 .ARM.attributes
                0x00000000000002f6       0x34 build/stm32f4xx_hal_i2c.o
 .ARM.attributes
                0x000000000000032a       0x34 build/stm32f4xx_hal_i2s.o
 .ARM.attributes
                0x000000000000035e       0x34 build/stm32f4xx_hal_i2s_ex.o
 .ARM.attributes
                0x0000000000000392       0x34 build/stm32f4xx_hal_spi.o
 .ARM.attributes
                0x00000000000003c6       0x34 build/stm32f4xx_hal_tim.o
 .ARM.attributes
                0x00000000000003fa       0x34 build/stm32f4xx_hal_tim_ex.o
 .ARM.attributes
                0x000000000000042e       0x34 build/system_stm32f4xx.o
 .ARM.attributes
                0x0000000000000462       0x34 build/usbh_core.o
 .ARM.attributes
                0x0000000000000496       0x34 build/usbh_ctlreq.o
 .ARM.attributes
                0x00000000000004ca       0x34 build/usbh_ioreq.o
 .ARM.attributes
                0x00000000000004fe       0x34 build/usbh_pipes.o
 .ARM.attributes
                0x0000000000000532       0x34 build/usbh_cdc.o
 .ARM.attributes
                0x0000000000000566       0x34 build/stm32f4xx_hal_uart.o
 .ARM.attributes
                0x000000000000059a       0x34 build/sensors.o
 .ARM.attributes
                0x00000000000005ce       0x34 build/move.o
 .ARM.attributes
                0x0000000000000602       0x21 build/startup_stm32f407xx.o
 .ARM.attributes
                0x0000000000000623       0x32 /usr/lib/gcc/arm-none-eabi/9.2.1/../../../arm-none-eabi/lib/thumb/v7e-m+fp/hard/libc_nano.a(lib_a-impure.o)
 .ARM.attributes
                0x0000000000000655       0x34 /usr/lib/gcc/arm-none-eabi/9.2.1/../../../arm-none-eabi/lib/thumb/v7e-m+fp/hard/libc_nano.a(lib_a-init.o)
 .ARM.attributes
                0x0000000000000689       0x34 /usr/lib/gcc/arm-none-eabi/9.2.1/../../../arm-none-eabi/lib/thumb/v7e-m+fp/hard/libc_nano.a(lib_a-malloc.o)
 .ARM.attributes
                0x00000000000006bd       0x34 /usr/lib/gcc/arm-none-eabi/9.2.1/../../../arm-none-eabi/lib/thumb/v7e-m+fp/hard/libc_nano.a(lib_a-memset.o)
 .ARM.attributes
                0x00000000000006f1       0x34 /usr/lib/gcc/arm-none-eabi/9.2.1/../../../arm-none-eabi/lib/thumb/v7e-m+fp/hard/libc_nano.a(lib_a-nano-freer.o)
 .ARM.attributes
                0x0000000000000725       0x34 /usr/lib/gcc/arm-none-eabi/9.2.1/../../../arm-none-eabi/lib/thumb/v7e-m+fp/hard/libc_nano.a(lib_a-nano-mallocr.o)
 .ARM.attributes
                0x0000000000000759       0x34 /usr/lib/gcc/arm-none-eabi/9.2.1/../../../arm-none-eabi/lib/thumb/v7e-m+fp/hard/libc_nano.a(lib_a-sbrkr.o)
 .ARM.attributes
                0x000000000000078d       0x34 /usr/lib/gcc/arm-none-eabi/9.2.1/../../../arm-none-eabi/lib/thumb/v7e-m+fp/hard/libc_nano.a(lib_a-mlock.o)
 .ARM.attributes
                0x00000000000007c1       0x34 /usr/lib/gcc/arm-none-eabi/9.2.1/../../../arm-none-eabi/lib/thumb/v7e-m+fp/hard/libc_nano.a(lib_a-reent.o)
 .ARM.attributes
                0x00000000000007f5       0x34 /usr/lib/gcc/arm-none-eabi/9.2.1/../../../arm-none-eabi/lib/thumb/v7e-m+fp/hard/libnosys.a(sbrk.o)
 .ARM.attributes
                0x0000000000000829       0x1e /usr/lib/gcc/arm-none-eabi/9.2.1/thumb/v7e-m+fp/hard/libgcc.a(_aeabi_uldivmod.o)
 .ARM.attributes
                0x0000000000000847       0x34 /usr/lib/gcc/arm-none-eabi/9.2.1/thumb/v7e-m+fp/hard/libgcc.a(_udivmoddi4.o)
 .ARM.attributes
                0x000000000000087b       0x1e /usr/lib/gcc/arm-none-eabi/9.2.1/thumb/v7e-m+fp/hard/libgcc.a(_dvmd_tls.o)
 .ARM.attributes
                0x0000000000000899       0x32 /usr/lib/gcc/arm-none-eabi/9.2.1/thumb/v7e-m+fp/hard/crtend.o
 .ARM.attributes
                0x00000000000008cb       0x1e /usr/lib/gcc/arm-none-eabi/9.2.1/thumb/v7e-m+fp/hard/crtn.o
OUTPUT(build/omnipong_3d.elf elf32-littlearm)
LOAD linker stubs
LOAD /usr/lib/gcc/arm-none-eabi/9.2.1/../../../arm-none-eabi/lib/thumb/v7e-m+fp/hard/libc.a
LOAD /usr/lib/gcc/arm-none-eabi/9.2.1/../../../arm-none-eabi/lib/thumb/v7e-m+fp/hard/libm.a
LOAD /usr/lib/gcc/arm-none-eabi/9.2.1/thumb/v7e-m+fp/hard/libgcc.a

.comment        0x0000000000000000       0x59
 .comment       0x0000000000000000       0x59 /usr/lib/gcc/arm-none-eabi/9.2.1/thumb/v7e-m+fp/hard/crtbegin.o
                                         0x5a (size before relaxing)
 .comment       0x0000000000000059       0x5a build/main.o
 .comment       0x0000000000000059       0x5a build/usb_host.o
 .comment       0x0000000000000059       0x5a build/usbh_conf.o
 .comment       0x0000000000000059       0x5a build/usbh_platform.o
 .comment       0x0000000000000059       0x5a build/stm32f4xx_it.o
 .comment       0x0000000000000059       0x5a build/stm32f4xx_hal_msp.o
 .comment       0x0000000000000059       0x5a build/stm32f4xx_hal_hcd.o
 .comment       0x0000000000000059       0x5a build/stm32f4xx_ll_usb.o
 .comment       0x0000000000000059       0x5a build/stm32f4xx_hal_rcc.o
 .comment       0x0000000000000059       0x5a build/stm32f4xx_hal_rcc_ex.o
 .comment       0x0000000000000059       0x5a build/stm32f4xx_hal_gpio.o
 .comment       0x0000000000000059       0x5a build/stm32f4xx_hal_cortex.o
 .comment       0x0000000000000059       0x5a build/stm32f4xx_hal.o
 .comment       0x0000000000000059       0x5a build/stm32f4xx_hal_i2c.o
 .comment       0x0000000000000059       0x5a build/stm32f4xx_hal_i2s.o
 .comment       0x0000000000000059       0x5a build/stm32f4xx_hal_i2s_ex.o
 .comment       0x0000000000000059       0x5a build/stm32f4xx_hal_spi.o
 .comment       0x0000000000000059       0x5a build/stm32f4xx_hal_tim.o
 .comment       0x0000000000000059       0x5a build/stm32f4xx_hal_tim_ex.o
 .comment       0x0000000000000059       0x5a build/system_stm32f4xx.o
 .comment       0x0000000000000059       0x5a build/usbh_core.o
 .comment       0x0000000000000059       0x5a build/usbh_ctlreq.o
 .comment       0x0000000000000059       0x5a build/usbh_ioreq.o
 .comment       0x0000000000000059       0x5a build/usbh_pipes.o
 .comment       0x0000000000000059       0x5a build/usbh_cdc.o
 .comment       0x0000000000000059       0x5a build/stm32f4xx_hal_uart.o
 .comment       0x0000000000000059       0x5a build/sensors.o
 .comment       0x0000000000000059       0x5a build/move.o
 .comment       0x0000000000000059       0x5a /usr/lib/gcc/arm-none-eabi/9.2.1/../../../arm-none-eabi/lib/thumb/v7e-m+fp/hard/libc_nano.a(lib_a-impure.o)
 .comment       0x0000000000000059       0x5a /usr/lib/gcc/arm-none-eabi/9.2.1/../../../arm-none-eabi/lib/thumb/v7e-m+fp/hard/libc_nano.a(lib_a-init.o)
 .comment       0x0000000000000059       0x5a /usr/lib/gcc/arm-none-eabi/9.2.1/../../../arm-none-eabi/lib/thumb/v7e-m+fp/hard/libc_nano.a(lib_a-malloc.o)
 .comment       0x0000000000000059       0x5a /usr/lib/gcc/arm-none-eabi/9.2.1/../../../arm-none-eabi/lib/thumb/v7e-m+fp/hard/libc_nano.a(lib_a-memset.o)
 .comment       0x0000000000000059       0x5a /usr/lib/gcc/arm-none-eabi/9.2.1/../../../arm-none-eabi/lib/thumb/v7e-m+fp/hard/libc_nano.a(lib_a-nano-freer.o)
 .comment       0x0000000000000059       0x5a /usr/lib/gcc/arm-none-eabi/9.2.1/../../../arm-none-eabi/lib/thumb/v7e-m+fp/hard/libc_nano.a(lib_a-nano-mallocr.o)
 .comment       0x0000000000000059       0x5a /usr/lib/gcc/arm-none-eabi/9.2.1/../../../arm-none-eabi/lib/thumb/v7e-m+fp/hard/libc_nano.a(lib_a-sbrkr.o)
 .comment       0x0000000000000059       0x5a /usr/lib/gcc/arm-none-eabi/9.2.1/../../../arm-none-eabi/lib/thumb/v7e-m+fp/hard/libc_nano.a(lib_a-mlock.o)
 .comment       0x0000000000000059       0x5a /usr/lib/gcc/arm-none-eabi/9.2.1/../../../arm-none-eabi/lib/thumb/v7e-m+fp/hard/libc_nano.a(lib_a-reent.o)
 .comment       0x0000000000000059       0x5a /usr/lib/gcc/arm-none-eabi/9.2.1/../../../arm-none-eabi/lib/thumb/v7e-m+fp/hard/libnosys.a(sbrk.o)
 .comment       0x0000000000000059       0x5a /usr/lib/gcc/arm-none-eabi/9.2.1/thumb/v7e-m+fp/hard/libgcc.a(_udivmoddi4.o)
 .comment       0x0000000000000059       0x5a /usr/lib/gcc/arm-none-eabi/9.2.1/thumb/v7e-m+fp/hard/crtend.o

.debug_info     0x0000000000000000    0x3f023
 .debug_info    0x0000000000000000     0x307d build/main.o
 .debug_info    0x000000000000307d     0x26c6 build/usb_host.o
 .debug_info    0x0000000000005743     0x3c41 build/usbh_conf.o
 .debug_info    0x0000000000009384      0x2c4 build/usbh_platform.o
 .debug_info    0x0000000000009648     0x195e build/stm32f4xx_it.o
 .debug_info    0x000000000000afa6     0x210a build/stm32f4xx_hal_msp.o
 .debug_info    0x000000000000d0b0     0x169a build/stm32f4xx_hal_hcd.o
 .debug_info    0x000000000000e74a     0x2152 build/stm32f4xx_ll_usb.o
 .debug_info    0x000000000001089c      0xc08 build/stm32f4xx_hal_rcc.o
 .debug_info    0x00000000000114a4      0x79a build/stm32f4xx_hal_rcc_ex.o
 .debug_info    0x0000000000011c3e      0x8fa build/stm32f4xx_hal_gpio.o
 .debug_info    0x0000000000012538     0x121a build/stm32f4xx_hal_cortex.o
 .debug_info    0x0000000000013752      0xb3a build/stm32f4xx_hal.o
 .debug_info    0x000000000001428c     0x3bdd build/stm32f4xx_hal_i2c.o
 .debug_info    0x0000000000017e69     0x1385 build/stm32f4xx_hal_i2s.o
 .debug_info    0x00000000000191ee      0xfb1 build/stm32f4xx_hal_i2s_ex.o
 .debug_info    0x000000000001a19f     0x20b8 build/stm32f4xx_hal_spi.o
 .debug_info    0x000000000001c257     0x4121 build/stm32f4xx_hal_tim.o
 .debug_info    0x0000000000020378     0x1d33 build/stm32f4xx_hal_tim_ex.o
 .debug_info    0x00000000000220ab      0x618 build/system_stm32f4xx.o
 .debug_info    0x00000000000226c3     0x3188 build/usbh_core.o
 .debug_info    0x000000000002584b     0x2fe1 build/usbh_ctlreq.o
 .debug_info    0x000000000002882c     0x2b45 build/usbh_ioreq.o
 .debug_info    0x000000000002b371     0x278f build/usbh_pipes.o
 .debug_info    0x000000000002db00     0x34bb build/usbh_cdc.o
 .debug_info    0x0000000000030fbb     0x4455 build/stm32f4xx_hal_uart.o
 .debug_info    0x0000000000035410     0x1e05 build/sensors.o
 .debug_info    0x0000000000037215     0x1650 build/move.o
 .debug_info    0x0000000000038865       0x22 build/startup_stm32f407xx.o
 .debug_info    0x0000000000038887      0x92a /usr/lib/gcc/arm-none-eabi/9.2.1/../../../arm-none-eabi/lib/thumb/v7e-m+fp/hard/libc_nano.a(lib_a-impure.o)
 .debug_info    0x00000000000391b1      0x11a /usr/lib/gcc/arm-none-eabi/9.2.1/../../../arm-none-eabi/lib/thumb/v7e-m+fp/hard/libc_nano.a(lib_a-init.o)
 .debug_info    0x00000000000392cb      0x9b6 /usr/lib/gcc/arm-none-eabi/9.2.1/../../../arm-none-eabi/lib/thumb/v7e-m+fp/hard/libc_nano.a(lib_a-malloc.o)
 .debug_info    0x0000000000039c81      0xf1b /usr/lib/gcc/arm-none-eabi/9.2.1/../../../arm-none-eabi/lib/thumb/v7e-m+fp/hard/libc_nano.a(lib_a-memset.o)
 .debug_info    0x000000000003ab9c      0xb5d /usr/lib/gcc/arm-none-eabi/9.2.1/../../../arm-none-eabi/lib/thumb/v7e-m+fp/hard/libc_nano.a(lib_a-nano-freer.o)
 .debug_info    0x000000000003b6f9      0xc5a /usr/lib/gcc/arm-none-eabi/9.2.1/../../../arm-none-eabi/lib/thumb/v7e-m+fp/hard/libc_nano.a(lib_a-nano-mallocr.o)
 .debug_info    0x000000000003c353      0x9fb /usr/lib/gcc/arm-none-eabi/9.2.1/../../../arm-none-eabi/lib/thumb/v7e-m+fp/hard/libc_nano.a(lib_a-sbrkr.o)
 .debug_info    0x000000000003cd4e      0x961 /usr/lib/gcc/arm-none-eabi/9.2.1/../../../arm-none-eabi/lib/thumb/v7e-m+fp/hard/libc_nano.a(lib_a-mlock.o)
 .debug_info    0x000000000003d6af      0xb0f /usr/lib/gcc/arm-none-eabi/9.2.1/../../../arm-none-eabi/lib/thumb/v7e-m+fp/hard/libc_nano.a(lib_a-reent.o)
 .debug_info    0x000000000003e1be       0x9d /usr/lib/gcc/arm-none-eabi/9.2.1/../../../arm-none-eabi/lib/thumb/v7e-m+fp/hard/libnosys.a(sbrk.o)
 .debug_info    0x000000000003e25b       0x26 /usr/lib/gcc/arm-none-eabi/9.2.1/thumb/v7e-m+fp/hard/libgcc.a(_aeabi_uldivmod.o)
 .debug_info    0x000000000003e281      0xd7c /usr/lib/gcc/arm-none-eabi/9.2.1/thumb/v7e-m+fp/hard/libgcc.a(_udivmoddi4.o)
 .debug_info    0x000000000003effd       0x26 /usr/lib/gcc/arm-none-eabi/9.2.1/thumb/v7e-m+fp/hard/libgcc.a(_dvmd_tls.o)

.debug_abbrev   0x0000000000000000     0x634e
 .debug_abbrev  0x0000000000000000      0x379 build/main.o
 .debug_abbrev  0x0000000000000379      0x2d3 build/usb_host.o
 .debug_abbrev  0x000000000000064c      0x3f4 build/usbh_conf.o
 .debug_abbrev  0x0000000000000a40      0x14c build/usbh_platform.o
 .debug_abbrev  0x0000000000000b8c      0x21f build/stm32f4xx_it.o
 .debug_abbrev  0x0000000000000dab      0x252 build/stm32f4xx_hal_msp.o
 .debug_abbrev  0x0000000000000ffd      0x2e5 build/stm32f4xx_hal_hcd.o
 .debug_abbrev  0x00000000000012e2      0x335 build/stm32f4xx_ll_usb.o
 .debug_abbrev  0x0000000000001617      0x2cd build/stm32f4xx_hal_rcc.o
 .debug_abbrev  0x00000000000018e4      0x1bb build/stm32f4xx_hal_rcc_ex.o
 .debug_abbrev  0x0000000000001a9f      0x258 build/stm32f4xx_hal_gpio.o
 .debug_abbrev  0x0000000000001cf7      0x3a8 build/stm32f4xx_hal_cortex.o
 .debug_abbrev  0x000000000000209f      0x21c build/stm32f4xx_hal.o
 .debug_abbrev  0x00000000000022bb      0x31f build/stm32f4xx_hal_i2c.o
 .debug_abbrev  0x00000000000025da      0x2b3 build/stm32f4xx_hal_i2s.o
 .debug_abbrev  0x000000000000288d      0x2e1 build/stm32f4xx_hal_i2s_ex.o
 .debug_abbrev  0x0000000000002b6e      0x2d2 build/stm32f4xx_hal_spi.o
 .debug_abbrev  0x0000000000002e40      0x2af build/stm32f4xx_hal_tim.o
 .debug_abbrev  0x00000000000030ef      0x2ab build/stm32f4xx_hal_tim_ex.o
 .debug_abbrev  0x000000000000339a      0x14a build/system_stm32f4xx.o
 .debug_abbrev  0x00000000000034e4      0x434 build/usbh_core.o
 .debug_abbrev  0x0000000000003918      0x3db build/usbh_ctlreq.o
 .debug_abbrev  0x0000000000003cf3      0x2c7 build/usbh_ioreq.o
 .debug_abbrev  0x0000000000003fba      0x32d build/usbh_pipes.o
 .debug_abbrev  0x00000000000042e7      0x3cc build/usbh_cdc.o
 .debug_abbrev  0x00000000000046b3      0x39a build/stm32f4xx_hal_uart.o
 .debug_abbrev  0x0000000000004a4d      0x2a4 build/sensors.o
 .debug_abbrev  0x0000000000004cf1      0x228 build/move.o
 .debug_abbrev  0x0000000000004f19       0x12 build/startup_stm32f407xx.o
 .debug_abbrev  0x0000000000004f2b      0x17a /usr/lib/gcc/arm-none-eabi/9.2.1/../../../arm-none-eabi/lib/thumb/v7e-m+fp/hard/libc_nano.a(lib_a-impure.o)
 .debug_abbrev  0x00000000000050a5       0xcc /usr/lib/gcc/arm-none-eabi/9.2.1/../../../arm-none-eabi/lib/thumb/v7e-m+fp/hard/libc_nano.a(lib_a-init.o)
 .debug_abbrev  0x0000000000005171      0x1f2 /usr/lib/gcc/arm-none-eabi/9.2.1/../../../arm-none-eabi/lib/thumb/v7e-m+fp/hard/libc_nano.a(lib_a-malloc.o)
 .debug_abbrev  0x0000000000005363      0x1d9 /usr/lib/gcc/arm-none-eabi/9.2.1/../../../arm-none-eabi/lib/thumb/v7e-m+fp/hard/libc_nano.a(lib_a-memset.o)
 .debug_abbrev  0x000000000000553c      0x276 /usr/lib/gcc/arm-none-eabi/9.2.1/../../../arm-none-eabi/lib/thumb/v7e-m+fp/hard/libc_nano.a(lib_a-nano-freer.o)
 .debug_abbrev  0x00000000000057b2      0x2d1 /usr/lib/gcc/arm-none-eabi/9.2.1/../../../arm-none-eabi/lib/thumb/v7e-m+fp/hard/libc_nano.a(lib_a-nano-mallocr.o)
 .debug_abbrev  0x0000000000005a83      0x212 /usr/lib/gcc/arm-none-eabi/9.2.1/../../../arm-none-eabi/lib/thumb/v7e-m+fp/hard/libc_nano.a(lib_a-sbrkr.o)
 .debug_abbrev  0x0000000000005c95      0x1c5 /usr/lib/gcc/arm-none-eabi/9.2.1/../../../arm-none-eabi/lib/thumb/v7e-m+fp/hard/libc_nano.a(lib_a-mlock.o)
 .debug_abbrev  0x0000000000005e5a      0x268 /usr/lib/gcc/arm-none-eabi/9.2.1/../../../arm-none-eabi/lib/thumb/v7e-m+fp/hard/libc_nano.a(lib_a-reent.o)
 .debug_abbrev  0x00000000000060c2       0xa2 /usr/lib/gcc/arm-none-eabi/9.2.1/../../../arm-none-eabi/lib/thumb/v7e-m+fp/hard/libnosys.a(sbrk.o)
 .debug_abbrev  0x0000000000006164       0x14 /usr/lib/gcc/arm-none-eabi/9.2.1/thumb/v7e-m+fp/hard/libgcc.a(_aeabi_uldivmod.o)
 .debug_abbrev  0x0000000000006178      0x1c2 /usr/lib/gcc/arm-none-eabi/9.2.1/thumb/v7e-m+fp/hard/libgcc.a(_udivmoddi4.o)
 .debug_abbrev  0x000000000000633a       0x14 /usr/lib/gcc/arm-none-eabi/9.2.1/thumb/v7e-m+fp/hard/libgcc.a(_dvmd_tls.o)

.debug_loc      0x0000000000000000    0x21af6
 .debug_loc     0x0000000000000000      0x263 build/main.o
 .debug_loc     0x0000000000000263       0x40 build/usb_host.o
 .debug_loc     0x00000000000002a3      0xbb4 build/usbh_conf.o
 .debug_loc     0x0000000000000e57       0x81 build/usbh_platform.o
 .debug_loc     0x0000000000000ed8       0xc0 build/stm32f4xx_it.o
 .debug_loc     0x0000000000000f98      0x64a build/stm32f4xx_hal_msp.o
 .debug_loc     0x00000000000015e2     0x1555 build/stm32f4xx_hal_hcd.o
 .debug_loc     0x0000000000002b37     0x29db build/stm32f4xx_ll_usb.o
 .debug_loc     0x0000000000005512      0x6c7 build/stm32f4xx_hal_rcc.o
 .debug_loc     0x0000000000005bd9      0x473 build/stm32f4xx_hal_rcc_ex.o
 .debug_loc     0x000000000000604c      0x5db build/stm32f4xx_hal_gpio.o
 .debug_loc     0x0000000000006627      0x7d4 build/stm32f4xx_hal_cortex.o
 .debug_loc     0x0000000000006dfb      0x1e1 build/stm32f4xx_hal.o
 .debug_loc     0x0000000000006fdc     0x4d94 build/stm32f4xx_hal_i2c.o
 .debug_loc     0x000000000000bd70     0x1320 build/stm32f4xx_hal_i2s.o
 .debug_loc     0x000000000000d090      0xcf1 build/stm32f4xx_hal_i2s_ex.o
 .debug_loc     0x000000000000dd81     0x24e5 build/stm32f4xx_hal_spi.o
 .debug_loc     0x0000000000010266     0x5b36 build/stm32f4xx_hal_tim.o
 .debug_loc     0x0000000000015d9c     0x2110 build/stm32f4xx_hal_tim_ex.o
 .debug_loc     0x0000000000017eac      0x16c build/system_stm32f4xx.o
 .debug_loc     0x0000000000018018      0xb6f build/usbh_core.o
 .debug_loc     0x0000000000018b87      0xef7 build/usbh_ctlreq.o
 .debug_loc     0x0000000000019a7e      0x750 build/usbh_ioreq.o
 .debug_loc     0x000000000001a1ce      0x27e build/usbh_pipes.o
 .debug_loc     0x000000000001a44c      0x91d build/usbh_cdc.o
 .debug_loc     0x000000000001ad69     0x502f build/stm32f4xx_hal_uart.o
 .debug_loc     0x000000000001fd98       0x70 build/sensors.o
 .debug_loc     0x000000000001fe08      0x260 build/move.o
 .debug_loc     0x0000000000020068       0xba /usr/lib/gcc/arm-none-eabi/9.2.1/../../../arm-none-eabi/lib/thumb/v7e-m+fp/hard/libc_nano.a(lib_a-init.o)
 .debug_loc     0x0000000000020122       0x64 /usr/lib/gcc/arm-none-eabi/9.2.1/../../../arm-none-eabi/lib/thumb/v7e-m+fp/hard/libc_nano.a(lib_a-malloc.o)
 .debug_loc     0x0000000000020186      0x22c /usr/lib/gcc/arm-none-eabi/9.2.1/../../../arm-none-eabi/lib/thumb/v7e-m+fp/hard/libc_nano.a(lib_a-memset.o)
 .debug_loc     0x00000000000203b2      0x203 /usr/lib/gcc/arm-none-eabi/9.2.1/../../../arm-none-eabi/lib/thumb/v7e-m+fp/hard/libc_nano.a(lib_a-nano-freer.o)
 .debug_loc     0x00000000000205b5      0x3cd /usr/lib/gcc/arm-none-eabi/9.2.1/../../../arm-none-eabi/lib/thumb/v7e-m+fp/hard/libc_nano.a(lib_a-nano-mallocr.o)
 .debug_loc     0x0000000000020982       0x6c /usr/lib/gcc/arm-none-eabi/9.2.1/../../../arm-none-eabi/lib/thumb/v7e-m+fp/hard/libc_nano.a(lib_a-sbrkr.o)
 .debug_loc     0x00000000000209ee      0x128 /usr/lib/gcc/arm-none-eabi/9.2.1/../../../arm-none-eabi/lib/thumb/v7e-m+fp/hard/libc_nano.a(lib_a-reent.o)
 .debug_loc     0x0000000000020b16       0x3e /usr/lib/gcc/arm-none-eabi/9.2.1/../../../arm-none-eabi/lib/thumb/v7e-m+fp/hard/libnosys.a(sbrk.o)
 .debug_loc     0x0000000000020b54      0xfa2 /usr/lib/gcc/arm-none-eabi/9.2.1/thumb/v7e-m+fp/hard/libgcc.a(_udivmoddi4.o)

.debug_aranges  0x0000000000000000     0x1a40
 .debug_aranges
                0x0000000000000000       0x78 build/main.o
 .debug_aranges
                0x0000000000000078       0x30 build/usb_host.o
 .debug_aranges
                0x00000000000000a8       0xd8 build/usbh_conf.o
 .debug_aranges
                0x0000000000000180       0x20 build/usbh_platform.o
 .debug_aranges
                0x00000000000001a0       0x88 build/stm32f4xx_it.o
 .debug_aranges
                0x0000000000000228       0x88 build/stm32f4xx_hal_msp.o
 .debug_aranges
                0x00000000000002b0       0xf8 build/stm32f4xx_hal_hcd.o
 .debug_aranges
                0x00000000000003a8      0x198 build/stm32f4xx_ll_usb.o
 .debug_aranges
                0x0000000000000540       0x88 build/stm32f4xx_hal_rcc.o
 .debug_aranges
                0x00000000000005c8       0x48 build/stm32f4xx_hal_rcc_ex.o
 .debug_aranges
                0x0000000000000610       0x58 build/stm32f4xx_hal_gpio.o
 .debug_aranges
                0x0000000000000668       0xa8 build/stm32f4xx_hal_cortex.o
 .debug_aranges
                0x0000000000000710       0xf0 build/stm32f4xx_hal.o
 .debug_aranges
                0x0000000000000800      0x2a0 build/stm32f4xx_hal_i2c.o
 .debug_aranges
                0x0000000000000aa0      0x108 build/stm32f4xx_hal_i2s.o
 .debug_aranges
                0x0000000000000ba8       0x88 build/stm32f4xx_hal_i2s_ex.o
 .debug_aranges
                0x0000000000000c30      0x1d0 build/stm32f4xx_hal_spi.o
 .debug_aranges
                0x0000000000000e00      0x3d0 build/stm32f4xx_hal_tim.o
 .debug_aranges
                0x00000000000011d0      0x168 build/stm32f4xx_hal_tim_ex.o
 .debug_aranges
                0x0000000000001338       0x28 build/system_stm32f4xx.o
 .debug_aranges
                0x0000000000001360       0xc0 build/usbh_core.o
 .debug_aranges
                0x0000000000001420       0xa0 build/usbh_ctlreq.o
 .debug_aranges
                0x00000000000014c0       0x60 build/usbh_ioreq.o
 .debug_aranges
                0x0000000000001520       0x40 build/usbh_pipes.o
 .debug_aranges
                0x0000000000001560       0xa8 build/usbh_cdc.o
 .debug_aranges
                0x0000000000001608      0x200 build/stm32f4xx_hal_uart.o
 .debug_aranges
                0x0000000000001808       0x38 build/sensors.o
 .debug_aranges
                0x0000000000001840       0x40 build/move.o
 .debug_aranges
                0x0000000000001880       0x28 build/startup_stm32f407xx.o
 .debug_aranges
                0x00000000000018a8       0x18 /usr/lib/gcc/arm-none-eabi/9.2.1/../../../arm-none-eabi/lib/thumb/v7e-m+fp/hard/libc_nano.a(lib_a-impure.o)
 .debug_aranges
                0x00000000000018c0       0x20 /usr/lib/gcc/arm-none-eabi/9.2.1/../../../arm-none-eabi/lib/thumb/v7e-m+fp/hard/libc_nano.a(lib_a-init.o)
 .debug_aranges
                0x00000000000018e0       0x20 /usr/lib/gcc/arm-none-eabi/9.2.1/../../../arm-none-eabi/lib/thumb/v7e-m+fp/hard/libc_nano.a(lib_a-malloc.o)
 .debug_aranges
                0x0000000000001900       0x20 /usr/lib/gcc/arm-none-eabi/9.2.1/../../../arm-none-eabi/lib/thumb/v7e-m+fp/hard/libc_nano.a(lib_a-memset.o)
 .debug_aranges
                0x0000000000001920       0x20 /usr/lib/gcc/arm-none-eabi/9.2.1/../../../arm-none-eabi/lib/thumb/v7e-m+fp/hard/libc_nano.a(lib_a-nano-freer.o)
 .debug_aranges
                0x0000000000001940       0x20 /usr/lib/gcc/arm-none-eabi/9.2.1/../../../arm-none-eabi/lib/thumb/v7e-m+fp/hard/libc_nano.a(lib_a-nano-mallocr.o)
 .debug_aranges
                0x0000000000001960       0x20 /usr/lib/gcc/arm-none-eabi/9.2.1/../../../arm-none-eabi/lib/thumb/v7e-m+fp/hard/libc_nano.a(lib_a-sbrkr.o)
 .debug_aranges
                0x0000000000001980       0x20 /usr/lib/gcc/arm-none-eabi/9.2.1/../../../arm-none-eabi/lib/thumb/v7e-m+fp/hard/libc_nano.a(lib_a-mlock.o)
 .debug_aranges
                0x00000000000019a0       0x20 /usr/lib/gcc/arm-none-eabi/9.2.1/../../../arm-none-eabi/lib/thumb/v7e-m+fp/hard/libc_nano.a(lib_a-reent.o)
 .debug_aranges
                0x00000000000019c0       0x20 /usr/lib/gcc/arm-none-eabi/9.2.1/../../../arm-none-eabi/lib/thumb/v7e-m+fp/hard/libnosys.a(sbrk.o)
 .debug_aranges
                0x00000000000019e0       0x20 /usr/lib/gcc/arm-none-eabi/9.2.1/thumb/v7e-m+fp/hard/libgcc.a(_aeabi_uldivmod.o)
 .debug_aranges
                0x0000000000001a00       0x20 /usr/lib/gcc/arm-none-eabi/9.2.1/thumb/v7e-m+fp/hard/libgcc.a(_udivmoddi4.o)
 .debug_aranges
                0x0000000000001a20       0x20 /usr/lib/gcc/arm-none-eabi/9.2.1/thumb/v7e-m+fp/hard/libgcc.a(_dvmd_tls.o)

.debug_ranges   0x0000000000000000     0x18f0
 .debug_ranges  0x0000000000000000       0x68 build/main.o
 .debug_ranges  0x0000000000000068       0x20 build/usb_host.o
 .debug_ranges  0x0000000000000088       0xc8 build/usbh_conf.o
 .debug_ranges  0x0000000000000150       0x10 build/usbh_platform.o
 .debug_ranges  0x0000000000000160       0x78 build/stm32f4xx_it.o
 .debug_ranges  0x00000000000001d8       0x78 build/stm32f4xx_hal_msp.o
 .debug_ranges  0x0000000000000250       0xe8 build/stm32f4xx_hal_hcd.o
 .debug_ranges  0x0000000000000338      0x188 build/stm32f4xx_ll_usb.o
 .debug_ranges  0x00000000000004c0       0x90 build/stm32f4xx_hal_rcc.o
 .debug_ranges  0x0000000000000550       0x38 build/stm32f4xx_hal_rcc_ex.o
 .debug_ranges  0x0000000000000588       0x48 build/stm32f4xx_hal_gpio.o
 .debug_ranges  0x00000000000005d0       0xf8 build/stm32f4xx_hal_cortex.o
 .debug_ranges  0x00000000000006c8       0xe0 build/stm32f4xx_hal.o
 .debug_ranges  0x00000000000007a8      0x2a8 build/stm32f4xx_hal_i2c.o
 .debug_ranges  0x0000000000000a50      0x128 build/stm32f4xx_hal_i2s.o
 .debug_ranges  0x0000000000000b78       0x90 build/stm32f4xx_hal_i2s_ex.o
 .debug_ranges  0x0000000000000c08      0x1c0 build/stm32f4xx_hal_spi.o
 .debug_ranges  0x0000000000000dc8      0x3c0 build/stm32f4xx_hal_tim.o
 .debug_ranges  0x0000000000001188      0x158 build/stm32f4xx_hal_tim_ex.o
 .debug_ranges  0x00000000000012e0       0x18 build/system_stm32f4xx.o
 .debug_ranges  0x00000000000012f8       0xb0 build/usbh_core.o
 .debug_ranges  0x00000000000013a8       0x90 build/usbh_ctlreq.o
 .debug_ranges  0x0000000000001438       0x50 build/usbh_ioreq.o
 .debug_ranges  0x0000000000001488       0x30 build/usbh_pipes.o
 .debug_ranges  0x00000000000014b8       0x98 build/usbh_cdc.o
 .debug_ranges  0x0000000000001550      0x208 build/stm32f4xx_hal_uart.o
 .debug_ranges  0x0000000000001758       0x28 build/sensors.o
 .debug_ranges  0x0000000000001780       0x30 build/move.o
 .debug_ranges  0x00000000000017b0       0x20 build/startup_stm32f407xx.o
 .debug_ranges  0x00000000000017d0       0x20 /usr/lib/gcc/arm-none-eabi/9.2.1/../../../arm-none-eabi/lib/thumb/v7e-m+fp/hard/libc_nano.a(lib_a-nano-freer.o)
 .debug_ranges  0x00000000000017f0       0x38 /usr/lib/gcc/arm-none-eabi/9.2.1/../../../arm-none-eabi/lib/thumb/v7e-m+fp/hard/libc_nano.a(lib_a-nano-mallocr.o)
 .debug_ranges  0x0000000000001828       0xc8 /usr/lib/gcc/arm-none-eabi/9.2.1/thumb/v7e-m+fp/hard/libgcc.a(_udivmoddi4.o)

.debug_line     0x0000000000000000    0x20897
 .debug_line    0x0000000000000000      0xb11 build/main.o
 .debug_line    0x0000000000000b11      0x368 build/usb_host.o
 .debug_line    0x0000000000000e79      0x7d3 build/usbh_conf.o
 .debug_line    0x000000000000164c      0x155 build/usbh_platform.o
 .debug_line    0x00000000000017a1      0x376 build/stm32f4xx_it.o
 .debug_line    0x0000000000001b17      0x710 build/stm32f4xx_hal_msp.o
 .debug_line    0x0000000000002227     0x108c build/stm32f4xx_hal_hcd.o
 .debug_line    0x00000000000032b3     0x1c59 build/stm32f4xx_ll_usb.o
 .debug_line    0x0000000000004f0c      0xaac build/stm32f4xx_hal_rcc.o
 .debug_line    0x00000000000059b8      0x580 build/stm32f4xx_hal_rcc_ex.o
 .debug_line    0x0000000000005f38      0x6a5 build/stm32f4xx_hal_gpio.o
 .debug_line    0x00000000000065dd      0x718 build/stm32f4xx_hal_cortex.o
 .debug_line    0x0000000000006cf5      0x4db build/stm32f4xx_hal.o
 .debug_line    0x00000000000071d0     0x52f5 build/stm32f4xx_hal_i2c.o
 .debug_line    0x000000000000c4c5     0x1360 build/stm32f4xx_hal_i2s.o
 .debug_line    0x000000000000d825     0x10c3 build/stm32f4xx_hal_i2s_ex.o
 .debug_line    0x000000000000e8e8     0x2471 build/stm32f4xx_hal_spi.o
 .debug_line    0x0000000000010d59     0x4a73 build/stm32f4xx_hal_tim.o
 .debug_line    0x00000000000157cc     0x1c94 build/stm32f4xx_hal_tim_ex.o
 .debug_line    0x0000000000017460      0x1f7 build/system_stm32f4xx.o
 .debug_line    0x0000000000017657      0xe5c build/usbh_core.o
 .debug_line    0x00000000000184b3      0xc68 build/usbh_ctlreq.o
 .debug_line    0x000000000001911b      0x426 build/usbh_ioreq.o
 .debug_line    0x0000000000019541      0x3dc build/usbh_pipes.o
 .debug_line    0x000000000001991d      0xa94 build/usbh_cdc.o
 .debug_line    0x000000000001a3b1     0x4574 build/stm32f4xx_hal_uart.o
 .debug_line    0x000000000001e925      0x3b4 build/sensors.o
 .debug_line    0x000000000001ecd9      0x30a build/move.o
 .debug_line    0x000000000001efe3       0x76 build/startup_stm32f407xx.o
 .debug_line    0x000000000001f059       0xe3 /usr/lib/gcc/arm-none-eabi/9.2.1/../../../arm-none-eabi/lib/thumb/v7e-m+fp/hard/libc_nano.a(lib_a-impure.o)
 .debug_line    0x000000000001f13c      0x137 /usr/lib/gcc/arm-none-eabi/9.2.1/../../../arm-none-eabi/lib/thumb/v7e-m+fp/hard/libc_nano.a(lib_a-init.o)
 .debug_line    0x000000000001f273      0x16a /usr/lib/gcc/arm-none-eabi/9.2.1/../../../arm-none-eabi/lib/thumb/v7e-m+fp/hard/libc_nano.a(lib_a-malloc.o)
 .debug_line    0x000000000001f3dd      0x27a /usr/lib/gcc/arm-none-eabi/9.2.1/../../../arm-none-eabi/lib/thumb/v7e-m+fp/hard/libc_nano.a(lib_a-memset.o)
 .debug_line    0x000000000001f657      0x2d9 /usr/lib/gcc/arm-none-eabi/9.2.1/../../../arm-none-eabi/lib/thumb/v7e-m+fp/hard/libc_nano.a(lib_a-nano-freer.o)
 .debug_line    0x000000000001f930      0x2d3 /usr/lib/gcc/arm-none-eabi/9.2.1/../../../arm-none-eabi/lib/thumb/v7e-m+fp/hard/libc_nano.a(lib_a-nano-mallocr.o)
 .debug_line    0x000000000001fc03      0x182 /usr/lib/gcc/arm-none-eabi/9.2.1/../../../arm-none-eabi/lib/thumb/v7e-m+fp/hard/libc_nano.a(lib_a-sbrkr.o)
 .debug_line    0x000000000001fd85      0x13d /usr/lib/gcc/arm-none-eabi/9.2.1/../../../arm-none-eabi/lib/thumb/v7e-m+fp/hard/libc_nano.a(lib_a-mlock.o)
 .debug_line    0x000000000001fec2      0x282 /usr/lib/gcc/arm-none-eabi/9.2.1/../../../arm-none-eabi/lib/thumb/v7e-m+fp/hard/libc_nano.a(lib_a-reent.o)
 .debug_line    0x0000000000020144       0x79 /usr/lib/gcc/arm-none-eabi/9.2.1/../../../arm-none-eabi/lib/thumb/v7e-m+fp/hard/libnosys.a(sbrk.o)
 .debug_line    0x00000000000201bd       0x60 /usr/lib/gcc/arm-none-eabi/9.2.1/thumb/v7e-m+fp/hard/libgcc.a(_aeabi_uldivmod.o)
 .debug_line    0x000000000002021d      0x61a /usr/lib/gcc/arm-none-eabi/9.2.1/thumb/v7e-m+fp/hard/libgcc.a(_udivmoddi4.o)
 .debug_line    0x0000000000020837       0x60 /usr/lib/gcc/arm-none-eabi/9.2.1/thumb/v7e-m+fp/hard/libgcc.a(_dvmd_tls.o)

.debug_str      0x0000000000000000     0x9502
 .debug_str     0x0000000000000000     0x1823 build/main.o
                                       0x1a14 (size before relaxing)
 .debug_str     0x0000000000001823      0x867 build/usb_host.o
                                       0x1bc0 (size before relaxing)
 .debug_str     0x000000000000208a      0xd5c build/usbh_conf.o
                                       0x2a1e (size before relaxing)
 .debug_str     0x0000000000002de6       0x22 build/usbh_platform.o
                                        0x309 (size before relaxing)
 .debug_str     0x0000000000002e08      0x13f build/stm32f4xx_it.o
                                       0x13ca (size before relaxing)
 .debug_str     0x0000000000002f47      0x1d7 build/stm32f4xx_hal_msp.o
                                       0x17b2 (size before relaxing)
 .debug_str     0x000000000000311e      0x33b build/stm32f4xx_hal_hcd.o
                                        0xbf5 (size before relaxing)
 .debug_str     0x0000000000003459      0x4fc build/stm32f4xx_ll_usb.o
                                        0xd2b (size before relaxing)
 .debug_str     0x0000000000003955      0x1db build/stm32f4xx_hal_rcc.o
                                        0x76a (size before relaxing)
 .debug_str     0x0000000000003b30       0xf6 build/stm32f4xx_hal_rcc_ex.o
                                        0x56e (size before relaxing)
 .debug_str     0x0000000000003c26      0x117 build/stm32f4xx_hal_gpio.o
                                        0x597 (size before relaxing)
 .debug_str     0x0000000000003d3d      0x4a7 build/stm32f4xx_hal_cortex.o
                                        0xcdc (size before relaxing)
 .debug_str     0x00000000000041e4      0x21f build/stm32f4xx_hal.o
                                        0xb9d (size before relaxing)
 .debug_str     0x0000000000004403      0x8ae build/stm32f4xx_hal_i2c.o
                                       0x10d7 (size before relaxing)
 .debug_str     0x0000000000004cb1      0x264 build/stm32f4xx_hal_i2s.o
                                        0x9f9 (size before relaxing)
 .debug_str     0x0000000000004f15      0x1ee build/stm32f4xx_hal_i2s_ex.o
                                        0x93a (size before relaxing)
 .debug_str     0x0000000000005103      0x4eb build/stm32f4xx_hal_spi.o
                                        0xca1 (size before relaxing)
 .debug_str     0x00000000000055ee      0xd67 build/stm32f4xx_hal_tim.o
                                       0x1782 (size before relaxing)
 .debug_str     0x0000000000006355      0x46f build/stm32f4xx_hal_tim_ex.o
                                        0xf83 (size before relaxing)
 .debug_str     0x00000000000067c4       0x42 build/system_stm32f4xx.o
                                        0x406 (size before relaxing)
 .debug_str     0x0000000000006806      0x1d0 build/usbh_core.o
                                       0x1e1d (size before relaxing)
 .debug_str     0x00000000000069d6      0x1ff build/usbh_ctlreq.o
                                       0x1df2 (size before relaxing)
 .debug_str     0x0000000000006bd5       0xbb build/usbh_ioreq.o
                                       0x1c26 (size before relaxing)
 .debug_str     0x0000000000006c90       0x64 build/usbh_pipes.o
                                       0x1bbc (size before relaxing)
 .debug_str     0x0000000000006cf4      0x5ca build/usbh_cdc.o
                                       0x2299 (size before relaxing)
 .debug_str     0x00000000000072be      0x5df build/stm32f4xx_hal_uart.o
                                        0xdf4 (size before relaxing)
 .debug_str     0x000000000000789d       0x40 build/sensors.o
                                       0x1379 (size before relaxing)
 .debug_str     0x00000000000078dd       0x46 build/move.o
                                        0xfa3 (size before relaxing)
 .debug_str     0x0000000000007923       0x24 build/startup_stm32f407xx.o
                                         0x5d (size before relaxing)
 .debug_str     0x0000000000007947      0x1ae /usr/lib/gcc/arm-none-eabi/9.2.1/../../../arm-none-eabi/lib/thumb/v7e-m+fp/hard/libc_nano.a(lib_a-impure.o)
                                        0x5e6 (size before relaxing)
 .debug_str     0x0000000000007af5       0xf6 /usr/lib/gcc/arm-none-eabi/9.2.1/../../../arm-none-eabi/lib/thumb/v7e-m+fp/hard/libc_nano.a(lib_a-init.o)
                                        0x22d (size before relaxing)
 .debug_str     0x0000000000007beb       0xb4 /usr/lib/gcc/arm-none-eabi/9.2.1/../../../arm-none-eabi/lib/thumb/v7e-m+fp/hard/libc_nano.a(lib_a-malloc.o)
                                        0x617 (size before relaxing)
 .debug_str     0x0000000000007c9f      0x315 /usr/lib/gcc/arm-none-eabi/9.2.1/../../../arm-none-eabi/lib/thumb/v7e-m+fp/hard/libc_nano.a(lib_a-memset.o)
                                        0x913 (size before relaxing)
 .debug_str     0x0000000000007fb4      0x137 /usr/lib/gcc/arm-none-eabi/9.2.1/../../../arm-none-eabi/lib/thumb/v7e-m+fp/hard/libc_nano.a(lib_a-nano-freer.o)
                                        0x716 (size before relaxing)
 .debug_str     0x00000000000080eb       0x32 /usr/lib/gcc/arm-none-eabi/9.2.1/../../../arm-none-eabi/lib/thumb/v7e-m+fp/hard/libc_nano.a(lib_a-nano-mallocr.o)
                                        0x72d (size before relaxing)
 .debug_str     0x000000000000811d       0x6d /usr/lib/gcc/arm-none-eabi/9.2.1/../../../arm-none-eabi/lib/thumb/v7e-m+fp/hard/libc_nano.a(lib_a-sbrkr.o)
                                        0x629 (size before relaxing)
 .debug_str     0x000000000000818a       0x4c /usr/lib/gcc/arm-none-eabi/9.2.1/../../../arm-none-eabi/lib/thumb/v7e-m+fp/hard/libc_nano.a(lib_a-mlock.o)
                                        0x612 (size before relaxing)
 .debug_str     0x00000000000081d6       0x5e /usr/lib/gcc/arm-none-eabi/9.2.1/../../../arm-none-eabi/lib/thumb/v7e-m+fp/hard/libc_nano.a(lib_a-reent.o)
                                        0x622 (size before relaxing)
 .debug_str     0x0000000000008234      0x11a /usr/lib/gcc/arm-none-eabi/9.2.1/../../../arm-none-eabi/lib/thumb/v7e-m+fp/hard/libnosys.a(sbrk.o)
                                        0x133 (size before relaxing)
 .debug_str     0x000000000000834e       0xa3 /usr/lib/gcc/arm-none-eabi/9.2.1/thumb/v7e-m+fp/hard/libgcc.a(_aeabi_uldivmod.o)
 .debug_str     0x00000000000083f1     0x10e1 /usr/lib/gcc/arm-none-eabi/9.2.1/thumb/v7e-m+fp/hard/libgcc.a(_udivmoddi4.o)
                                       0x11e6 (size before relaxing)
 .debug_str     0x00000000000094d2       0x30 /usr/lib/gcc/arm-none-eabi/9.2.1/thumb/v7e-m+fp/hard/libgcc.a(_dvmd_tls.o)
                                         0xa7 (size before relaxing)

.debug_frame    0x0000000000000000     0x483c
 .debug_frame   0x0000000000000000      0x160 build/main.o
 .debug_frame   0x0000000000000160       0x50 build/usb_host.o
 .debug_frame   0x00000000000001b0      0x24c build/usbh_conf.o
 .debug_frame   0x00000000000003fc       0x28 build/usbh_platform.o
 .debug_frame   0x0000000000000424      0x120 build/stm32f4xx_it.o
 .debug_frame   0x0000000000000544      0x1a4 build/stm32f4xx_hal_msp.o
 .debug_frame   0x00000000000006e8      0x2b0 build/stm32f4xx_hal_hcd.o
 .debug_frame   0x0000000000000998      0x4bc build/stm32f4xx_ll_usb.o
 .debug_frame   0x0000000000000e54      0x174 build/stm32f4xx_hal_rcc.o
 .debug_frame   0x0000000000000fc8       0xa4 build/stm32f4xx_hal_rcc_ex.o
 .debug_frame   0x000000000000106c       0xd8 build/stm32f4xx_hal_gpio.o
 .debug_frame   0x0000000000001144      0x15c build/stm32f4xx_hal_cortex.o
 .debug_frame   0x00000000000012a0      0x1ec build/stm32f4xx_hal.o
 .debug_frame   0x000000000000148c      0x970 build/stm32f4xx_hal_i2c.o
 .debug_frame   0x0000000000001dfc      0x324 build/stm32f4xx_hal_i2s.o
 .debug_frame   0x0000000000002120      0x194 build/stm32f4xx_hal_i2s_ex.o
 .debug_frame   0x00000000000022b4      0x5a0 build/stm32f4xx_hal_spi.o
 .debug_frame   0x0000000000002854      0xb18 build/stm32f4xx_hal_tim.o
 .debug_frame   0x000000000000336c      0x420 build/stm32f4xx_hal_tim_ex.o
 .debug_frame   0x000000000000378c       0x30 build/system_stm32f4xx.o
 .debug_frame   0x00000000000037bc      0x208 build/usbh_core.o
 .debug_frame   0x00000000000039c4      0x1e8 build/usbh_ctlreq.o
 .debug_frame   0x0000000000003bac      0x130 build/usbh_ioreq.o
 .debug_frame   0x0000000000003cdc       0x84 build/usbh_pipes.o
 .debug_frame   0x0000000000003d60      0x1bc build/usbh_cdc.o
 .debug_frame   0x0000000000003f1c      0x5cc build/stm32f4xx_hal_uart.o
 .debug_frame   0x00000000000044e8       0x70 build/sensors.o
 .debug_frame   0x0000000000004558       0x84 build/move.o
 .debug_frame   0x00000000000045dc       0x2c /usr/lib/gcc/arm-none-eabi/9.2.1/../../../arm-none-eabi/lib/thumb/v7e-m+fp/hard/libc_nano.a(lib_a-init.o)
 .debug_frame   0x0000000000004608       0x30 /usr/lib/gcc/arm-none-eabi/9.2.1/../../../arm-none-eabi/lib/thumb/v7e-m+fp/hard/libc_nano.a(lib_a-malloc.o)
 .debug_frame   0x0000000000004638       0x38 /usr/lib/gcc/arm-none-eabi/9.2.1/../../../arm-none-eabi/lib/thumb/v7e-m+fp/hard/libc_nano.a(lib_a-memset.o)
 .debug_frame   0x0000000000004670       0x54 /usr/lib/gcc/arm-none-eabi/9.2.1/../../../arm-none-eabi/lib/thumb/v7e-m+fp/hard/libc_nano.a(lib_a-nano-freer.o)
 .debug_frame   0x00000000000046c4       0x30 /usr/lib/gcc/arm-none-eabi/9.2.1/../../../arm-none-eabi/lib/thumb/v7e-m+fp/hard/libc_nano.a(lib_a-nano-mallocr.o)
 .debug_frame   0x00000000000046f4       0x2c /usr/lib/gcc/arm-none-eabi/9.2.1/../../../arm-none-eabi/lib/thumb/v7e-m+fp/hard/libc_nano.a(lib_a-sbrkr.o)
 .debug_frame   0x0000000000004720       0x30 /usr/lib/gcc/arm-none-eabi/9.2.1/../../../arm-none-eabi/lib/thumb/v7e-m+fp/hard/libc_nano.a(lib_a-mlock.o)
 .debug_frame   0x0000000000004750       0x6c /usr/lib/gcc/arm-none-eabi/9.2.1/../../../arm-none-eabi/lib/thumb/v7e-m+fp/hard/libc_nano.a(lib_a-reent.o)
 .debug_frame   0x00000000000047bc       0x20 /usr/lib/gcc/arm-none-eabi/9.2.1/../../../arm-none-eabi/lib/thumb/v7e-m+fp/hard/libnosys.a(sbrk.o)
 .debug_frame   0x00000000000047dc       0x2c /usr/lib/gcc/arm-none-eabi/9.2.1/thumb/v7e-m+fp/hard/libgcc.a(_aeabi_uldivmod.o)
 .debug_frame   0x0000000000004808       0x34 /usr/lib/gcc/arm-none-eabi/9.2.1/thumb/v7e-m+fp/hard/libgcc.a(_udivmoddi4.o)

Cross Reference Table

Symbol                                            File
ADC_IRQHandler                                    build/startup_stm32f407xx.o
AHBPrescTable                                     build/system_stm32f4xx.o
                                                  build/stm32f4xx_hal_rcc.o
APBPrescTable                                     build/system_stm32f4xx.o
                                                  build/stm32f4xx_hal_rcc.o
Appli_state                                       build/usb_host.o
BusFault_Handler                                  build/stm32f4xx_it.o
CAN1_RX0_IRQHandler                               build/startup_stm32f407xx.o
CAN1_RX1_IRQHandler                               build/startup_stm32f407xx.o
CAN1_SCE_IRQHandler                               build/startup_stm32f407xx.o
CAN1_TX_IRQHandler                                build/startup_stm32f407xx.o
CAN2_RX0_IRQHandler                               build/startup_stm32f407xx.o
CAN2_RX1_IRQHandler                               build/startup_stm32f407xx.o
CAN2_SCE_IRQHandler                               build/startup_stm32f407xx.o
CAN2_TX_IRQHandler                                build/startup_stm32f407xx.o
CDC_Class                                         build/usbh_cdc.o
                                                  build/usb_host.o
DCMI_IRQHandler                                   build/startup_stm32f407xx.o
DMA1_Stream0_IRQHandler                           build/startup_stm32f407xx.o
DMA1_Stream1_IRQHandler                           build/startup_stm32f407xx.o
DMA1_Stream2_IRQHandler                           build/startup_stm32f407xx.o
DMA1_Stream3_IRQHandler                           build/startup_stm32f407xx.o
DMA1_Stream4_IRQHandler                           build/startup_stm32f407xx.o
DMA1_Stream5_IRQHandler                           build/startup_stm32f407xx.o
DMA1_Stream6_IRQHandler                           build/startup_stm32f407xx.o
DMA1_Stream7_IRQHandler                           build/startup_stm32f407xx.o
DMA2_Stream0_IRQHandler                           build/startup_stm32f407xx.o
DMA2_Stream1_IRQHandler                           build/startup_stm32f407xx.o
DMA2_Stream2_IRQHandler                           build/startup_stm32f407xx.o
DMA2_Stream3_IRQHandler                           build/startup_stm32f407xx.o