Archive member included to satisfy reference by file (symbol)

/usr/lib/gcc/arm-none-eabi/9.2.1/../../../arm-none-eabi/lib/thumb/v7e-m+fp/hard/libc_nano.a(lib_a-atexit.o)
                              /usr/lib/gcc/arm-none-eabi/9.2.1/../../../arm-none-eabi/lib/thumb/v7e-m+fp/hard/crt0.o (atexit)
/usr/lib/gcc/arm-none-eabi/9.2.1/../../../arm-none-eabi/lib/thumb/v7e-m+fp/hard/libc_nano.a(lib_a-exit.o)
                              /usr/lib/gcc/arm-none-eabi/9.2.1/../../../arm-none-eabi/lib/thumb/v7e-m+fp/hard/crt0.o (exit)
/usr/lib/gcc/arm-none-eabi/9.2.1/../../../arm-none-eabi/lib/thumb/v7e-m+fp/hard/libc_nano.a(lib_a-fini.o)
                              /usr/lib/gcc/arm-none-eabi/9.2.1/../../../arm-none-eabi/lib/thumb/v7e-m+fp/hard/crt0.o (__libc_fini_array)
/usr/lib/gcc/arm-none-eabi/9.2.1/../../../arm-none-eabi/lib/thumb/v7e-m+fp/hard/libc_nano.a(lib_a-impure.o)
                              /usr/lib/gcc/arm-none-eabi/9.2.1/../../../arm-none-eabi/lib/thumb/v7e-m+fp/hard/libc_nano.a(lib_a-exit.o) (_global_impure_ptr)
/usr/lib/gcc/arm-none-eabi/9.2.1/../../../arm-none-eabi/lib/thumb/v7e-m+fp/hard/libc_nano.a(lib_a-init.o)
                              /usr/lib/gcc/arm-none-eabi/9.2.1/../../../arm-none-eabi/lib/thumb/v7e-m+fp/hard/crt0.o (__libc_init_array)
/usr/lib/gcc/arm-none-eabi/9.2.1/../../../arm-none-eabi/lib/thumb/v7e-m+fp/hard/libc_nano.a(lib_a-memset.o)
                              /usr/lib/gcc/arm-none-eabi/9.2.1/../../../arm-none-eabi/lib/thumb/v7e-m+fp/hard/crt0.o (memset)
/usr/lib/gcc/arm-none-eabi/9.2.1/../../../arm-none-eabi/lib/thumb/v7e-m+fp/hard/libc_nano.a(lib_a-__atexit.o)
                              /usr/lib/gcc/arm-none-eabi/9.2.1/../../../arm-none-eabi/lib/thumb/v7e-m+fp/hard/libc_nano.a(lib_a-atexit.o) (__register_exitproc)
/usr/lib/gcc/arm-none-eabi/9.2.1/../../../arm-none-eabi/lib/thumb/v7e-m+fp/hard/libc_nano.a(lib_a-__call_atexit.o)
                              /usr/lib/gcc/arm-none-eabi/9.2.1/../../../arm-none-eabi/lib/thumb/v7e-m+fp/hard/libc_nano.a(lib_a-__atexit.o) (__call_exitprocs)
/usr/lib/gcc/arm-none-eabi/9.2.1/../../../arm-none-eabi/lib/thumb/v7e-m+fp/hard/libnosys.a(_exit.o)
                              /usr/lib/gcc/arm-none-eabi/9.2.1/../../../arm-none-eabi/lib/thumb/v7e-m+fp/hard/libc_nano.a(lib_a-exit.o) (_exit)
/usr/lib/gcc/arm-none-eabi/9.2.1/thumb/v7e-m+fp/hard/libgcc.a(_aeabi_uldivmod.o)
                              build/stm32l4xx_hal_uart.o (__aeabi_uldivmod)
/usr/lib/gcc/arm-none-eabi/9.2.1/thumb/v7e-m+fp/hard/libgcc.a(_udivmoddi4.o)
                              /usr/lib/gcc/arm-none-eabi/9.2.1/thumb/v7e-m+fp/hard/libgcc.a(_aeabi_uldivmod.o) (__udivmoddi4)
/usr/lib/gcc/arm-none-eabi/9.2.1/thumb/v7e-m+fp/hard/libgcc.a(_dvmd_tls.o)
                              /usr/lib/gcc/arm-none-eabi/9.2.1/thumb/v7e-m+fp/hard/libgcc.a(_aeabi_uldivmod.o) (__aeabi_ldiv0)

Allocating common symbols
Common symbol       size              file

uwTick              0x4               build/stm32l4xx_hal.o
htim2               0x4c              build/main.o
huart2              0x84              build/main.o

Discarded input sections

 .text          0x0000000000000000        0x0 /usr/lib/gcc/arm-none-eabi/9.2.1/thumb/v7e-m+fp/hard/crti.o
 .data          0x0000000000000000        0x0 /usr/lib/gcc/arm-none-eabi/9.2.1/thumb/v7e-m+fp/hard/crti.o
 .bss           0x0000000000000000        0x0 /usr/lib/gcc/arm-none-eabi/9.2.1/thumb/v7e-m+fp/hard/crti.o
 .data          0x0000000000000000        0x4 /usr/lib/gcc/arm-none-eabi/9.2.1/thumb/v7e-m+fp/hard/crtbegin.o
 .text          0x0000000000000000       0x70 /usr/lib/gcc/arm-none-eabi/9.2.1/../../../arm-none-eabi/lib/thumb/v7e-m+fp/hard/crt0.o
 .data          0x0000000000000000        0x0 /usr/lib/gcc/arm-none-eabi/9.2.1/../../../arm-none-eabi/lib/thumb/v7e-m+fp/hard/crt0.o
 .bss           0x0000000000000000        0x0 /usr/lib/gcc/arm-none-eabi/9.2.1/../../../arm-none-eabi/lib/thumb/v7e-m+fp/hard/crt0.o
 .ARM.extab     0x0000000000000000        0x0 /usr/lib/gcc/arm-none-eabi/9.2.1/../../../arm-none-eabi/lib/thumb/v7e-m+fp/hard/crt0.o
 .ARM.exidx     0x0000000000000000       0x10 /usr/lib/gcc/arm-none-eabi/9.2.1/../../../arm-none-eabi/lib/thumb/v7e-m+fp/hard/crt0.o
 .debug_line    0x0000000000000000       0x87 /usr/lib/gcc/arm-none-eabi/9.2.1/../../../arm-none-eabi/lib/thumb/v7e-m+fp/hard/crt0.o
 .debug_info    0x0000000000000000       0x26 /usr/lib/gcc/arm-none-eabi/9.2.1/../../../arm-none-eabi/lib/thumb/v7e-m+fp/hard/crt0.o
 .debug_abbrev  0x0000000000000000       0x14 /usr/lib/gcc/arm-none-eabi/9.2.1/../../../arm-none-eabi/lib/thumb/v7e-m+fp/hard/crt0.o
 .debug_aranges
                0x0000000000000000       0x20 /usr/lib/gcc/arm-none-eabi/9.2.1/../../../arm-none-eabi/lib/thumb/v7e-m+fp/hard/crt0.o
 .debug_str     0x0000000000000000       0x98 /usr/lib/gcc/arm-none-eabi/9.2.1/../../../arm-none-eabi/lib/thumb/v7e-m+fp/hard/crt0.o
 .ARM.attributes
[...]
Memory Configuration

Name             Origin             Length             Attributes
RAM              0x0000000020000000 0x000000000000c000 xrw
RAM2             0x0000000010000000 0x0000000000004000 xrw
FLASH            0x0000000008000000 0x0000000000040000 xr
*default*        0x0000000000000000 0xffffffffffffffff

Linker script and memory map

LOAD /usr/lib/gcc/arm-none-eabi/9.2.1/thumb/v7e-m+fp/hard/crti.o
LOAD /usr/lib/gcc/arm-none-eabi/9.2.1/thumb/v7e-m+fp/hard/crtbegin.o
LOAD /usr/lib/gcc/arm-none-eabi/9.2.1/../../../arm-none-eabi/lib/thumb/v7e-m+fp/hard/crt0.o
LOAD build/main.o
LOAD build/stm32l4xx_it.o
LOAD build/stm32l4xx_hal_msp.o
LOAD build/stm32l4xx_hal_tim.o
LOAD build/stm32l4xx_hal_tim_ex.o
LOAD build/stm32l4xx_hal.o
LOAD build/stm32l4xx_hal_i2c.o
LOAD build/stm32l4xx_hal_i2c_ex.o
LOAD build/stm32l4xx_hal_rcc.o
LOAD build/stm32l4xx_hal_rcc_ex.o
LOAD build/stm32l4xx_hal_flash.o
LOAD build/stm32l4xx_hal_flash_ex.o
LOAD build/stm32l4xx_hal_flash_ramfunc.o
LOAD build/stm32l4xx_hal_gpio.o
LOAD build/stm32l4xx_hal_dma.o
LOAD build/stm32l4xx_hal_dma_ex.o
LOAD build/stm32l4xx_hal_pwr.o
LOAD build/stm32l4xx_hal_pwr_ex.o
LOAD build/stm32l4xx_hal_cortex.o
LOAD build/stm32l4xx_hal_exti.o
LOAD build/stm32l4xx_hal_uart.o
LOAD build/stm32l4xx_hal_uart_ex.o
LOAD build/system_stm32l4xx.o
LOAD build/startup_stm32l432xx.o
LOAD /usr/lib/gcc/arm-none-eabi/9.2.1/../../../arm-none-eabi/lib/thumb/v7e-m+fp/hard/libc_nano.a
LOAD /usr/lib/gcc/arm-none-eabi/9.2.1/../../../arm-none-eabi/lib/thumb/v7e-m+fp/hard/libm.a
LOAD /usr/lib/gcc/arm-none-eabi/9.2.1/../../../arm-none-eabi/lib/thumb/v7e-m+fp/hard/libnosys.a
START GROUP
LOAD /usr/lib/gcc/arm-none-eabi/9.2.1/thumb/v7e-m+fp/hard/libgcc.a
LOAD /usr/lib/gcc/arm-none-eabi/9.2.1/../../../arm-none-eabi/lib/thumb/v7e-m+fp/hard/libc_nano.a
END GROUP
START GROUP
LOAD /usr/lib/gcc/arm-none-eabi/9.2.1/thumb/v7e-m+fp/hard/libgcc.a
LOAD /usr/lib/gcc/arm-none-eabi/9.2.1/../../../arm-none-eabi/lib/thumb/v7e-m+fp/hard/libc_nano.a
END GROUP
LOAD /usr/lib/gcc/arm-none-eabi/9.2.1/thumb/v7e-m+fp/hard/crtend.o
LOAD /usr/lib/gcc/arm-none-eabi/9.2.1/thumb/v7e-m+fp/hard/crtn.o
                0x000000002000c000                _estack = 0x2000c000
                0x0000000000000200                _Min_Heap_Size = 0x200
                0x0000000000000400                _Min_Stack_Size = 0x400

.isr_vector     0x0000000008000000      0x190
                0x0000000008000000                . = ALIGN (0x8)
 *(.isr_vector)
 .isr_vector    0x0000000008000000      0x18c build/startup_stm32l432xx.o
                0x0000000008000000                g_pfnVectors
                0x0000000008000190                . = ALIGN (0x8)
 *fill*         0x000000000800018c        0x4 

.text           0x0000000008000190     0x2740
                0x0000000008000190                . = ALIGN (0x8)
 *(.text)
 .text          0x0000000008000190       0x88 /usr/lib/gcc/arm-none-eabi/9.2.1/thumb/v7e-m+fp/hard/crtbegin.o
 .text          0x0000000008000218       0x48 /usr/lib/gcc/arm-none-eabi/9.2.1/../../../arm-none-eabi/lib/thumb/v7e-m+fp/hard/libc_nano.a(lib_a-init.o)
                0x0000000008000218                __libc_init_array
 .text          0x0000000008000260       0xa0 /usr/lib/gcc/arm-none-eabi/9.2.1/../../../arm-none-eabi/lib/thumb/v7e-m+fp/hard/libc_nano.a(lib_a-memset.o)
                0x0000000008000260                memset
 .text          0x0000000008000300       0x30 /usr/lib/gcc/arm-none-eabi/9.2.1/thumb/v7e-m+fp/hard/libgcc.a(_aeabi_uldivmod.o)
                0x0000000008000300                __aeabi_uldivmod
 .text          0x0000000008000330      0x2c4 /usr/lib/gcc/arm-none-eabi/9.2.1/thumb/v7e-m+fp/hard/libgcc.a(_udivmoddi4.o)
                0x0000000008000330                __udivmoddi4
 .text          0x00000000080005f4        0x4 /usr/lib/gcc/arm-none-eabi/9.2.1/thumb/v7e-m+fp/hard/libgcc.a(_dvmd_tls.o)
                0x00000000080005f4                __aeabi_ldiv0
                0x00000000080005f4                __aeabi_idiv0
 *(.text*)
 .text.MX_GPIO_Init
                0x00000000080005f8       0x90 build/main.o
 .text.Error_Handler
                0x0000000008000688        0x4 build/main.o
                0x0000000008000688                Error_Handler
 .text.MX_USART2_UART_Init
                0x000000000800068c       0x38 build/main.o
 .text.MX_TIM2_Init
                0x00000000080006c4       0xa4 build/main.o
 .text.SystemClock_Config
                0x0000000008000768       0xa8 build/main.o
                0x0000000008000768                SystemClock_Config
 .text.main     0x0000000008000810       0x50 build/main.o
                0x0000000008000810                main
 .text.NMI_Handler
                0x0000000008000860        0x2 build/stm32l4xx_it.o
                0x0000000008000860                NMI_Handler
 .text.HardFault_Handler
                0x0000000008000862        0x2 build/stm32l4xx_it.o
                0x0000000008000862                HardFault_Handler
 .text.MemManage_Handler
                0x0000000008000864        0x2 build/stm32l4xx_it.o
                0x0000000008000864                MemManage_Handler
 .text.BusFault_Handler
                0x0000000008000866        0x2 build/stm32l4xx_it.o
                0x0000000008000866                BusFault_Handler
 .text.UsageFault_Handler
                0x0000000008000868        0x2 build/stm32l4xx_it.o
                0x0000000008000868                UsageFault_Handler
 .text.SVC_Handler
                0x000000000800086a        0x2 build/stm32l4xx_it.o
                0x000000000800086a                SVC_Handler
 .text.DebugMon_Handler
                0x000000000800086c        0x2 build/stm32l4xx_it.o
                0x000000000800086c                DebugMon_Handler
 .text.PendSV_Handler
                0x000000000800086e        0x2 build/stm32l4xx_it.o
                0x000000000800086e                PendSV_Handler
 .text.SysTick_Handler
                0x0000000008000870        0x8 build/stm32l4xx_it.o
                0x0000000008000870                SysTick_Handler
 .text.HAL_MspInit
                0x0000000008000878       0x30 build/stm32l4xx_hal_msp.o
                0x0000000008000878                HAL_MspInit
 .text.HAL_TIM_Base_MspInit
                0x00000000080008a8       0x26 build/stm32l4xx_hal_msp.o
                0x00000000080008a8                HAL_TIM_Base_MspInit
 .text.HAL_TIM_MspPostInit
                0x00000000080008ce       0x52 build/stm32l4xx_hal_msp.o
                0x00000000080008ce                HAL_TIM_MspPostInit
 .text.HAL_UART_MspInit
                0x0000000008000920       0xa4 build/stm32l4xx_hal_msp.o
                0x0000000008000920                HAL_UART_MspInit
 .text.TIM_OC1_SetConfig
                0x00000000080009c4       0x7c build/stm32l4xx_hal_tim.o
 .text.TIM_OC3_SetConfig
                0x0000000008000a40       0x74 build/stm32l4xx_hal_tim.o
 .text.TIM_OC4_SetConfig
                0x0000000008000ab4       0x5c build/stm32l4xx_hal_tim.o
 .text.TIM_OC5_SetConfig
                0x0000000008000b10       0x58 build/stm32l4xx_hal_tim.o
 .text.TIM_OC6_SetConfig
                0x0000000008000b68       0x5c build/stm32l4xx_hal_tim.o
 .text.TIM_TI1_ConfigInputStage
                0x0000000008000bc4       0x24 build/stm32l4xx_hal_tim.o
 .text.TIM_TI2_ConfigInputStage
                0x0000000008000be8       0x26 build/stm32l4xx_hal_tim.o
 .text.TIM_ITRx_SetConfig
                0x0000000008000c0e       0x10 build/stm32l4xx_hal_tim.o
 .text.HAL_TIM_PWM_MspInit
                0x0000000008000c1e        0x2 build/stm32l4xx_hal_tim.o
                0x0000000008000c1e                HAL_TIM_PWM_MspInit
 .text.TIM_Base_SetConfig
                0x0000000008000c20       0x70 build/stm32l4xx_hal_tim.o
                0x0000000008000c20                TIM_Base_SetConfig
 .text.HAL_TIM_Base_Init
                0x0000000008000c90       0x60 build/stm32l4xx_hal_tim.o
                0x0000000008000c90                HAL_TIM_Base_Init
 .text.HAL_TIM_PWM_Init
                0x0000000008000cf0       0x60 build/stm32l4xx_hal_tim.o
                0x0000000008000cf0                HAL_TIM_PWM_Init
 .text.TIM_OC2_SetConfig
                0x0000000008000d50       0x78 build/stm32l4xx_hal_tim.o
                0x0000000008000d50                TIM_OC2_SetConfig
 .text.HAL_TIM_PWM_ConfigChannel
                0x0000000008000dc8      0x128 build/stm32l4xx_hal_tim.o
                0x0000000008000dc8                HAL_TIM_PWM_ConfigChannel
 .text.TIM_ETR_SetConfig
                0x0000000008000ef0       0x18 build/stm32l4xx_hal_tim.o
                0x0000000008000ef0                TIM_ETR_SetConfig
 .text.HAL_TIM_ConfigClockSource
                0x0000000008000f08       0xdc build/stm32l4xx_hal_tim.o
                0x0000000008000f08                HAL_TIM_ConfigClockSource
 .text.TIM_CCxChannelCmd
                0x0000000008000fe4       0x24 build/stm32l4xx_hal_tim.o
                0x0000000008000fe4                TIM_CCxChannelCmd
 .text.HAL_TIM_PWM_Start
                0x0000000008001008      0x130 build/stm32l4xx_hal_tim.o
                0x0000000008001008                HAL_TIM_PWM_Start
 .text.HAL_TIMEx_MasterConfigSynchronization
                0x0000000008001138       0x70 build/stm32l4xx_hal_tim_ex.o
                0x0000000008001138                HAL_TIMEx_MasterConfigSynchronization
 .text.HAL_InitTick
                0x00000000080011a8       0x50 build/stm32l4xx_hal.o
                0x00000000080011a8                HAL_InitTick
 .text.HAL_Init
                0x00000000080011f8       0x1e build/stm32l4xx_hal.o
                0x00000000080011f8                HAL_Init
 *fill*         0x0000000008001216        0x2 
 .text.HAL_IncTick
                0x0000000008001218       0x18 build/stm32l4xx_hal.o
                0x0000000008001218                HAL_IncTick
 .text.HAL_GetTick
                0x0000000008001230        0xc build/stm32l4xx_hal.o
                0x0000000008001230                HAL_GetTick
 .text.HAL_Delay
                0x000000000800123c       0x28 build/stm32l4xx_hal.o
                0x000000000800123c                HAL_Delay
 .text.RCC_SetFlashLatencyFromMSIRange
                0x0000000008001264       0x90 build/stm32l4xx_hal_rcc.o
 .text.HAL_RCC_MCOConfig
                0x00000000080012f4       0x50 build/stm32l4xx_hal_rcc.o
                0x00000000080012f4                HAL_RCC_MCOConfig
 .text.HAL_RCC_GetSysClockFreq
                0x0000000008001344       0xb4 build/stm32l4xx_hal_rcc.o
                0x0000000008001344                HAL_RCC_GetSysClockFreq
 .text.HAL_RCC_OscConfig
                0x00000000080013f8      0x680 build/stm32l4xx_hal_rcc.o
                0x00000000080013f8                HAL_RCC_OscConfig
 .text.HAL_RCC_ClockConfig
                0x0000000008001a78      0x15c build/stm32l4xx_hal_rcc.o
                0x0000000008001a78                HAL_RCC_ClockConfig
 .text.HAL_RCC_GetHCLKFreq
                0x0000000008001bd4        0xc build/stm32l4xx_hal_rcc.o
                0x0000000008001bd4                HAL_RCC_GetHCLKFreq
 .text.HAL_RCC_GetPCLK1Freq
                0x0000000008001be0       0x24 build/stm32l4xx_hal_rcc.o
                0x0000000008001be0                HAL_RCC_GetPCLK1Freq
 .text.HAL_RCC_GetPCLK2Freq
                0x0000000008001c04       0x24 build/stm32l4xx_hal_rcc.o
                0x0000000008001c04                HAL_RCC_GetPCLK2Freq
 .text.RCCEx_PLLSAI1_Config
                0x0000000008001c28      0x16c build/stm32l4xx_hal_rcc_ex.o
 .text.HAL_RCCEx_PeriphCLKConfig
                0x0000000008001d94      0x2e8 build/stm32l4xx_hal_rcc_ex.o
                0x0000000008001d94                HAL_RCCEx_PeriphCLKConfig
 .text.HAL_RCCEx_EnableMSIPLLMode
                0x000000000800207c       0x10 build/stm32l4xx_hal_rcc_ex.o
                0x000000000800207c                HAL_RCCEx_EnableMSIPLLMode
 .text.HAL_GPIO_Init
                0x000000000800208c      0x180 build/stm32l4xx_hal_gpio.o
                0x000000000800208c                HAL_GPIO_Init
 .text.HAL_GPIO_WritePin
                0x000000000800220c        0xa build/stm32l4xx_hal_gpio.o
                0x000000000800220c                HAL_GPIO_WritePin
 *fill*         0x0000000008002216        0x2 
 .text.HAL_PWR_EnableBkUpAccess
                0x0000000008002218       0x10 build/stm32l4xx_hal_pwr.o
                0x0000000008002218                HAL_PWR_EnableBkUpAccess
 .text.HAL_PWREx_GetVoltageRange
                0x0000000008002228       0x10 build/stm32l4xx_hal_pwr_ex.o
                0x0000000008002228                HAL_PWREx_GetVoltageRange
 .text.HAL_PWREx_ControlVoltageScaling
                0x0000000008002238       0x90 build/stm32l4xx_hal_pwr_ex.o
                0x0000000008002238                HAL_PWREx_ControlVoltageScaling
 .text.HAL_NVIC_SetPriorityGrouping
                0x00000000080022c8       0x24 build/stm32l4xx_hal_cortex.o
                0x00000000080022c8                HAL_NVIC_SetPriorityGrouping
 .text.HAL_NVIC_SetPriority
                0x00000000080022ec       0x68 build/stm32l4xx_hal_cortex.o
                0x00000000080022ec                HAL_NVIC_SetPriority
 .text.HAL_SYSTICK_Config
                0x0000000008002354       0x2c build/stm32l4xx_hal_cortex.o
                0x0000000008002354                HAL_SYSTICK_Config
 .text.UART_SetConfig
                0x0000000008002380      0x25c build/stm32l4xx_hal_uart.o
                0x0000000008002380                UART_SetConfig
 .text.UART_AdvFeatureConfig
                0x00000000080025dc       0xca build/stm32l4xx_hal_uart.o
                0x00000000080025dc                UART_AdvFeatureConfig
 .text.UART_WaitOnFlagUntilTimeout
                0x00000000080026a6       0xa4 build/stm32l4xx_hal_uart.o
                0x00000000080026a6                UART_WaitOnFlagUntilTimeout
 .text.UART_CheckIdleState
                0x000000000800274a       0x70 build/stm32l4xx_hal_uart.o
                0x000000000800274a                UART_CheckIdleState
 .text.HAL_UART_Init
                0x00000000080027ba       0x62 build/stm32l4xx_hal_uart.o
                0x00000000080027ba                HAL_UART_Init
 .text.SystemInit
                0x000000000800281c       0x44 build/system_stm32l4xx.o
                0x000000000800281c                SystemInit
 .text.Reset_Handler
                0x0000000008002860       0x50 build/startup_stm32l432xx.o
                0x0000000008002860                Reset_Handler
 .text.Default_Handler
                0x00000000080028b0        0x2 build/startup_stm32l432xx.o
                0x00000000080028b0                RTC_Alarm_IRQHandler
                0x00000000080028b0                EXTI2_IRQHandler
                0x00000000080028b0                TIM1_CC_IRQHandler
                0x00000000080028b0                TSC_IRQHandler
                0x00000000080028b0                TAMP_STAMP_IRQHandler
                0x00000000080028b0                EXTI3_IRQHandler
                0x00000000080028b0                LPTIM2_IRQHandler
                0x00000000080028b0                I2C3_ER_IRQHandler
                0x00000000080028b0                EXTI0_IRQHandler
                0x00000000080028b0                CAN1_RX0_IRQHandler
                0x00000000080028b0                FPU_IRQHandler
                0x00000000080028b0                TIM1_UP_TIM16_IRQHandler
                0x00000000080028b0                SPI1_IRQHandler
                0x00000000080028b0                TIM6_DAC_IRQHandler
                0x00000000080028b0                DMA2_Channel2_IRQHandler
                0x00000000080028b0                DMA1_Channel4_IRQHandler
                0x00000000080028b0                ADC1_IRQHandler
                0x00000000080028b0                DMA1_Channel7_IRQHandler
                0x00000000080028b0                CAN1_RX1_IRQHandler
                0x00000000080028b0                DMA2_Channel1_IRQHandler
                0x00000000080028b0                QUADSPI_IRQHandler
                0x00000000080028b0                I2C1_EV_IRQHandler
                0x00000000080028b0                DMA1_Channel6_IRQHandler
                0x00000000080028b0                DMA2_Channel4_IRQHandler
                0x00000000080028b0                RCC_IRQHandler
                0x00000000080028b0                TIM1_TRG_COM_IRQHandler
                0x00000000080028b0                DMA1_Channel1_IRQHandler
                0x00000000080028b0                Default_Handler
                0x00000000080028b0                DMA2_Channel7_IRQHandler
                0x00000000080028b0                EXTI15_10_IRQHandler
                0x00000000080028b0                TIM7_IRQHandler
                0x00000000080028b0                I2C3_EV_IRQHandler
                0x00000000080028b0                USB_IRQHandler
                0x00000000080028b0                EXTI9_5_IRQHandler
                0x00000000080028b0                RTC_WKUP_IRQHandler
                0x00000000080028b0                PVD_PVM_IRQHandler
                0x00000000080028b0                CAN1_TX_IRQHandler
                0x00000000080028b0                DMA2_Channel5_IRQHandler
                0x00000000080028b0                CRS_IRQHandler
                0x00000000080028b0                DMA1_Channel5_IRQHandler
                0x00000000080028b0                EXTI4_IRQHandler
                0x00000000080028b0                RNG_IRQHandler
                0x00000000080028b0                DMA1_Channel3_IRQHandler
                0x00000000080028b0                COMP_IRQHandler
                0x00000000080028b0                WWDG_IRQHandler
                0x00000000080028b0                LPUART1_IRQHandler
                0x00000000080028b0                DMA2_Channel6_IRQHandler
                0x00000000080028b0                TIM2_IRQHandler
                0x00000000080028b0                EXTI1_IRQHandler
                0x00000000080028b0                USART2_IRQHandler
                0x00000000080028b0                DMA1_Channel2_IRQHandler
                0x00000000080028b0                CAN1_SCE_IRQHandler
                0x00000000080028b0                FLASH_IRQHandler
                0x00000000080028b0                USART1_IRQHandler
                0x00000000080028b0                SPI3_IRQHandler
                0x00000000080028b0                I2C1_ER_IRQHandler
                0x00000000080028b0                SWPMI1_IRQHandler
                0x00000000080028b0                LPTIM1_IRQHandler
                0x00000000080028b0                SAI1_IRQHandler
                0x00000000080028b0                DMA2_Channel3_IRQHandler
                0x00000000080028b0                TIM1_BRK_TIM15_IRQHandler
 *(.glue_7)
 .glue_7        0x00000000080028b2        0x0 linker stubs
 *(.glue_7t)
 .glue_7t       0x00000000080028b2        0x0 linker stubs
 *(.eh_frame)
 *fill*         0x00000000080028b2        0x2 
 .eh_frame      0x00000000080028b4        0x0 /usr/lib/gcc/arm-none-eabi/9.2.1/thumb/v7e-m+fp/hard/crtbegin.o
 *(.init)
 .init          0x00000000080028b4        0x4 /usr/lib/gcc/arm-none-eabi/9.2.1/thumb/v7e-m+fp/hard/crti.o
                0x00000000080028b4                _init
 .init          0x00000000080028b8        0x8 /usr/lib/gcc/arm-none-eabi/9.2.1/thumb/v7e-m+fp/hard/crtn.o
 *(.fini)
 .fini          0x00000000080028c0        0x4 /usr/lib/gcc/arm-none-eabi/9.2.1/thumb/v7e-m+fp/hard/crti.o
                0x00000000080028c0                _fini
 .fini          0x00000000080028c4        0x8 /usr/lib/gcc/arm-none-eabi/9.2.1/thumb/v7e-m+fp/hard/crtn.o
                0x00000000080028d0                . = ALIGN (0x8)
 *fill*         0x00000000080028cc        0x4 
                0x00000000080028d0                _etext = .

.vfp11_veneer   0x00000000080028d0        0x0
 .vfp11_veneer  0x00000000080028d0        0x0 linker stubs

.v4_bx          0x00000000080028d0        0x0
 .v4_bx         0x00000000080028d0        0x0 linker stubs

.iplt           0x00000000080028d0        0x0
 .iplt          0x00000000080028d0        0x0 /usr/lib/gcc/arm-none-eabi/9.2.1/thumb/v7e-m+fp/hard/crtbegin.o

.rodata         0x00000000080028d0       0x48
                0x00000000080028d0                . = ALIGN (0x8)
 *(.rodata)
 *(.rodata*)
 .rodata.AHBPrescTable
                0x00000000080028d0       0x10 build/system_stm32l4xx.o
                0x00000000080028d0                AHBPrescTable
 .rodata.APBPrescTable
                0x00000000080028e0        0x8 build/system_stm32l4xx.o
                0x00000000080028e0                APBPrescTable
 .rodata.MSIRangeTable
                0x00000000080028e8       0x30 build/system_stm32l4xx.o
                0x00000000080028e8                MSIRangeTable
                0x0000000008002918                . = ALIGN (0x8)

.ARM.extab      0x0000000008002918        0x0
                0x0000000008002918                . = ALIGN (0x8)
 *(.ARM.extab* .gnu.linkonce.armextab.*)
                0x0000000008002918                . = ALIGN (0x8)

.ARM            0x0000000008002918        0x8
                0x0000000008002918                . = ALIGN (0x8)
                0x0000000008002918                __exidx_start = .
 *(.ARM.exidx*)
 .ARM.exidx     0x0000000008002918        0x8 /usr/lib/gcc/arm-none-eabi/9.2.1/thumb/v7e-m+fp/hard/libgcc.a(_udivmoddi4.o)
                0x0000000008002920                __exidx_end = .
                0x0000000008002920                . = ALIGN (0x8)

.rel.dyn        0x0000000008002920        0x0
 .rel.iplt      0x0000000008002920        0x0 /usr/lib/gcc/arm-none-eabi/9.2.1/thumb/v7e-m+fp/hard/crtbegin.o

.preinit_array  0x0000000008002920        0x0
                0x0000000008002920                . = ALIGN (0x8)
                0x0000000008002920                PROVIDE (__preinit_array_start = .)
 *(.preinit_array*)
                0x0000000008002920                PROVIDE (__preinit_array_end = .)
                0x0000000008002920                . = ALIGN (0x8)

.init_array     0x0000000008002920        0x8
                0x0000000008002920                . = ALIGN (0x8)
                0x0000000008002920                PROVIDE (__init_array_start = .)
 *(SORT_BY_NAME(.init_array.*))
 *(.init_array*)
 .init_array    0x0000000008002920        0x4 /usr/lib/gcc/arm-none-eabi/9.2.1/thumb/v7e-m+fp/hard/crtbegin.o
                0x0000000008002924                PROVIDE (__init_array_end = .)
                0x0000000008002928                . = ALIGN (0x8)
 *fill*         0x0000000008002924        0x4 

.fini_array     0x0000000008002928        0x8
                0x0000000008002928                . = ALIGN (0x8)
                0x0000000008002928                PROVIDE (__fini_array_start = .)
 *(SORT_BY_NAME(.fini_array.*))
 *(.fini_array*)
 .fini_array    0x0000000008002928        0x4 /usr/lib/gcc/arm-none-eabi/9.2.1/thumb/v7e-m+fp/hard/crtbegin.o
                0x000000000800292c                PROVIDE (__fini_array_end = .)
                0x0000000008002930                . = ALIGN (0x8)
 *fill*         0x000000000800292c        0x4 
                0x0000000008002930                _sidata = LOADADDR (.data)

.data           0x0000000020000000       0x10 load address 0x0000000008002930
                0x0000000020000000                . = ALIGN (0x8)
                0x0000000020000000                _sdata = .
 *(.data)
 *(.data*)
 .data.uwTickFreq
                0x0000000020000000        0x1 build/stm32l4xx_hal.o
                0x0000000020000000                uwTickFreq
 *fill*         0x0000000020000001        0x3 
 .data.uwTickPrio
                0x0000000020000004        0x4 build/stm32l4xx_hal.o
                0x0000000020000004                uwTickPrio
 .data.SystemCoreClock
                0x0000000020000008        0x4 build/system_stm32l4xx.o
                0x0000000020000008                SystemCoreClock
                0x0000000020000010                . = ALIGN (0x8)
 *fill*         0x000000002000000c        0x4 
                0x0000000020000010                _edata = .

.tm_clone_table
                0x0000000020000010        0x0 load address 0x0000000008002940
 .tm_clone_table
                0x0000000020000010        0x0 /usr/lib/gcc/arm-none-eabi/9.2.1/thumb/v7e-m+fp/hard/crtbegin.o
 .tm_clone_table
                0x0000000020000010        0x0 /usr/lib/gcc/arm-none-eabi/9.2.1/thumb/v7e-m+fp/hard/crtend.o

.igot.plt       0x0000000020000010        0x0 load address 0x0000000008002940
 .igot.plt      0x0000000020000010        0x0 /usr/lib/gcc/arm-none-eabi/9.2.1/thumb/v7e-m+fp/hard/crtbegin.o
                0x0000000020000010                . = ALIGN (0x4)

.bss            0x0000000020000010       0xf0 load address 0x0000000008002940
                0x0000000020000010                _sbss = .
                0x0000000020000010                __bss_start__ = _sbss
 *(.bss)
 .bss           0x0000000020000010       0x1c /usr/lib/gcc/arm-none-eabi/9.2.1/thumb/v7e-m+fp/hard/crtbegin.o
 *(.bss*)
 *(COMMON)
 COMMON         0x000000002000002c       0xd0 build/main.o
                0x000000002000002c                htim2
                0x0000000020000078                huart2
 COMMON         0x00000000200000fc        0x4 build/stm32l4xx_hal.o
                0x00000000200000fc                uwTick
                0x0000000020000100                . = ALIGN (0x4)
                0x0000000020000100                _ebss = .
                0x0000000020000100                __bss_end__ = _ebss

._user_heap_stack
                0x0000000020000100      0x600 load address 0x0000000008002940
                0x0000000020000100                . = ALIGN (0x8)
                [!provide]                        PROVIDE (end = .)
                [!provide]                        PROVIDE (_end = .)
                0x0000000020000300                . = (. + _Min_Heap_Size)
 *fill*         0x0000000020000100      0x200 
                0x0000000020000700                . = (. + _Min_Stack_Size)
 *fill*         0x0000000020000300      0x400 
                0x0000000020000700                . = ALIGN (0x8)

/DISCARD/
 libc.a(*)
 libm.a(*)
 libgcc.a(*)

.ARM.attributes
                0x0000000000000000       0x30
 *(.ARM.attributes)
 .ARM.attributes
                0x0000000000000000       0x1e /usr/lib/gcc/arm-none-eabi/9.2.1/thumb/v7e-m+fp/hard/crti.o
 .ARM.attributes
                0x000000000000001e       0x34 /usr/lib/gcc/arm-none-eabi/9.2.1/thumb/v7e-m+fp/hard/crtbegin.o
 .ARM.attributes
                0x0000000000000052       0x34 build/main.o
 .ARM.attributes
                0x0000000000000086       0x34 build/stm32l4xx_it.o
 .ARM.attributes
                0x00000000000000ba       0x34 build/stm32l4xx_hal_msp.o
 .ARM.attributes
                0x00000000000000ee       0x34 build/stm32l4xx_hal_tim.o
 .ARM.attributes
                0x0000000000000122       0x34 build/stm32l4xx_hal_tim_ex.o
 .ARM.attributes
                0x0000000000000156       0x34 build/stm32l4xx_hal.o
 .ARM.attributes
                0x000000000000018a       0x34 build/stm32l4xx_hal_rcc.o
 .ARM.attributes
                0x00000000000001be       0x34 build/stm32l4xx_hal_rcc_ex.o
 .ARM.attributes
                0x00000000000001f2       0x34 build/stm32l4xx_hal_gpio.o
 .ARM.attributes
                0x0000000000000226       0x34 build/stm32l4xx_hal_pwr.o
 .ARM.attributes
                0x000000000000025a       0x34 build/stm32l4xx_hal_pwr_ex.o
 .ARM.attributes
                0x000000000000028e       0x34 build/stm32l4xx_hal_cortex.o
 .ARM.attributes
                0x00000000000002c2       0x34 build/stm32l4xx_hal_uart.o
 .ARM.attributes
                0x00000000000002f6       0x34 build/system_stm32l4xx.o
 .ARM.attributes
                0x000000000000032a       0x21 build/startup_stm32l432xx.o
 .ARM.attributes
                0x000000000000034b       0x34 /usr/lib/gcc/arm-none-eabi/9.2.1/../../../arm-none-eabi/lib/thumb/v7e-m+fp/hard/libc_nano.a(lib_a-init.o)
 .ARM.attributes
                0x000000000000037f       0x34 /usr/lib/gcc/arm-none-eabi/9.2.1/../../../arm-none-eabi/lib/thumb/v7e-m+fp/hard/libc_nano.a(lib_a-memset.o)
 .ARM.attributes
                0x00000000000003b3       0x1e /usr/lib/gcc/arm-none-eabi/9.2.1/thumb/v7e-m+fp/hard/libgcc.a(_aeabi_uldivmod.o)
 .ARM.attributes
                0x00000000000003d1       0x34 /usr/lib/gcc/arm-none-eabi/9.2.1/thumb/v7e-m+fp/hard/libgcc.a(_udivmoddi4.o)
 .ARM.attributes
                0x0000000000000405       0x1e /usr/lib/gcc/arm-none-eabi/9.2.1/thumb/v7e-m+fp/hard/libgcc.a(_dvmd_tls.o)
 .ARM.attributes
                0x0000000000000423       0x32 /usr/lib/gcc/arm-none-eabi/9.2.1/thumb/v7e-m+fp/hard/crtend.o
 .ARM.attributes
                0x0000000000000455       0x1e /usr/lib/gcc/arm-none-eabi/9.2.1/thumb/v7e-m+fp/hard/crtn.o
OUTPUT(build/stm32l432KC_hbridge_L298N.elf elf32-littlearm)
LOAD linker stubs
LOAD /usr/lib/gcc/arm-none-eabi/9.2.1/../../../arm-none-eabi/lib/thumb/v7e-m+fp/hard/libc.a
LOAD /usr/lib/gcc/arm-none-eabi/9.2.1/../../../arm-none-eabi/lib/thumb/v7e-m+fp/hard/libm.a
LOAD /usr/lib/gcc/arm-none-eabi/9.2.1/thumb/v7e-m+fp/hard/libgcc.a

.comment        0x0000000000000000       0xa7
 .comment       0x0000000000000000       0x59 /usr/lib/gcc/arm-none-eabi/9.2.1/thumb/v7e-m+fp/hard/crtbegin.o
                                         0x5a (size before relaxing)
 .comment       0x0000000000000059       0x5a build/main.o
 .comment       0x0000000000000059       0x5a build/stm32l4xx_it.o
 .comment       0x0000000000000059       0x5a build/stm32l4xx_hal_msp.o
 .comment       0x0000000000000059       0x5a build/stm32l4xx_hal_tim.o
 .comment       0x0000000000000059       0x5a build/stm32l4xx_hal_tim_ex.o
 .comment       0x0000000000000059       0x5a build/stm32l4xx_hal.o
 .comment       0x0000000000000059       0x5a build/stm32l4xx_hal_rcc.o
 .comment       0x0000000000000059       0x5a build/stm32l4xx_hal_rcc_ex.o
 .comment       0x0000000000000059       0x5a build/stm32l4xx_hal_gpio.o
 .comment       0x0000000000000059       0x5a build/stm32l4xx_hal_pwr.o
 .comment       0x0000000000000059       0x5a build/stm32l4xx_hal_pwr_ex.o
 .comment       0x0000000000000059       0x5a build/stm32l4xx_hal_cortex.o
 .comment       0x0000000000000059       0x5a build/stm32l4xx_hal_uart.o
 .comment       0x0000000000000059       0x5a build/system_stm32l4xx.o
 .comment       0x0000000000000059       0x4e /usr/lib/gcc/arm-none-eabi/9.2.1/../../../arm-none-eabi/lib/thumb/v7e-m+fp/hard/libc_nano.a(lib_a-init.o)
                                         0x4f (size before relaxing)
 .comment       0x00000000000000a7       0x4f /usr/lib/gcc/arm-none-eabi/9.2.1/../../../arm-none-eabi/lib/thumb/v7e-m+fp/hard/libc_nano.a(lib_a-memset.o)
 .comment       0x00000000000000a7       0x5a /usr/lib/gcc/arm-none-eabi/9.2.1/thumb/v7e-m+fp/hard/libgcc.a(_udivmoddi4.o)
 .comment       0x00000000000000a7       0x5a /usr/lib/gcc/arm-none-eabi/9.2.1/thumb/v7e-m+fp/hard/crtend.o

.debug_info     0x0000000000000000    0x14baa
 .debug_info    0x0000000000000000     0x18cd build/main.o
 .debug_info    0x00000000000018cd      0x3b3 build/stm32l4xx_it.o
 .debug_info    0x0000000000001c80     0x1518 build/stm32l4xx_hal_msp.o
 .debug_info    0x0000000000003198     0x41b6 build/stm32l4xx_hal_tim.o
 .debug_info    0x000000000000734e     0x1ff3 build/stm32l4xx_hal_tim_ex.o
 .debug_info    0x0000000000009341      0xd28 build/stm32l4xx_hal.o
 .debug_info    0x000000000000a069     0x11a3 build/stm32l4xx_hal_rcc.o
 .debug_info    0x000000000000b20c     0x15a4 build/stm32l4xx_hal_rcc_ex.o
 .debug_info    0x000000000000c7b0      0xb4c build/stm32l4xx_hal_gpio.o
 .debug_info    0x000000000000d2fc      0xcda build/stm32l4xx_hal_pwr.o
 .debug_info    0x000000000000dfd6      0xd37 build/stm32l4xx_hal_pwr_ex.o
 .debug_info    0x000000000000ed0d     0x1307 build/stm32l4xx_hal_cortex.o
 .debug_info    0x0000000000010014     0x2546 build/stm32l4xx_hal_uart.o
 .debug_info    0x000000000001255a      0x82b build/system_stm32l4xx.o
 .debug_info    0x0000000000012d85       0x22 build/startup_stm32l432xx.o
 .debug_info    0x0000000000012da7      0x11a /usr/lib/gcc/arm-none-eabi/9.2.1/../../../arm-none-eabi/lib/thumb/v7e-m+fp/hard/libc_nano.a(lib_a-init.o)
 .debug_info    0x0000000000012ec1      0xf21 /usr/lib/gcc/arm-none-eabi/9.2.1/../../../arm-none-eabi/lib/thumb/v7e-m+fp/hard/libc_nano.a(lib_a-memset.o)
 .debug_info    0x0000000000013de2       0x26 /usr/lib/gcc/arm-none-eabi/9.2.1/thumb/v7e-m+fp/hard/libgcc.a(_aeabi_uldivmod.o)
 .debug_info    0x0000000000013e08      0xd7c /usr/lib/gcc/arm-none-eabi/9.2.1/thumb/v7e-m+fp/hard/libgcc.a(_udivmoddi4.o)
 .debug_info    0x0000000000014b84       0x26 /usr/lib/gcc/arm-none-eabi/9.2.1/thumb/v7e-m+fp/hard/libgcc.a(_dvmd_tls.o)

.debug_abbrev   0x0000000000000000     0x25c2
 .debug_abbrev  0x0000000000000000      0x2c0 build/main.o
 .debug_abbrev  0x00000000000002c0      0x112 build/stm32l4xx_it.o
 .debug_abbrev  0x00000000000003d2      0x23d build/stm32l4xx_hal_msp.o
 .debug_abbrev  0x000000000000060f      0x2af build/stm32l4xx_hal_tim.o
 .debug_abbrev  0x00000000000008be      0x2ab build/stm32l4xx_hal_tim_ex.o
 .debug_abbrev  0x0000000000000b69      0x23c build/stm32l4xx_hal.o
 .debug_abbrev  0x0000000000000da5      0x28e build/stm32l4xx_hal_rcc.o
 .debug_abbrev  0x0000000000001033      0x2c3 build/stm32l4xx_hal_rcc_ex.o
 .debug_abbrev  0x00000000000012f6      0x24f build/stm32l4xx_hal_gpio.o
 .debug_abbrev  0x0000000000001545      0x1cc build/stm32l4xx_hal_pwr.o
 .debug_abbrev  0x0000000000001711      0x247 build/stm32l4xx_hal_pwr_ex.o
 .debug_abbrev  0x0000000000001958      0x3a8 build/stm32l4xx_hal_cortex.o
 .debug_abbrev  0x0000000000001d00      0x2b7 build/stm32l4xx_hal_uart.o
 .debug_abbrev  0x0000000000001fb7      0x16a build/system_stm32l4xx.o
 .debug_abbrev  0x0000000000002121       0x12 build/startup_stm32l432xx.o
 .debug_abbrev  0x0000000000002133       0xcc /usr/lib/gcc/arm-none-eabi/9.2.1/../../../arm-none-eabi/lib/thumb/v7e-m+fp/hard/libc_nano.a(lib_a-init.o)
 .debug_abbrev  0x00000000000021ff      0x1d9 /usr/lib/gcc/arm-none-eabi/9.2.1/../../../arm-none-eabi/lib/thumb/v7e-m+fp/hard/libc_nano.a(lib_a-memset.o)
 .debug_abbrev  0x00000000000023d8       0x14 /usr/lib/gcc/arm-none-eabi/9.2.1/thumb/v7e-m+fp/hard/libgcc.a(_aeabi_uldivmod.o)
 .debug_abbrev  0x00000000000023ec      0x1c2 /usr/lib/gcc/arm-none-eabi/9.2.1/thumb/v7e-m+fp/hard/libgcc.a(_udivmoddi4.o)
 .debug_abbrev  0x00000000000025ae       0x14 /usr/lib/gcc/arm-none-eabi/9.2.1/thumb/v7e-m+fp/hard/libgcc.a(_dvmd_tls.o)

.debug_loc      0x0000000000000000     0xf3ff
 .debug_loc     0x0000000000000000      0x127 build/main.o
 .debug_loc     0x0000000000000127       0x20 build/stm32l4xx_it.o
 .debug_loc     0x0000000000000147      0x1e2 build/stm32l4xx_hal_msp.o
 .debug_loc     0x0000000000000329     0x5787 build/stm32l4xx_hal_tim.o
 .debug_loc     0x0000000000005ab0     0x272c build/stm32l4xx_hal_tim_ex.o
 .debug_loc     0x00000000000081dc      0x26d build/stm32l4xx_hal.o
 .debug_loc     0x0000000000008449      0x9d1 build/stm32l4xx_hal_rcc.o
 .debug_loc     0x0000000000008e1a     0x18da build/stm32l4xx_hal_rcc_ex.o
 .debug_loc     0x000000000000a6f4      0x40b build/stm32l4xx_hal_gpio.o
 .debug_loc     0x000000000000aaff      0x1f1 build/stm32l4xx_hal_pwr.o
 .debug_loc     0x000000000000acf0      0x76f build/stm32l4xx_hal_pwr_ex.o
 .debug_loc     0x000000000000b45f      0x7d4 build/stm32l4xx_hal_cortex.o
 .debug_loc     0x000000000000bc33     0x243f build/stm32l4xx_hal_uart.o
 .debug_loc     0x000000000000e072      0x100 build/system_stm32l4xx.o
 .debug_loc     0x000000000000e172       0xba /usr/lib/gcc/arm-none-eabi/9.2.1/../../../arm-none-eabi/lib/thumb/v7e-m+fp/hard/libc_nano.a(lib_a-init.o)
 .debug_loc     0x000000000000e22c      0x231 /usr/lib/gcc/arm-none-eabi/9.2.1/../../../arm-none-eabi/lib/thumb/v7e-m+fp/hard/libc_nano.a(lib_a-memset.o)
 .debug_loc     0x000000000000e45d      0xfa2 /usr/lib/gcc/arm-none-eabi/9.2.1/thumb/v7e-m+fp/hard/libgcc.a(_udivmoddi4.o)

.debug_aranges  0x0000000000000000      0xea8
 .debug_aranges
                0x0000000000000000       0x48 build/main.o
 .debug_aranges
                0x0000000000000048       0x60 build/stm32l4xx_it.o
 .debug_aranges
                0x00000000000000a8       0x48 build/stm32l4xx_hal_msp.o
 .debug_aranges
                0x00000000000000f0      0x3e0 build/stm32l4xx_hal_tim.o
 .debug_aranges
                0x00000000000004d0      0x180 build/stm32l4xx_hal_tim_ex.o
 .debug_aranges
                0x0000000000000650      0x108 build/stm32l4xx_hal.o
 .debug_aranges
                0x0000000000000758       0x88 build/stm32l4xx_hal_rcc.o
 .debug_aranges
                0x00000000000007e0       0xf0 build/stm32l4xx_hal_rcc_ex.o
 .debug_aranges
                0x00000000000008d0       0x58 build/stm32l4xx_hal_gpio.o
 .debug_aranges
                0x0000000000000928       0x98 build/stm32l4xx_hal_pwr.o
 .debug_aranges
                0x00000000000009c0      0x128 build/stm32l4xx_hal_pwr_ex.o
 .debug_aranges
                0x0000000000000ae8       0xa8 build/stm32l4xx_hal_cortex.o
 .debug_aranges
                0x0000000000000b90      0x228 build/stm32l4xx_hal_uart.o
 .debug_aranges
                0x0000000000000db8       0x28 build/system_stm32l4xx.o
 .debug_aranges
                0x0000000000000de0       0x28 build/startup_stm32l432xx.o
 .debug_aranges
                0x0000000000000e08       0x20 /usr/lib/gcc/arm-none-eabi/9.2.1/../../../arm-none-eabi/lib/thumb/v7e-m+fp/hard/libc_nano.a(lib_a-init.o)
 .debug_aranges
                0x0000000000000e28       0x20 /usr/lib/gcc/arm-none-eabi/9.2.1/../../../arm-none-eabi/lib/thumb/v7e-m+fp/hard/libc_nano.a(lib_a-memset.o)
 .debug_aranges
                0x0000000000000e48       0x20 /usr/lib/gcc/arm-none-eabi/9.2.1/thumb/v7e-m+fp/hard/libgcc.a(_aeabi_uldivmod.o)
 .debug_aranges
                0x0000000000000e68       0x20 /usr/lib/gcc/arm-none-eabi/9.2.1/thumb/v7e-m+fp/hard/libgcc.a(_udivmoddi4.o)
 .debug_aranges
                0x0000000000000e88       0x20 /usr/lib/gcc/arm-none-eabi/9.2.1/thumb/v7e-m+fp/hard/libgcc.a(_dvmd_tls.o)

.debug_ranges   0x0000000000000000      0xe78
 .debug_ranges  0x0000000000000000       0x38 build/main.o
 .debug_ranges  0x0000000000000038       0x50 build/stm32l4xx_it.o
 .debug_ranges  0x0000000000000088       0x38 build/stm32l4xx_hal_msp.o
 .debug_ranges  0x00000000000000c0      0x3d0 build/stm32l4xx_hal_tim.o
 .debug_ranges  0x0000000000000490      0x170 build/stm32l4xx_hal_tim_ex.o
 .debug_ranges  0x0000000000000600       0xf8 build/stm32l4xx_hal.o
 .debug_ranges  0x00000000000006f8       0x90 build/stm32l4xx_hal_rcc.o
 .debug_ranges  0x0000000000000788       0xf8 build/stm32l4xx_hal_rcc_ex.o
 .debug_ranges  0x0000000000000880       0x48 build/stm32l4xx_hal_gpio.o
 .debug_ranges  0x00000000000008c8       0x88 build/stm32l4xx_hal_pwr.o
 .debug_ranges  0x0000000000000950      0x118 build/stm32l4xx_hal_pwr_ex.o
 .debug_ranges  0x0000000000000a68       0xf8 build/stm32l4xx_hal_cortex.o
 .debug_ranges  0x0000000000000b60      0x218 build/stm32l4xx_hal_uart.o
 .debug_ranges  0x0000000000000d78       0x18 build/system_stm32l4xx.o
 .debug_ranges  0x0000000000000d90       0x20 build/startup_stm32l432xx.o
 .debug_ranges  0x0000000000000db0       0xc8 /usr/lib/gcc/arm-none-eabi/9.2.1/thumb/v7e-m+fp/hard/libgcc.a(_udivmoddi4.o)

.debug_line     0x0000000000000000     0xe774
 .debug_line    0x0000000000000000      0x57b build/main.o
 .debug_line    0x000000000000057b      0x240 build/stm32l4xx_it.o
 .debug_line    0x00000000000007bb      0x3b2 build/stm32l4xx_hal_msp.o
 .debug_line    0x0000000000000b6d     0x4caa build/stm32l4xx_hal_tim.o
 .debug_line    0x0000000000005817     0x1d9e build/stm32l4xx_hal_tim_ex.o
 .debug_line    0x00000000000075b5      0x579 build/stm32l4xx_hal.o
 .debug_line    0x0000000000007b2e      0xebb build/stm32l4xx_hal_rcc.o
 .debug_line    0x00000000000089e9     0x127a build/stm32l4xx_hal_rcc_ex.o
 .debug_line    0x0000000000009c63      0x633 build/stm32l4xx_hal_gpio.o
 .debug_line    0x000000000000a296      0x3cc build/stm32l4xx_hal_pwr.o
 .debug_line    0x000000000000a662      0x869 build/stm32l4xx_hal_pwr_ex.o
 .debug_line    0x000000000000aecb      0x73d build/stm32l4xx_hal_cortex.o
 .debug_line    0x000000000000b608     0x2408 build/stm32l4xx_hal_uart.o
 .debug_line    0x000000000000da10      0x29d build/system_stm32l4xx.o
 .debug_line    0x000000000000dcad       0x75 build/startup_stm32l432xx.o
 .debug_line    0x000000000000dd22      0x10d /usr/lib/gcc/arm-none-eabi/9.2.1/../../../arm-none-eabi/lib/thumb/v7e-m+fp/hard/libc_nano.a(lib_a-init.o)
 .debug_line    0x000000000000de2f      0x26b /usr/lib/gcc/arm-none-eabi/9.2.1/../../../arm-none-eabi/lib/thumb/v7e-m+fp/hard/libc_nano.a(lib_a-memset.o)
 .debug_line    0x000000000000e09a       0x60 /usr/lib/gcc/arm-none-eabi/9.2.1/thumb/v7e-m+fp/hard/libgcc.a(_aeabi_uldivmod.o)
 .debug_line    0x000000000000e0fa      0x61a /usr/lib/gcc/arm-none-eabi/9.2.1/thumb/v7e-m+fp/hard/libgcc.a(_udivmoddi4.o)
 .debug_line    0x000000000000e714       0x60 /usr/lib/gcc/arm-none-eabi/9.2.1/thumb/v7e-m+fp/hard/libgcc.a(_dvmd_tls.o)

.debug_str      0x0000000000000000     0x6349
 .debug_str     0x0000000000000000     0x105a build/main.o
                                       0x1143 (size before relaxing)
 .debug_str     0x000000000000105a       0xb4 build/stm32l4xx_it.o
                                        0x4af (size before relaxing)
 .debug_str     0x000000000000110e      0x256 build/stm32l4xx_hal_msp.o
                                        0xf53 (size before relaxing)
 .debug_str     0x0000000000001364      0xe45 build/stm32l4xx_hal_tim.o
                                       0x18f6 (size before relaxing)
 .debug_str     0x00000000000021a9      0x616 build/stm32l4xx_hal_tim_ex.o
                                       0x11ff (size before relaxing)
 .debug_str     0x00000000000027bf      0x71a build/stm32l4xx_hal.o
                                        0xce0 (size before relaxing)
 .debug_str     0x0000000000002ed9      0x27d build/stm32l4xx_hal_rcc.o
                                        0xa46 (size before relaxing)
 .debug_str     0x0000000000003156      0x488 build/stm32l4xx_hal_rcc_ex.o
                                        0xdb2 (size before relaxing)
 .debug_str     0x00000000000035de       0xd5 build/stm32l4xx_hal_gpio.o
                                        0x79f (size before relaxing)
 .debug_str     0x00000000000036b3      0x292 build/stm32l4xx_hal_pwr.o
                                        0x8ea (size before relaxing)
 .debug_str     0x0000000000003945      0x3a6 build/stm32l4xx_hal_pwr_ex.o
                                        0x9e9 (size before relaxing)
 .debug_str     0x0000000000003ceb      0x441 build/stm32l4xx_hal_cortex.o
                                        0xd52 (size before relaxing)
 .debug_str     0x000000000000412c      0x79f build/stm32l4xx_hal_uart.o
                                       0x11bf (size before relaxing)
 .debug_str     0x00000000000048cb       0x3d build/system_stm32l4xx.o
                                        0x5fc (size before relaxing)
 .debug_str     0x0000000000004908       0x22 build/startup_stm32l432xx.o
                                         0x50 (size before relaxing)
 .debug_str     0x000000000000492a      0x18e /usr/lib/gcc/arm-none-eabi/9.2.1/../../../arm-none-eabi/lib/thumb/v7e-m+fp/hard/libc_nano.a(lib_a-init.o)
                                        0x229 (size before relaxing)
 .debug_str     0x0000000000004ab8      0x6e9 /usr/lib/gcc/arm-none-eabi/9.2.1/../../../arm-none-eabi/lib/thumb/v7e-m+fp/hard/libc_nano.a(lib_a-memset.o)
                                        0x90f (size before relaxing)
 .debug_str     0x00000000000051a1       0x97 /usr/lib/gcc/arm-none-eabi/9.2.1/thumb/v7e-m+fp/hard/libgcc.a(_aeabi_uldivmod.o)
                                         0xa3 (size before relaxing)
 .debug_str     0x0000000000005238     0x10e1 /usr/lib/gcc/arm-none-eabi/9.2.1/thumb/v7e-m+fp/hard/libgcc.a(_udivmoddi4.o)
                                       0x11e6 (size before relaxing)
 .debug_str     0x0000000000006319       0x30 /usr/lib/gcc/arm-none-eabi/9.2.1/thumb/v7e-m+fp/hard/libgcc.a(_dvmd_tls.o)
                                         0xa7 (size before relaxing)

.debug_frame    0x0000000000000000     0x2474
 .debug_frame   0x0000000000000000       0xb0 build/main.o
 .debug_frame   0x00000000000000b0       0xa8 build/stm32l4xx_it.o
 .debug_frame   0x0000000000000158       0xb0 build/stm32l4xx_hal_msp.o
 .debug_frame   0x0000000000000208      0xb58 build/stm32l4xx_hal_tim.o
 .debug_frame   0x0000000000000d60      0x49c build/stm32l4xx_hal_tim_ex.o
 .debug_frame   0x00000000000011fc      0x21c build/stm32l4xx_hal.o
 .debug_frame   0x0000000000001418      0x18c build/stm32l4xx_hal_rcc.o
 .debug_frame   0x00000000000015a4      0x248 build/stm32l4xx_hal_rcc_ex.o
 .debug_frame   0x00000000000017ec       0xd0 build/stm32l4xx_hal_gpio.o
 .debug_frame   0x00000000000018bc      0x120 build/stm32l4xx_hal_pwr.o
 .debug_frame   0x00000000000019dc      0x248 build/stm32l4xx_hal_pwr_ex.o
 .debug_frame   0x0000000000001c24      0x15c build/stm32l4xx_hal_cortex.o
 .debug_frame   0x0000000000001d80      0x600 build/stm32l4xx_hal_uart.o
 .debug_frame   0x0000000000002380       0x30 build/system_stm32l4xx.o
 .debug_frame   0x00000000000023b0       0x2c /usr/lib/gcc/arm-none-eabi/9.2.1/../../../arm-none-eabi/lib/thumb/v7e-m+fp/hard/libc_nano.a(lib_a-init.o)
 .debug_frame   0x00000000000023dc       0x38 /usr/lib/gcc/arm-none-eabi/9.2.1/../../../arm-none-eabi/lib/thumb/v7e-m+fp/hard/libc_nano.a(lib_a-memset.o)
 .debug_frame   0x0000000000002414       0x2c /usr/lib/gcc/arm-none-eabi/9.2.1/thumb/v7e-m+fp/hard/libgcc.a(_aeabi_uldivmod.o)
 .debug_frame   0x0000000000002440       0x34 /usr/lib/gcc/arm-none-eabi/9.2.1/thumb/v7e-m+fp/hard/libgcc.a(_udivmoddi4.o)

Cross Reference Table

Symbol                                            File
ADC1_IRQHandler                                   build/startup_stm32l432xx.o
AHBPrescTable                                     build/system_stm32l4xx.o
                                                  build/stm32l4xx_hal_rcc.o
APBPrescTable                                     build/system_stm32l4xx.o
                                                  build/stm32l4xx_hal_rcc.o
BusFault_Handler                                  build/stm32l4xx_it.o
CAN1_RX0_IRQHandler                               build/startup_stm32l432xx.o
CAN1_RX1_IRQHandler                               build/startup_stm32l432xx.o
CAN1_SCE_IRQHandler                               build/startup_stm32l432xx.o
CAN1_TX_IRQHandler                                build/startup_stm32l432xx.o
COMP_IRQHandler                                   build/startup_stm32l432xx.o
CRS_IRQHandler                                    build/startup_stm32l432xx.o
DMA1_Channel1_IRQHandler                          build/startup_stm32l432xx.o
DMA1_Channel2_IRQHandler                          build/startup_stm32l432xx.o
DMA1_Channel3_IRQHandler                          build/startup_stm32l432xx.o
DMA1_Channel4_IRQHandler                          build/startup_stm32l432xx.o
DMA1_Channel5_IRQHandler                          build/startup_stm32l432xx.o
DMA1_Channel6_IRQHandler                          build/startup_stm32l432xx.o
DMA1_Channel7_IRQHandler                          build/startup_stm32l432xx.o
DMA2_Channel1_IRQHandler                          build/startup_stm32l432xx.o
DMA2_Channel2_IRQHandler                          build/startup_stm32l432xx.o
DMA2_Channel3_IRQHandler                          build/startup_stm32l432xx.o
DMA2_Channel4_IRQHandler                          build/startup_stm32l432xx.o
DMA2_Channel5_IRQHandler                          build/startup_stm32l432xx.o
DMA2_Channel6_IRQHandler                          build/startup_stm32l432xx.o
DMA2_Channel7_IRQHandler                          build/startup_stm32l432xx.o
DebugMon_Handler                                  build/stm32l4xx_it.o
Default_Handler                                   build/startup_stm32l432xx.o
EXTI0_IRQHandler                                  build/startup_stm32l432xx.o
EXTI15_10_IRQHandler                              build/startup_stm32l432xx.o
EXTI1_IRQHandler                                  build/startup_stm32l432xx.o
EXTI2_IRQHandler                                  build/startup_stm32l432xx.o
EXTI3_IRQHandler                                  build/startup_stm32l432xx.o
EXTI4_IRQHandler                                  build/startup_stm32l432xx.o
EXTI9_5_IRQHandler                                build/startup_stm32l432xx.o
Error_Handler                                     build/main.o
                                                  build/stm32l4xx_hal_msp.o
FLASH_FlushCaches                                 build/stm32l4xx_hal_flash_ex.o
                                                  build/stm32l4xx_hal_flash.o
FLASH_IRQHandler                                  build/startup_stm32l432xx.o
FLASH_PageErase                                   build/stm32l4xx_hal_flash_ex.o
                                                  build/stm32l4xx_hal_flash.o
FLASH_WaitForLastOperation                        build/stm32l4xx_hal_flash.o
                                                  build/stm32l4xx_hal_flash_ex.o
FPU_IRQHandler                                    build/startup_stm32l432xx.o
HAL_DBGMCU_DisableDBGSleepMode                    build/stm32l4xx_hal.o
HAL_DBGMCU_DisableDBGStandbyMode                  build/stm32l4xx_hal.o
HAL_DBGMCU_DisableDBGStopMode                     build/stm32l4xx_hal.o
HAL_DBGMCU_EnableDBGSleepMode                     build/stm32l4xx_hal.o
HAL_DBGMCU_EnableDBGStandbyMode                   build/stm32l4xx_hal.o
HAL_DBGMCU_EnableDBGStopMode                      build/stm32l4xx_hal.o
HAL_DMA_Abort                                     build/stm32l4xx_hal_dma.o
                                                  build/stm32l4xx_hal_uart.o
HAL_DMA_Abort_IT                                  build/stm32l4xx_hal_dma.o
                                                  build/stm32l4xx_hal_uart.o
                                                  build/stm32l4xx_hal_i2c.o
                                                  build/stm32l4xx_hal_tim_ex.o
                                                  build/stm32l4xx_hal_tim.o
HAL_DMA_DeInit                                    build/stm32l4xx_hal_dma.o
HAL_DMA_GetError                                  build/stm32l4xx_hal_dma.o
                                                  build/stm32l4xx_hal_uart.o
HAL_DMA_GetState                                  build/stm32l4xx_hal_dma.o
                                                  build/stm32l4xx_hal_i2c.o
HAL_DMA_IRQHandler                                build/stm32l4xx_hal_dma.o
HAL_DMA_Init                                      build/stm32l4xx_hal_dma.o
HAL_DMA_PollForTransfer                           build/stm32l4xx_hal_dma.o
HAL_DMA_RegisterCallback                          build/stm32l4xx_hal_dma.o
HAL_DMA_Start                                     build/stm32l4xx_hal_dma.o
HAL_DMA_Start_IT                                  build/stm32l4xx_hal_dma.o
                                                  build/stm32l4xx_hal_uart.o
                                                  build/stm32l4xx_hal_i2c.o
                                                  build/stm32l4xx_hal_tim_ex.o
                                                  build/stm32l4xx_hal_tim.o
HAL_DMA_UnRegisterCallback                        build/stm32l4xx_hal_dma.o
HAL_DeInit                                        build/stm32l4xx_hal.o
HAL_Delay                                         build/stm32l4xx_hal.o
                                                  build/main.o
HAL_EXTI_ClearConfigLine                          build/stm32l4xx_hal_exti.o
HAL_EXTI_ClearPending                             build/stm32l4xx_hal_exti.o
HAL_EXTI_GenerateSWI                              build/stm32l4xx_hal_exti.o
HAL_EXTI_GetConfigLine                            build/stm32l4xx_hal_exti.o
HAL_EXTI_GetHandle                                build/stm32l4xx_hal_exti.o
HAL_EXTI_GetPending                               build/stm32l4xx_hal_exti.o
HAL_EXTI_IRQHandler                               build/stm32l4xx_hal_exti.o
HAL_EXTI_RegisterCallback                         build/stm32l4xx_hal_exti.o
HAL_EXTI_SetConfigLine                            build/stm32l4xx_hal_exti.o
HAL_FLASHEx_DisableRunPowerDown                   build/stm32l4xx_hal_flash_ramfunc.o
HAL_FLASHEx_EnableRunPowerDown                    build/stm32l4xx_hal_flash_ramfunc.o
HAL_FLASHEx_Erase                                 build/stm32l4xx_hal_flash_ex.o
HAL_FLASHEx_Erase_IT                              build/stm32l4xx_hal_flash_ex.o
HAL_FLASHEx_OBGetConfig                           build/stm32l4xx_hal_flash_ex.o
HAL_FLASHEx_OBProgram                             build/stm32l4xx_hal_flash_ex.o
HAL_FLASH_EndOfOperationCallback                  build/stm32l4xx_hal_flash.o
HAL_FLASH_GetError                                build/stm32l4xx_hal_flash.o
HAL_FLASH_IRQHandler                              build/stm32l4xx_hal_flash.o
HAL_FLASH_Lock                                    build/stm32l4xx_hal_flash.o
HAL_FLASH_OB_Launch                               build/stm32l4xx_hal_flash.o
HAL_FLASH_OB_Lock                                 build/stm32l4xx_hal_flash.o
HAL_FLASH_OB_Unlock                               build/stm32l4xx_hal_flash.o
HAL_FLASH_OperationErrorCallback                  build/stm32l4xx_hal_flash.o
HAL_FLASH_Program                                 build/stm32l4xx_hal_flash.o
HAL_FLASH_Program_IT                              build/stm32l4xx_hal_flash.o
HAL_FLASH_Unlock                                  build/stm32l4xx_hal_flash.o
HAL_GPIO_DeInit                                   build/stm32l4xx_hal_gpio.o
                                                  build/stm32l4xx_hal_msp.o
HAL_GPIO_EXTI_Callback                            build/stm32l4xx_hal_gpio.o
HAL_GPIO_EXTI_IRQHandler                          build/stm32l4xx_hal_gpio.o
HAL_GPIO_Init                                     build/stm32l4xx_hal_gpio.o
                                                  build/stm32l4xx_hal_rcc_ex.o
                                                  build/stm32l4xx_hal_rcc.o
                                                  build/stm32l4xx_hal_msp.o
                                                  build/main.o
HAL_GPIO_LockPin                                  build/stm32l4xx_hal_gpio.o
HAL_GPIO_ReadPin                                  build/stm32l4xx_hal_gpio.o
HAL_GPIO_TogglePin                                build/stm32l4xx_hal_gpio.o
HAL_GPIO_WritePin                                 build/stm32l4xx_hal_gpio.o
                                                  build/main.o
HAL_GetDEVID                                      build/stm32l4xx_hal.o
HAL_GetHalVersion                                 build/stm32l4xx_hal.o
HAL_GetREVID                                      build/stm32l4xx_hal.o
HAL_GetTick                                       build/stm32l4xx_hal.o
                                                  build/stm32l4xx_hal_uart_ex.o
                                                  build/stm32l4xx_hal_uart.o
                                                  build/stm32l4xx_hal_dma.o
                                                  build/stm32l4xx_hal_flash.o
                                                  build/stm32l4xx_hal_rcc_ex.o
                                                  build/stm32l4xx_hal_rcc.o
                                                  build/stm32l4xx_hal_i2c.o
HAL_GetTickFreq                                   build/stm32l4xx_hal.o
HAL_GetTickPrio                                   build/stm32l4xx_hal.o
HAL_GetUIDw0                                      build/stm32l4xx_hal.o
HAL_GetUIDw1                                      build/stm32l4xx_hal.o
HAL_GetUIDw2                                      build/stm32l4xx_hal.o
HAL_HalfDuplex_EnableReceiver                     build/stm32l4xx_hal_uart.o
HAL_HalfDuplex_EnableTransmitter                  build/stm32l4xx_hal_uart.o
HAL_HalfDuplex_Init                               build/stm32l4xx_hal_uart.o
HAL_I2CEx_ConfigAnalogFilter                      build/stm32l4xx_hal_i2c_ex.o
HAL_I2CEx_ConfigDigitalFilter                     build/stm32l4xx_hal_i2c_ex.o
HAL_I2CEx_DisableFastModePlus                     build/stm32l4xx_hal_i2c_ex.o
HAL_I2CEx_DisableWakeUp                           build/stm32l4xx_hal_i2c_ex.o
HAL_I2CEx_EnableFastModePlus                      build/stm32l4xx_hal_i2c_ex.o
HAL_I2CEx_EnableWakeUp                            build/stm32l4xx_hal_i2c_ex.o
HAL_I2C_AbortCpltCallback                         build/stm32l4xx_hal_i2c.o
HAL_I2C_AddrCallback                              build/stm32l4xx_hal_i2c.o
HAL_I2C_DeInit                                    build/stm32l4xx_hal_i2c.o
HAL_I2C_DisableListen_IT                          build/stm32l4xx_hal_i2c.o
HAL_I2C_ER_IRQHandler                             build/stm32l4xx_hal_i2c.o
HAL_I2C_EV_IRQHandler                             build/stm32l4xx_hal_i2c.o
HAL_I2C_EnableListen_IT                           build/stm32l4xx_hal_i2c.o
HAL_I2C_ErrorCallback                             build/stm32l4xx_hal_i2c.o
HAL_I2C_GetError                                  build/stm32l4xx_hal_i2c.o
HAL_I2C_GetMode                                   build/stm32l4xx_hal_i2c.o
HAL_I2C_GetState                                  build/stm32l4xx_hal_i2c.o
HAL_I2C_Init                                      build/stm32l4xx_hal_i2c.o
HAL_I2C_IsDeviceReady                             build/stm32l4xx_hal_i2c.o
HAL_I2C_ListenCpltCallback                        build/stm32l4xx_hal_i2c.o
HAL_I2C_MasterRxCpltCallback                      build/stm32l4xx_hal_i2c.o
HAL_I2C_MasterTxCpltCallback                      build/stm32l4xx_hal_i2c.o
HAL_I2C_Master_Abort_IT                           build/stm32l4xx_hal_i2c.o
HAL_I2C_Master_Receive                            build/stm32l4xx_hal_i2c.o
HAL_I2C_Master_Receive_DMA                        build/stm32l4xx_hal_i2c.o
HAL_I2C_Master_Receive_IT                         build/stm32l4xx_hal_i2c.o
HAL_I2C_Master_Seq_Receive_DMA                    build/stm32l4xx_hal_i2c.o
HAL_I2C_Master_Seq_Receive_IT                     build/stm32l4xx_hal_i2c.o
HAL_I2C_Master_Seq_Transmit_DMA                   build/stm32l4xx_hal_i2c.o
HAL_I2C_Master_Seq_Transmit_IT                    build/stm32l4xx_hal_i2c.o
HAL_I2C_Master_Transmit                           build/stm32l4xx_hal_i2c.o
HAL_I2C_Master_Transmit_DMA                       build/stm32l4xx_hal_i2c.o
HAL_I2C_Master_Transmit_IT                        build/stm32l4xx_hal_i2c.o
HAL_I2C_MemRxCpltCallback                         build/stm32l4xx_hal_i2c.o
HAL_I2C_MemTxCpltCallback                         build/stm32l4xx_hal_i2c.o
HAL_I2C_Mem_Read                                  build/stm32l4xx_hal_i2c.o
HAL_I2C_Mem_Read_DMA                              build/stm32l4xx_hal_i2c.o
HAL_I2C_Mem_Read_IT                               build/stm32l4xx_hal_i2c.o
HAL_I2C_Mem_Write                                 build/stm32l4xx_hal_i2c.o
HAL_I2C_Mem_Write_DMA                             build/stm32l4xx_hal_i2c.o
HAL_I2C_Mem_Write_IT                              build/stm32l4xx_hal_i2c.o
HAL_I2C_MspDeInit                                 build/stm32l4xx_hal_i2c.o
HAL_I2C_MspInit                                   build/stm32l4xx_hal_i2c.o
HAL_I2C_SlaveRxCpltCallback                       build/stm32l4xx_hal_i2c.o
HAL_I2C_SlaveTxCpltCallback                       build/stm32l4xx_hal_i2c.o
HAL_I2C_Slave_Receive                             build/stm32l4xx_hal_i2c.o
HAL_I2C_Slave_Receive_DMA                         build/stm32l4xx_hal_i2c.o
HAL_I2C_Slave_Receive_IT                          build/stm32l4xx_hal_i2c.o
HAL_I2C_Slave_Seq_Receive_DMA                     build/stm32l4xx_hal_i2c.o
HAL_I2C_Slave_Seq_Receive_IT                      build/stm32l4xx_hal_i2c.o
HAL_I2C_Slave_Seq_Transmit_DMA                    build/stm32l4xx_hal_i2c.o
HAL_I2C_Slave_Seq_Transmit_IT                     build/stm32l4xx_hal_i2c.o
HAL_I2C_Slave_Transmit                            build/stm32l4xx_hal_i2c.o
HAL_I2C_Slave_Transmit_DMA                        build/stm32l4xx_hal_i2c.o
HAL_I2C_Slave_Transmit_IT                         build/stm32l4xx_hal_i2c.o
HAL_IncTick                                       build/stm32l4xx_hal.o
                                                  build/stm32l4xx_it.o
HAL_Init                                          build/stm32l4xx_hal.o
                                                  build/main.o
HAL_InitTick                                      build/stm32l4xx_hal.o
                                                  build/stm32l4xx_hal_rcc.o
HAL_LIN_Init                                      build/stm32l4xx_hal_uart.o
HAL_LIN_SendBreak                                 build/stm32l4xx_hal_uart.o
HAL_MPU_ConfigRegion                              build/stm32l4xx_hal_cortex.o
HAL_MPU_Disable                                   build/stm32l4xx_hal_cortex.o
HAL_MPU_Enable                                    build/stm32l4xx_hal_cortex.o
HAL_MspDeInit                                     build/stm32l4xx_hal.o
HAL_MspInit                                       build/stm32l4xx_hal_msp.o
HAL_MultiProcessorEx_AddressLength_Set            build/stm32l4xx_hal_uart_ex.o
HAL_MultiProcessor_DisableMuteMode                build/stm32l4xx_hal_uart.o
HAL_MultiProcessor_EnableMuteMode                 build/stm32l4xx_hal_uart.o
HAL_MultiProcessor_EnterMuteMode                  build/stm32l4xx_hal_uart.o
HAL_MultiProcessor_Init                           build/stm32l4xx_hal_uart.o
HAL_NVIC_ClearPendingIRQ                          build/stm32l4xx_hal_cortex.o
HAL_NVIC_DisableIRQ                               build/stm32l4xx_hal_cortex.o
HAL_NVIC_EnableIRQ                                build/stm32l4xx_hal_cortex.o
HAL_NVIC_GetActive                                build/stm32l4xx_hal_cortex.o
HAL_NVIC_GetPendingIRQ                            build/stm32l4xx_hal_cortex.o
HAL_NVIC_GetPriority                              build/stm32l4xx_hal_cortex.o
HAL_NVIC_GetPriorityGrouping                      build/stm32l4xx_hal_cortex.o
HAL_NVIC_SetPendingIRQ                            build/stm32l4xx_hal_cortex.o
HAL_NVIC_SetPriority                              build/stm32l4xx_hal_cortex.o
                                                  build/stm32l4xx_hal.o
HAL_NVIC_SetPriorityGrouping                      build/stm32l4xx_hal_cortex.o
                                                  build/stm32l4xx_hal.o
HAL_NVIC_SystemReset                              build/stm32l4xx_hal_cortex.o
HAL_PWREx_ConfigPVM                               build/stm32l4xx_hal_pwr_ex.o
HAL_PWREx_ControlVoltageScaling                   build/stm32l4xx_hal_pwr_ex.o
                                                  build/main.o
HAL_PWREx_DisableBatteryCharging                  build/stm32l4xx_hal_pwr_ex.o
HAL_PWREx_DisableGPIOPullDown                     build/stm32l4xx_hal_pwr_ex.o
HAL_PWREx_DisableGPIOPullUp                       build/stm32l4xx_hal_pwr_ex.o
HAL_PWREx_DisableInternalWakeUpLine               build/stm32l4xx_hal_pwr_ex.o
HAL_PWREx_DisableLowPowerRunMode                  build/stm32l4xx_hal_pwr_ex.o
                                                  build/stm32l4xx_hal_pwr.o
HAL_PWREx_DisablePVM1                             build/stm32l4xx_hal_pwr_ex.o
HAL_PWREx_DisablePVM3                             build/stm32l4xx_hal_pwr_ex.o
HAL_PWREx_DisablePVM4                             build/stm32l4xx_hal_pwr_ex.o
HAL_PWREx_DisablePullUpPullDownConfig             build/stm32l4xx_hal_pwr_ex.o
HAL_PWREx_DisableSRAM2ContentRetention            build/stm32l4xx_hal_pwr_ex.o
HAL_PWREx_DisableVddUSB                           build/stm32l4xx_hal_pwr_ex.o
HAL_PWREx_EnableBatteryCharging                   build/stm32l4xx_hal_pwr_ex.o
HAL_PWREx_EnableGPIOPullDown                      build/stm32l4xx_hal_pwr_ex.o
HAL_PWREx_EnableGPIOPullUp                        build/stm32l4xx_hal_pwr_ex.o
HAL_PWREx_EnableInternalWakeUpLine                build/stm32l4xx_hal_pwr_ex.o
HAL_PWREx_EnableLowPowerRunMode                   build/stm32l4xx_hal_pwr_ex.o
                                                  build/stm32l4xx_hal_pwr.o
HAL_PWREx_EnablePVM1                              build/stm32l4xx_hal_pwr_ex.o
HAL_PWREx_EnablePVM3                              build/stm32l4xx_hal_pwr_ex.o
HAL_PWREx_EnablePVM4                              build/stm32l4xx_hal_pwr_ex.o
HAL_PWREx_EnablePullUpPullDownConfig              build/stm32l4xx_hal_pwr_ex.o
HAL_PWREx_EnableSRAM2ContentRetention             build/stm32l4xx_hal_pwr_ex.o
HAL_PWREx_EnableVddUSB                            build/stm32l4xx_hal_pwr_ex.o
HAL_PWREx_EnterSHUTDOWNMode                       build/stm32l4xx_hal_pwr_ex.o
HAL_PWREx_EnterSTOP0Mode                          build/stm32l4xx_hal_pwr_ex.o
                                                  build/stm32l4xx_hal_pwr.o
HAL_PWREx_EnterSTOP1Mode                          build/stm32l4xx_hal_pwr_ex.o
                                                  build/stm32l4xx_hal_pwr.o
HAL_PWREx_EnterSTOP2Mode                          build/stm32l4xx_hal_pwr_ex.o
HAL_PWREx_GetVoltageRange                         build/stm32l4xx_hal_pwr_ex.o
                                                  build/stm32l4xx_hal_rcc.o
HAL_PWREx_PVD_PVM_IRQHandler                      build/stm32l4xx_hal_pwr_ex.o
HAL_PWREx_PVM1Callback                            build/stm32l4xx_hal_pwr_ex.o
HAL_PWREx_PVM3Callback                            build/stm32l4xx_hal_pwr_ex.o
HAL_PWREx_PVM4Callback                            build/stm32l4xx_hal_pwr_ex.o
HAL_PWREx_SetSRAM2ContentRetention                build/stm32l4xx_hal_pwr_ex.o
HAL_PWR_ConfigPVD                                 build/stm32l4xx_hal_pwr.o
HAL_PWR_DeInit                                    build/stm32l4xx_hal_pwr.o
HAL_PWR_DisableBkUpAccess                         build/stm32l4xx_hal_pwr.o
                                                  build/stm32l4xx_hal_rcc_ex.o
HAL_PWR_DisablePVD                                build/stm32l4xx_hal_pwr.o
HAL_PWR_DisableSEVOnPend                          build/stm32l4xx_hal_pwr.o
HAL_PWR_DisableSleepOnExit                        build/stm32l4xx_hal_pwr.o
HAL_PWR_DisableWakeUpPin                          build/stm32l4xx_hal_pwr.o
HAL_PWR_EnableBkUpAccess                          build/stm32l4xx_hal_pwr.o
                                                  build/stm32l4xx_hal_rcc_ex.o
                                                  build/main.o
HAL_PWR_EnablePVD                                 build/stm32l4xx_hal_pwr.o
HAL_PWR_EnableSEVOnPend                           build/stm32l4xx_hal_pwr.o
HAL_PWR_EnableSleepOnExit                         build/stm32l4xx_hal_pwr.o
HAL_PWR_EnableWakeUpPin                           build/stm32l4xx_hal_pwr.o
HAL_PWR_EnterSLEEPMode                            build/stm32l4xx_hal_pwr.o
HAL_PWR_EnterSTANDBYMode                          build/stm32l4xx_hal_pwr.o
HAL_PWR_EnterSTOPMode                             build/stm32l4xx_hal_pwr.o
HAL_PWR_PVDCallback                               build/stm32l4xx_hal_pwr.o
                                                  build/stm32l4xx_hal_pwr_ex.o
HAL_RCCEx_CRSConfig                               build/stm32l4xx_hal_rcc_ex.o
HAL_RCCEx_CRSGetSynchronizationInfo               build/stm32l4xx_hal_rcc_ex.o
HAL_RCCEx_CRSSoftwareSynchronizationGenerate      build/stm32l4xx_hal_rcc_ex.o
HAL_RCCEx_CRSWaitSynchronization                  build/stm32l4xx_hal_rcc_ex.o
HAL_RCCEx_CRS_ErrorCallback                       build/stm32l4xx_hal_rcc_ex.o
HAL_RCCEx_CRS_ExpectedSyncCallback                build/stm32l4xx_hal_rcc_ex.o
HAL_RCCEx_CRS_IRQHandler                          build/stm32l4xx_hal_rcc_ex.o
HAL_RCCEx_CRS_SyncOkCallback                      build/stm32l4xx_hal_rcc_ex.o
HAL_RCCEx_CRS_SyncWarnCallback                    build/stm32l4xx_hal_rcc_ex.o
HAL_RCCEx_DisableLSCO                             build/stm32l4xx_hal_rcc_ex.o
HAL_RCCEx_DisableLSECSS                           build/stm32l4xx_hal_rcc_ex.o
HAL_RCCEx_DisableMSIPLLMode                       build/stm32l4xx_hal_rcc_ex.o
HAL_RCCEx_DisablePLLSAI1                          build/stm32l4xx_hal_rcc_ex.o
HAL_RCCEx_EnableLSCO                              build/stm32l4xx_hal_rcc_ex.o
HAL_RCCEx_EnableLSECSS                            build/stm32l4xx_hal_rcc_ex.o
HAL_RCCEx_EnableLSECSS_IT                         build/stm32l4xx_hal_rcc_ex.o
HAL_RCCEx_EnableMSIPLLMode                        build/stm32l4xx_hal_rcc_ex.o
                                                  build/main.o
HAL_RCCEx_EnablePLLSAI1                           build/stm32l4xx_hal_rcc_ex.o
HAL_RCCEx_GetPeriphCLKConfig                      build/stm32l4xx_hal_rcc_ex.o
HAL_RCCEx_GetPeriphCLKFreq                        build/stm32l4xx_hal_rcc_ex.o
HAL_RCCEx_LSECSS_Callback                         build/stm32l4xx_hal_rcc_ex.o
HAL_RCCEx_LSECSS_IRQHandler                       build/stm32l4xx_hal_rcc_ex.o
HAL_RCCEx_PeriphCLKConfig                         build/stm32l4xx_hal_rcc_ex.o
                                                  build/stm32l4xx_hal_msp.o
HAL_RCCEx_StandbyMSIRangeConfig                   build/stm32l4xx_hal_rcc_ex.o
HAL_RCCEx_WakeUpStopCLKConfig                     build/stm32l4xx_hal_rcc_ex.o
HAL_RCC_CSSCallback                               build/stm32l4xx_hal_rcc.o
HAL_RCC_ClockConfig                               build/stm32l4xx_hal_rcc.o
                                                  build/main.o
HAL_RCC_DeInit                                    build/stm32l4xx_hal_rcc.o
HAL_RCC_EnableCSS                                 build/stm32l4xx_hal_rcc.o
HAL_RCC_GetClockConfig                            build/stm32l4xx_hal_rcc.o
HAL_RCC_GetHCLKFreq                               build/stm32l4xx_hal_rcc.o
HAL_RCC_GetOscConfig                              build/stm32l4xx_hal_rcc.o
HAL_RCC_GetPCLK1Freq                              build/stm32l4xx_hal_rcc.o
                                                  build/stm32l4xx_hal_uart.o
                                                  build/stm32l4xx_hal_rcc_ex.o
HAL_RCC_GetPCLK2Freq                              build/stm32l4xx_hal_rcc.o
                                                  build/stm32l4xx_hal_uart.o
                                                  build/stm32l4xx_hal_rcc_ex.o
HAL_RCC_GetSysClockFreq                           build/stm32l4xx_hal_rcc.o
                                                  build/stm32l4xx_hal_uart.o
                                                  build/stm32l4xx_hal_rcc_ex.o
HAL_RCC_MCOConfig                                 build/stm32l4xx_hal_rcc.o
                                                  build/main.o
HAL_RCC_NMI_IRQHandler                            build/stm32l4xx_hal_rcc.o
HAL_RCC_OscConfig                                 build/stm32l4xx_hal_rcc.o
                                                  build/main.o
HAL_RS485Ex_Init                                  build/stm32l4xx_hal_uart_ex.o
HAL_ResumeTick                                    build/stm32l4xx_hal.o
HAL_SYSCFG_DisableIOAnalogSwitchBooster           build/stm32l4xx_hal.o
HAL_SYSCFG_DisableMemorySwappingBank              build/stm32l4xx_hal.o
HAL_SYSCFG_EnableIOAnalogSwitchBooster            build/stm32l4xx_hal.o
HAL_SYSCFG_EnableMemorySwappingBank               build/stm32l4xx_hal.o
HAL_SYSCFG_SRAM2Erase                             build/stm32l4xx_hal.o
HAL_SYSTICK_CLKSourceConfig                       build/stm32l4xx_hal_cortex.o
HAL_SYSTICK_Callback                              build/stm32l4xx_hal_cortex.o
HAL_SYSTICK_Config                                build/stm32l4xx_hal_cortex.o
                                                  build/stm32l4xx_hal.o
HAL_SYSTICK_IRQHandler                            build/stm32l4xx_hal_cortex.o
HAL_SetTickFreq                                   build/stm32l4xx_hal.o
HAL_SuspendTick                                   build/stm32l4xx_hal.o
HAL_TIMEx_Break2Callback                          build/stm32l4xx_hal_tim_ex.o
                                                  build/stm32l4xx_hal_tim.o
HAL_TIMEx_BreakCallback                           build/stm32l4xx_hal_tim_ex.o
                                                  build/stm32l4xx_hal_tim.o
HAL_TIMEx_CommutCallback                          build/stm32l4xx_hal_tim_ex.o
                                                  build/stm32l4xx_hal_tim.o
HAL_TIMEx_CommutHalfCpltCallback                  build/stm32l4xx_hal_tim_ex.o
HAL_TIMEx_ConfigBreakDeadTime                     build/stm32l4xx_hal_tim_ex.o
HAL_TIMEx_ConfigBreakInput                        build/stm32l4xx_hal_tim_ex.o
HAL_TIMEx_ConfigCommutEvent                       build/stm32l4xx_hal_tim_ex.o
HAL_TIMEx_ConfigCommutEvent_DMA                   build/stm32l4xx_hal_tim_ex.o
HAL_TIMEx_ConfigCommutEvent_IT                    build/stm32l4xx_hal_tim_ex.o
HAL_TIMEx_GetChannelNState                        build/stm32l4xx_hal_tim_ex.o
HAL_TIMEx_GroupChannel5                           build/stm32l4xx_hal_tim_ex.o
HAL_TIMEx_HallSensor_DeInit                       build/stm32l4xx_hal_tim_ex.o
HAL_TIMEx_HallSensor_GetState                     build/stm32l4xx_hal_tim_ex.o
HAL_TIMEx_HallSensor_Init                         build/stm32l4xx_hal_tim_ex.o
HAL_TIMEx_HallSensor_MspDeInit                    build/stm32l4xx_hal_tim_ex.o
HAL_TIMEx_HallSensor_MspInit                      build/stm32l4xx_hal_tim_ex.o
HAL_TIMEx_HallSensor_Start                        build/stm32l4xx_hal_tim_ex.o
HAL_TIMEx_HallSensor_Start_DMA                    build/stm32l4xx_hal_tim_ex.o
HAL_TIMEx_HallSensor_Start_IT                     build/stm32l4xx_hal_tim_ex.o
HAL_TIMEx_HallSensor_Stop                         build/stm32l4xx_hal_tim_ex.o
HAL_TIMEx_HallSensor_Stop_DMA                     build/stm32l4xx_hal_tim_ex.o
HAL_TIMEx_HallSensor_Stop_IT                      build/stm32l4xx_hal_tim_ex.o
HAL_TIMEx_MasterConfigSynchronization             build/stm32l4xx_hal_tim_ex.o
                                                  build/main.o
HAL_TIMEx_OCN_Start                               build/stm32l4xx_hal_tim_ex.o
HAL_TIMEx_OCN_Start_DMA                           build/stm32l4xx_hal_tim_ex.o
HAL_TIMEx_OCN_Start_IT                            build/stm32l4xx_hal_tim_ex.o
HAL_TIMEx_OCN_Stop                                build/stm32l4xx_hal_tim_ex.o
HAL_TIMEx_OCN_Stop_DMA                            build/stm32l4xx_hal_tim_ex.o
HAL_TIMEx_OCN_Stop_IT                             build/stm32l4xx_hal_tim_ex.o
HAL_TIMEx_OnePulseN_Start                         build/stm32l4xx_hal_tim_ex.o
HAL_TIMEx_OnePulseN_Start_IT                      build/stm32l4xx_hal_tim_ex.o
HAL_TIMEx_OnePulseN_Stop                          build/stm32l4xx_hal_tim_ex.o
HAL_TIMEx_OnePulseN_Stop_IT                       build/stm32l4xx_hal_tim_ex.o
HAL_TIMEx_PWMN_Start                              build/stm32l4xx_hal_tim_ex.o
HAL_TIMEx_PWMN_Start_DMA                          build/stm32l4xx_hal_tim_ex.o
HAL_TIMEx_PWMN_Start_IT                           build/stm32l4xx_hal_tim_ex.o
HAL_TIMEx_PWMN_Stop                               build/stm32l4xx_hal_tim_ex.o
HAL_TIMEx_PWMN_Stop_DMA                           build/stm32l4xx_hal_tim_ex.o
HAL_TIMEx_PWMN_Stop_IT                            build/stm32l4xx_hal_tim_ex.o
HAL_TIMEx_RemapConfig                             build/stm32l4xx_hal_tim_ex.o
HAL_TIM_Base_DeInit                               build/stm32l4xx_hal_tim.o
HAL_TIM_Base_GetState                             build/stm32l4xx_hal_tim.o
HAL_TIM_Base_Init                                 build/stm32l4xx_hal_tim.o
                                                  build/main.o
HAL_TIM_Base_MspDeInit                            build/stm32l4xx_hal_msp.o
HAL_TIM_Base_MspInit                              build/stm32l4xx_hal_msp.o
HAL_TIM_Base_Start                                build/stm32l4xx_hal_tim.o
HAL_TIM_Base_Start_DMA                            build/stm32l4xx_hal_tim.o
HAL_TIM_Base_Start_IT                             build/stm32l4xx_hal_tim.o
HAL_TIM_Base_Stop                                 build/stm32l4xx_hal_tim.o
HAL_TIM_Base_Stop_DMA                             build/stm32l4xx_hal_tim.o
HAL_TIM_Base_Stop_IT                              build/stm32l4xx_hal_tim.o
HAL_TIM_ConfigClockSource                         build/stm32l4xx_hal_tim.o
                                                  build/main.o
HAL_TIM_ConfigOCrefClear                          build/stm32l4xx_hal_tim.o
HAL_TIM_ConfigTI1Input                            build/stm32l4xx_hal_tim.o
HAL_TIM_DMABurstState                             build/stm32l4xx_hal_tim.o
HAL_TIM_DMABurst_MultiReadStart                   build/stm32l4xx_hal_tim.o
HAL_TIM_DMABurst_MultiWriteStart                  build/stm32l4xx_hal_tim.o
HAL_TIM_DMABurst_ReadStart                        build/stm32l4xx_hal_tim.o
HAL_TIM_DMABurst_ReadStop                         build/stm32l4xx_hal_tim.o
HAL_TIM_DMABurst_WriteStart                       build/stm32l4xx_hal_tim.o
HAL_TIM_DMABurst_WriteStop                        build/stm32l4xx_hal_tim.o
HAL_TIM_Encoder_DeInit                            build/stm32l4xx_hal_tim.o
HAL_TIM_Encoder_GetState                          build/stm32l4xx_hal_tim.o
HAL_TIM_Encoder_Init                              build/stm32l4xx_hal_tim.o
HAL_TIM_Encoder_MspDeInit                         build/stm32l4xx_hal_tim.o
HAL_TIM_Encoder_MspInit                           build/stm32l4xx_hal_tim.o
HAL_TIM_Encoder_Start                             build/stm32l4xx_hal_tim.o
HAL_TIM_Encoder_Start_DMA                         build/stm32l4xx_hal_tim.o
HAL_TIM_Encoder_Start_IT                          build/stm32l4xx_hal_tim.o
HAL_TIM_Encoder_Stop                              build/stm32l4xx_hal_tim.o
HAL_TIM_Encoder_Stop_DMA                          build/stm32l4xx_hal_tim.o
HAL_TIM_Encoder_Stop_IT                           build/stm32l4xx_hal_tim.o
HAL_TIM_ErrorCallback                             build/stm32l4xx_hal_tim.o
                                                  build/stm32l4xx_hal_tim_ex.o
HAL_TIM_GenerateEvent                             build/stm32l4xx_hal_tim.o
HAL_TIM_GetActiveChannel                          build/stm32l4xx_hal_tim.o
HAL_TIM_GetChannelState                           build/stm32l4xx_hal_tim.o
HAL_TIM_IC_CaptureCallback                        build/stm32l4xx_hal_tim.o
HAL_TIM_IC_CaptureHalfCpltCallback                build/stm32l4xx_hal_tim.o
HAL_TIM_IC_ConfigChannel                          build/stm32l4xx_hal_tim.o
HAL_TIM_IC_DeInit                                 build/stm32l4xx_hal_tim.o
HAL_TIM_IC_GetState                               build/stm32l4xx_hal_tim.o
HAL_TIM_IC_Init                                   build/stm32l4xx_hal_tim.o
HAL_TIM_IC_MspDeInit                              build/stm32l4xx_hal_tim.o
HAL_TIM_IC_MspInit                                build/stm32l4xx_hal_tim.o
HAL_TIM_IC_Start                                  build/stm32l4xx_hal_tim.o
HAL_TIM_IC_Start_DMA                              build/stm32l4xx_hal_tim.o
HAL_TIM_IC_Start_IT                               build/stm32l4xx_hal_tim.o
HAL_TIM_IC_Stop                                   build/stm32l4xx_hal_tim.o
HAL_TIM_IC_Stop_DMA                               build/stm32l4xx_hal_tim.o
HAL_TIM_IC_Stop_IT                                build/stm32l4xx_hal_tim.o
HAL_TIM_IRQHandler                                build/stm32l4xx_hal_tim.o
HAL_TIM_MspPostInit                               build/stm32l4xx_hal_msp.o
                                                  build/main.o
HAL_TIM_OC_ConfigChannel                          build/stm32l4xx_hal_tim.o
HAL_TIM_OC_DeInit                                 build/stm32l4xx_hal_tim.o
HAL_TIM_OC_DelayElapsedCallback                   build/stm32l4xx_hal_tim.o
HAL_TIM_OC_GetState                               build/stm32l4xx_hal_tim.o
HAL_TIM_OC_Init                                   build/stm32l4xx_hal_tim.o
HAL_TIM_OC_MspDeInit                              build/stm32l4xx_hal_tim.o
HAL_TIM_OC_MspInit                                build/stm32l4xx_hal_tim.o
HAL_TIM_OC_Start                                  build/stm32l4xx_hal_tim.o
HAL_TIM_OC_Start_DMA                              build/stm32l4xx_hal_tim.o
HAL_TIM_OC_Start_IT                               build/stm32l4xx_hal_tim.o
HAL_TIM_OC_Stop                                   build/stm32l4xx_hal_tim.o
HAL_TIM_OC_Stop_DMA                               build/stm32l4xx_hal_tim.o
HAL_TIM_OC_Stop_IT                                build/stm32l4xx_hal_tim.o
HAL_TIM_OnePulse_ConfigChannel                    build/stm32l4xx_hal_tim.o
HAL_TIM_OnePulse_DeInit                           build/stm32l4xx_hal_tim.o
HAL_TIM_OnePulse_GetState                         build/stm32l4xx_hal_tim.o
HAL_TIM_OnePulse_Init                             build/stm32l4xx_hal_tim.o
HAL_TIM_OnePulse_MspDeInit                        build/stm32l4xx_hal_tim.o
HAL_TIM_OnePulse_MspInit                          build/stm32l4xx_hal_tim.o
HAL_TIM_OnePulse_Start                            build/stm32l4xx_hal_tim.o
HAL_TIM_OnePulse_Start_IT                         build/stm32l4xx_hal_tim.o
HAL_TIM_OnePulse_Stop                             build/stm32l4xx_hal_tim.o
HAL_TIM_OnePulse_Stop_IT                          build/stm32l4xx_hal_tim.o
HAL_TIM_PWM_ConfigChannel                         build/stm32l4xx_hal_tim.o
                                                  build/main.o
HAL_TIM_PWM_DeInit                                build/stm32l4xx_hal_tim.o
HAL_TIM_PWM_GetState                              build/stm32l4xx_hal_tim.o
HAL_TIM_PWM_Init                                  build/stm32l4xx_hal_tim.o
                                                  build/main.o
HAL_TIM_PWM_MspDeInit                             build/stm32l4xx_hal_tim.o
HAL_TIM_PWM_MspInit                               build/stm32l4xx_hal_tim.o
HAL_TIM_PWM_PulseFinishedCallback                 build/stm32l4xx_hal_tim.o
                                                  build/stm32l4xx_hal_tim_ex.o
HAL_TIM_PWM_PulseFinishedHalfCpltCallback         build/stm32l4xx_hal_tim.o
HAL_TIM_PWM_Start                                 build/stm32l4xx_hal_tim.o
                                                  build/main.o
HAL_TIM_PWM_Start_DMA                             build/stm32l4xx_hal_tim.o
HAL_TIM_PWM_Start_IT                              build/stm32l4xx_hal_tim.o
HAL_TIM_PWM_Stop                                  build/stm32l4xx_hal_tim.o
HAL_TIM_PWM_Stop_DMA                              build/stm32l4xx_hal_tim.o
HAL_TIM_PWM_Stop_IT                               build/stm32l4xx_hal_tim.o
HAL_TIM_PeriodElapsedCallback                     build/stm32l4xx_hal_tim.o
HAL_TIM_PeriodElapsedHalfCpltCallback             build/stm32l4xx_hal_tim.o
HAL_TIM_ReadCapturedValue                         build/stm32l4xx_hal_tim.o
HAL_TIM_SlaveConfigSynchro                        build/stm32l4xx_hal_tim.o
HAL_TIM_SlaveConfigSynchro_IT                     build/stm32l4xx_hal_tim.o
HAL_TIM_TriggerCallback                           build/stm32l4xx_hal_tim.o
HAL_TIM_TriggerHalfCpltCallback                   build/stm32l4xx_hal_tim.o
HAL_UARTEx_DisableClockStopMode                   build/stm32l4xx_hal_uart_ex.o
HAL_UARTEx_DisableStopMode                        build/stm32l4xx_hal_uart_ex.o
HAL_UARTEx_EnableClockStopMode                    build/stm32l4xx_hal_uart_ex.o
HAL_UARTEx_EnableStopMode                         build/stm32l4xx_hal_uart_ex.o
HAL_UARTEx_ReceiveToIdle                          build/stm32l4xx_hal_uart_ex.o
HAL_UARTEx_ReceiveToIdle_DMA                      build/stm32l4xx_hal_uart_ex.o
HAL_UARTEx_ReceiveToIdle_IT                       build/stm32l4xx_hal_uart_ex.o
HAL_UARTEx_RxEventCallback                        build/stm32l4xx_hal_uart.o
HAL_UARTEx_StopModeWakeUpSourceConfig             build/stm32l4xx_hal_uart_ex.o
HAL_UARTEx_WakeupCallback                         build/stm32l4xx_hal_uart_ex.o
                                                  build/stm32l4xx_hal_uart.o
HAL_UART_Abort                                    build/stm32l4xx_hal_uart.o
HAL_UART_AbortCpltCallback                        build/stm32l4xx_hal_uart.o
HAL_UART_AbortReceive                             build/stm32l4xx_hal_uart.o
HAL_UART_AbortReceiveCpltCallback                 build/stm32l4xx_hal_uart.o
HAL_UART_AbortReceive_IT                          build/stm32l4xx_hal_uart.o
HAL_UART_AbortTransmit                            build/stm32l4xx_hal_uart.o
HAL_UART_AbortTransmitCpltCallback                build/stm32l4xx_hal_uart.o
HAL_UART_AbortTransmit_IT                         build/stm32l4xx_hal_uart.o
HAL_UART_Abort_IT                                 build/stm32l4xx_hal_uart.o
HAL_UART_DMAPause                                 build/stm32l4xx_hal_uart.o
HAL_UART_DMAResume                                build/stm32l4xx_hal_uart.o
HAL_UART_DMAStop                                  build/stm32l4xx_hal_uart.o
HAL_UART_DeInit                                   build/stm32l4xx_hal_uart.o
HAL_UART_DisableReceiverTimeout                   build/stm32l4xx_hal_uart.o
HAL_UART_EnableReceiverTimeout                    build/stm32l4xx_hal_uart.o
HAL_UART_ErrorCallback                            build/stm32l4xx_hal_uart.o
HAL_UART_GetError                                 build/stm32l4xx_hal_uart.o
HAL_UART_GetState                                 build/stm32l4xx_hal_uart.o
HAL_UART_IRQHandler                               build/stm32l4xx_hal_uart.o
HAL_UART_Init                                     build/stm32l4xx_hal_uart.o
                                                  build/main.o
HAL_UART_MspDeInit                                build/stm32l4xx_hal_msp.o
HAL_UART_MspInit                                  build/stm32l4xx_hal_msp.o
                                                  build/stm32l4xx_hal_uart_ex.o
HAL_UART_Receive                                  build/stm32l4xx_hal_uart.o
HAL_UART_Receive_DMA                              build/stm32l4xx_hal_uart.o
HAL_UART_Receive_IT                               build/stm32l4xx_hal_uart.o
HAL_UART_ReceiverTimeout_Config                   build/stm32l4xx_hal_uart.o
HAL_UART_RxCpltCallback                           build/stm32l4xx_hal_uart.o
HAL_UART_RxHalfCpltCallback                       build/stm32l4xx_hal_uart.o
HAL_UART_Transmit                                 build/stm32l4xx_hal_uart.o
HAL_UART_Transmit_DMA                             build/stm32l4xx_hal_uart.o
HAL_UART_Transmit_IT                              build/stm32l4xx_hal_uart.o
HAL_UART_TxCpltCallback                           build/stm32l4xx_hal_uart.o
HAL_UART_TxHalfCpltCallback                       build/stm32l4xx_hal_uart.o
HardFault_Handler                                 build/stm32l4xx_it.o
I2C1_ER_IRQHandler                                build/startup_stm32l432xx.o
I2C1_EV_IRQHandler                                build/startup_stm32l432xx.o
I2C3_ER_IRQHandler                                build/startup_stm32l432xx.o
I2C3_EV_IRQHandler                                build/startup_stm32l432xx.o
LPTIM1_IRQHandler                                 build/startup_stm32l432xx.o
LPTIM2_IRQHandler                                 build/startup_stm32l432xx.o
LPUART1_IRQHandler                                build/startup_stm32l432xx.o
MSIRangeTable                                     build/system_stm32l4xx.o
                                                  build/stm32l4xx_hal_rcc_ex.o
                                                  build/stm32l4xx_hal_rcc.o
MemManage_Handler                                 build/stm32l4xx_it.o
NMI_Handler                                       build/stm32l4xx_it.o
PVD_PVM_IRQHandler                                build/startup_stm32l432xx.o
PendSV_Handler                                    build/stm32l4xx_it.o
QUADSPI_IRQHandler                                build/startup_stm32l432xx.o
RCC_IRQHandler                                    build/startup_stm32l432xx.o
RNG_IRQHandler                                    build/startup_stm32l432xx.o
RTC_Alarm_IRQHandler                              build/startup_stm32l432xx.o
RTC_WKUP_IRQHandler                               build/startup_stm32l432xx.o
Reset_Handler                                     build/startup_stm32l432xx.o
SAI1_IRQHandler                                   build/startup_stm32l432xx.o
SPI1_IRQHandler                                   build/startup_stm32l432xx.o
SPI3_IRQHandler                                   build/startup_stm32l432xx.o
SVC_Handler                                       build/stm32l4xx_it.o
SWPMI1_IRQHandler                                 build/startup_stm32l432xx.o
SysTick_Handler                                   build/stm32l4xx_it.o
SystemClock_Config                                build/main.o
SystemCoreClock                                   build/system_stm32l4xx.o
                                                  build/stm32l4xx_hal_pwr_ex.o
                                                  build/stm32l4xx_hal_rcc.o
                                                  build/stm32l4xx_hal.o
SystemCoreClockUpdate                             build/system_stm32l4xx.o
SystemInit                                        build/system_stm32l4xx.o
                                                  build/startup_stm32l432xx.o
TAMP_STAMP_IRQHandler                             build/startup_stm32l432xx.o
TIM1_BRK_TIM15_IRQHandler                         build/startup_stm32l432xx.o
TIM1_CC_IRQHandler                                build/startup_stm32l432xx.o
TIM1_TRG_COM_IRQHandler                           build/startup_stm32l432xx.o
TIM1_UP_TIM16_IRQHandler                          build/startup_stm32l432xx.o
TIM2_IRQHandler                                   build/startup_stm32l432xx.o
TIM6_DAC_IRQHandler                               build/startup_stm32l432xx.o
TIM7_IRQHandler                                   build/startup_stm32l432xx.o
TIMEx_DMACommutationCplt                          build/stm32l4xx_hal_tim_ex.o
                                                  build/stm32l4xx_hal_tim.o
TIMEx_DMACommutationHalfCplt                      build/stm32l4xx_hal_tim_ex.o
                                                  build/stm32l4xx_hal_tim.o
TIM_Base_SetConfig                                build/stm32l4xx_hal_tim.o
                                                  build/stm32l4xx_hal_tim_ex.o
TIM_CCxChannelCmd                                 build/stm32l4xx_hal_tim.o
                                                  build/stm32l4xx_hal_tim_ex.o
TIM_DMACaptureCplt                                build/stm32l4xx_hal_tim.o
                                                  build/stm32l4xx_hal_tim_ex.o
TIM_DMACaptureHalfCplt                            build/stm32l4xx_hal_tim.o
                                                  build/stm32l4xx_hal_tim_ex.o
TIM_DMADelayPulseHalfCplt                         build/stm32l4xx_hal_tim.o
                                                  build/stm32l4xx_hal_tim_ex.o
TIM_DMAError                                      build/stm32l4xx_hal_tim.o
                                                  build/stm32l4xx_hal_tim_ex.o
TIM_ETR_SetConfig                                 build/stm32l4xx_hal_tim.o
TIM_OC2_SetConfig                                 build/stm32l4xx_hal_tim.o
                                                  build/stm32l4xx_hal_tim_ex.o
TIM_TI1_SetConfig                                 build/stm32l4xx_hal_tim.o
                                                  build/stm32l4xx_hal_tim_ex.o
TSC_IRQHandler                                    build/startup_stm32l432xx.o
UART_AdvFeatureConfig                             build/stm32l4xx_hal_uart.o
                                                  build/stm32l4xx_hal_uart_ex.o
UART_CheckIdleState                               build/stm32l4xx_hal_uart.o
                                                  build/stm32l4xx_hal_uart_ex.o
UART_SetConfig                                    build/stm32l4xx_hal_uart.o
                                                  build/stm32l4xx_hal_uart_ex.o
UART_Start_Receive_DMA                            build/stm32l4xx_hal_uart.o
                                                  build/stm32l4xx_hal_uart_ex.o
UART_Start_Receive_IT                             build/stm32l4xx_hal_uart.o
                                                  build/stm32l4xx_hal_uart_ex.o
UART_WaitOnFlagUntilTimeout                       build/stm32l4xx_hal_uart.o
                                                  build/stm32l4xx_hal_uart_ex.o
USART1_IRQHandler                                 build/startup_stm32l432xx.o
USART2_IRQHandler                                 build/startup_stm32l432xx.o
USB_IRQHandler                                    build/startup_stm32l432xx.o
UsageFault_Handler                                build/stm32l4xx_it.o
WWDG_IRQHandler                                   build/startup_stm32l432xx.o
_ITM_deregisterTMCloneTable                       /usr/lib/gcc/arm-none-eabi/9.2.1/thumb/v7e-m+fp/hard/crtbegin.o
_ITM_registerTMCloneTable                         /usr/lib/gcc/arm-none-eabi/9.2.1/thumb/v7e-m+fp/hard/crtbegin.o
__TMC_END__                                       /usr/lib/gcc/arm-none-eabi/9.2.1/thumb/v7e-m+fp/hard/crtend.o
                                                  /usr/lib/gcc/arm-none-eabi/9.2.1/thumb/v7e-m+fp/hard/crtbegin.o
__aeabi_idiv0                                     /usr/lib/gcc/arm-none-eabi/9.2.1/thumb/v7e-m+fp/hard/libgcc.a(_dvmd_tls.o)
__aeabi_ldiv0                                     /usr/lib/gcc/arm-none-eabi/9.2.1/thumb/v7e-m+fp/hard/libgcc.a(_dvmd_tls.o)
                                                  /usr/lib/gcc/arm-none-eabi/9.2.1/thumb/v7e-m+fp/hard/libgcc.a(_aeabi_uldivmod.o)
__aeabi_uldivmod                                  /usr/lib/gcc/arm-none-eabi/9.2.1/thumb/v7e-m+fp/hard/libgcc.a(_aeabi_uldivmod.o)
                                                  build/stm32l4xx_hal_uart.o